Archive member included to satisfy reference by file (symbol)

/home/arashamf/soft/ARM_toolchains/gcc-arm-none-eabi-10.3-2021.10/bin/../lib/gcc/arm-none-eabi/10.3.1/../../../../arm-none-eabi/lib/thumb/v7-m/nofp/libc_nano.a(lib_a-assert.o)
                              build/time64.o (__assert_func)
/home/arashamf/soft/ARM_toolchains/gcc-arm-none-eabi-10.3-2021.10/bin/../lib/gcc/arm-none-eabi/10.3.1/../../../../arm-none-eabi/lib/thumb/v7-m/nofp/libc_nano.a(lib_a-errno.o)
                              build/time64.o (__errno)
/home/arashamf/soft/ARM_toolchains/gcc-arm-none-eabi-10.3-2021.10/bin/../lib/gcc/arm-none-eabi/10.3.1/../../../../arm-none-eabi/lib/thumb/v7-m/nofp/libc_nano.a(lib_a-exit.o)
                              /home/arashamf/soft/ARM_toolchains/gcc-arm-none-eabi-10.3-2021.10/bin/../lib/gcc/arm-none-eabi/10.3.1/../../../../arm-none-eabi/lib/thumb/v7-m/nofp/crt0.o (exit)
/home/arashamf/soft/ARM_toolchains/gcc-arm-none-eabi-10.3-2021.10/bin/../lib/gcc/arm-none-eabi/10.3.1/../../../../arm-none-eabi/lib/thumb/v7-m/nofp/libc_nano.a(lib_a-fprintf.o)
                              /home/arashamf/soft/ARM_toolchains/gcc-arm-none-eabi-10.3-2021.10/bin/../lib/gcc/arm-none-eabi/10.3.1/../../../../arm-none-eabi/lib/thumb/v7-m/nofp/libc_nano.a(lib_a-assert.o) (fiprintf)
/home/arashamf/soft/ARM_toolchains/gcc-arm-none-eabi-10.3-2021.10/bin/../lib/gcc/arm-none-eabi/10.3.1/../../../../arm-none-eabi/lib/thumb/v7-m/nofp/libc_nano.a(lib_a-gmtime.o)
                              build/time64.o (gmtime)
/home/arashamf/soft/ARM_toolchains/gcc-arm-none-eabi-10.3-2021.10/bin/../lib/gcc/arm-none-eabi/10.3.1/../../../../arm-none-eabi/lib/thumb/v7-m/nofp/libc_nano.a(lib_a-gmtime_r.o)
                              /home/arashamf/soft/ARM_toolchains/gcc-arm-none-eabi-10.3-2021.10/bin/../lib/gcc/arm-none-eabi/10.3.1/../../../../arm-none-eabi/lib/thumb/v7-m/nofp/libc_nano.a(lib_a-gmtime.o) (gmtime_r)
/home/arashamf/soft/ARM_toolchains/gcc-arm-none-eabi-10.3-2021.10/bin/../lib/gcc/arm-none-eabi/10.3.1/../../../../arm-none-eabi/lib/thumb/v7-m/nofp/libc_nano.a(lib_a-impure.o)
                              /home/arashamf/soft/ARM_toolchains/gcc-arm-none-eabi-10.3-2021.10/bin/../lib/gcc/arm-none-eabi/10.3.1/../../../../arm-none-eabi/lib/thumb/v7-m/nofp/libc_nano.a(lib_a-exit.o) (_global_impure_ptr)
/home/arashamf/soft/ARM_toolchains/gcc-arm-none-eabi-10.3-2021.10/bin/../lib/gcc/arm-none-eabi/10.3.1/../../../../arm-none-eabi/lib/thumb/v7-m/nofp/libc_nano.a(lib_a-init.o)
                              /home/arashamf/soft/ARM_toolchains/gcc-arm-none-eabi-10.3-2021.10/bin/../lib/gcc/arm-none-eabi/10.3.1/../../../../arm-none-eabi/lib/thumb/v7-m/nofp/crt0.o (__libc_init_array)
/home/arashamf/soft/ARM_toolchains/gcc-arm-none-eabi-10.3-2021.10/bin/../lib/gcc/arm-none-eabi/10.3.1/../../../../arm-none-eabi/lib/thumb/v7-m/nofp/libc_nano.a(lib_a-lcltime.o)
                              build/time64.o (localtime)
/home/arashamf/soft/ARM_toolchains/gcc-arm-none-eabi-10.3-2021.10/bin/../lib/gcc/arm-none-eabi/10.3.1/../../../../arm-none-eabi/lib/thumb/v7-m/nofp/libc_nano.a(lib_a-lcltime_r.o)
                              build/time64.o (localtime_r)
/home/arashamf/soft/ARM_toolchains/gcc-arm-none-eabi-10.3-2021.10/bin/../lib/gcc/arm-none-eabi/10.3.1/../../../../arm-none-eabi/lib/thumb/v7-m/nofp/libc_nano.a(lib_a-malloc.o)
                              /home/arashamf/soft/ARM_toolchains/gcc-arm-none-eabi-10.3-2021.10/bin/../lib/gcc/arm-none-eabi/10.3.1/../../../../arm-none-eabi/lib/thumb/v7-m/nofp/libc_nano.a(lib_a-gmtime.o) (malloc)
/home/arashamf/soft/ARM_toolchains/gcc-arm-none-eabi-10.3-2021.10/bin/../lib/gcc/arm-none-eabi/10.3.1/../../../../arm-none-eabi/lib/thumb/v7-m/nofp/libc_nano.a(lib_a-memset.o)
                              /home/arashamf/soft/ARM_toolchains/gcc-arm-none-eabi-10.3-2021.10/bin/../lib/gcc/arm-none-eabi/10.3.1/../../../../arm-none-eabi/lib/thumb/v7-m/nofp/crt0.o (memset)
/home/arashamf/soft/ARM_toolchains/gcc-arm-none-eabi-10.3-2021.10/bin/../lib/gcc/arm-none-eabi/10.3.1/../../../../arm-none-eabi/lib/thumb/v7-m/nofp/libc_nano.a(lib_a-mktime.o)
                              build/time64.o (mktime)
/home/arashamf/soft/ARM_toolchains/gcc-arm-none-eabi-10.3-2021.10/bin/../lib/gcc/arm-none-eabi/10.3.1/../../../../arm-none-eabi/lib/thumb/v7-m/nofp/libc_nano.a(lib_a-month_lengths.o)
                              /home/arashamf/soft/ARM_toolchains/gcc-arm-none-eabi-10.3-2021.10/bin/../lib/gcc/arm-none-eabi/10.3.1/../../../../arm-none-eabi/lib/thumb/v7-m/nofp/libc_nano.a(lib_a-lcltime_r.o) (__month_lengths)
/home/arashamf/soft/ARM_toolchains/gcc-arm-none-eabi-10.3-2021.10/bin/../lib/gcc/arm-none-eabi/10.3.1/../../../../arm-none-eabi/lib/thumb/v7-m/nofp/libc_nano.a(lib_a-nano-freer.o)
                              /home/arashamf/soft/ARM_toolchains/gcc-arm-none-eabi-10.3-2021.10/bin/../lib/gcc/arm-none-eabi/10.3.1/../../../../arm-none-eabi/lib/thumb/v7-m/nofp/libc_nano.a(lib_a-malloc.o) (_free_r)
[...]
Memory Configuration

Name             Origin             Length             Attributes
RAM              0x0000000020000000 0x0000000000002800 xrw
FLASH            0x0000000008000000 0x0000000000010000 xr
*default*        0x0000000000000000 0xffffffffffffffff

Linker script and memory map

LOAD /home/arashamf/soft/ARM_toolchains/gcc-arm-none-eabi-10.3-2021.10/bin/../lib/gcc/arm-none-eabi/10.3.1/thumb/v7-m/nofp/crti.o
LOAD /home/arashamf/soft/ARM_toolchains/gcc-arm-none-eabi-10.3-2021.10/bin/../lib/gcc/arm-none-eabi/10.3.1/thumb/v7-m/nofp/crtbegin.o
LOAD /home/arashamf/soft/ARM_toolchains/gcc-arm-none-eabi-10.3-2021.10/bin/../lib/gcc/arm-none-eabi/10.3.1/../../../../arm-none-eabi/lib/thumb/v7-m/nofp/crt0.o
LOAD build/time64.o
LOAD build/main.o
LOAD build/gpio.o
LOAD build/i2c.o
LOAD build/tim.o
LOAD build/LED_display.o
LOAD build/stm32l1xx_it.o
LOAD build/stm32l1xx_ll_rcc.o
LOAD build/stm32l1xx_ll_utils.o
LOAD build/stm32l1xx_ll_exti.o
LOAD build/stm32l1xx_ll_gpio.o
LOAD build/stm32l1xx_ll_dma.o
LOAD build/system_stm32l1xx.o
LOAD build/sysmem.o
LOAD build/syscalls.o
LOAD build/stm32l1xx_ll_tim.o
LOAD build/rtc.o
LOAD build/stm32l1xx_hal_msp.o
LOAD build/stm32l1xx_hal_i2c.o
LOAD build/stm32l1xx_hal.o
LOAD build/stm32l1xx_hal_rcc.o
LOAD build/stm32l1xx_hal_rcc_ex.o
LOAD build/stm32l1xx_hal_flash.o
LOAD build/stm32l1xx_hal_flash_ex.o
LOAD build/stm32l1xx_hal_flash_ramfunc.o
LOAD build/stm32l1xx_hal_gpio.o
LOAD build/stm32l1xx_hal_dma.o
LOAD build/stm32l1xx_hal_pwr.o
LOAD build/stm32l1xx_hal_pwr_ex.o
LOAD build/stm32l1xx_hal_cortex.o
LOAD build/stm32l1xx_hal_exti.o
LOAD build/stm32l1xx_hal_tim.o
LOAD build/stm32l1xx_hal_tim_ex.o
LOAD build/usart.o
LOAD build/stm32l1xx_ll_usart.o
LOAD build/startup_stm32l151xb.o
LOAD /home/arashamf/soft/ARM_toolchains/gcc-arm-none-eabi-10.3-2021.10/bin/../lib/gcc/arm-none-eabi/10.3.1/../../../../arm-none-eabi/lib/thumb/v7-m/nofp/libc_nano.a
LOAD /home/arashamf/soft/ARM_toolchains/gcc-arm-none-eabi-10.3-2021.10/bin/../lib/gcc/arm-none-eabi/10.3.1/../../../../arm-none-eabi/lib/thumb/v7-m/nofp/libm.a
LOAD /home/arashamf/soft/ARM_toolchains/gcc-arm-none-eabi-10.3-2021.10/bin/../lib/gcc/arm-none-eabi/10.3.1/../../../../arm-none-eabi/lib/thumb/v7-m/nofp/libnosys.a
START GROUP
LOAD /home/arashamf/soft/ARM_toolchains/gcc-arm-none-eabi-10.3-2021.10/bin/../lib/gcc/arm-none-eabi/10.3.1/thumb/v7-m/nofp/libgcc.a
LOAD /home/arashamf/soft/ARM_toolchains/gcc-arm-none-eabi-10.3-2021.10/bin/../lib/gcc/arm-none-eabi/10.3.1/../../../../arm-none-eabi/lib/thumb/v7-m/nofp/libc_nano.a
END GROUP
START GROUP
LOAD /home/arashamf/soft/ARM_toolchains/gcc-arm-none-eabi-10.3-2021.10/bin/../lib/gcc/arm-none-eabi/10.3.1/thumb/v7-m/nofp/libgcc.a
LOAD /home/arashamf/soft/ARM_toolchains/gcc-arm-none-eabi-10.3-2021.10/bin/../lib/gcc/arm-none-eabi/10.3.1/../../../../arm-none-eabi/lib/thumb/v7-m/nofp/libc_nano.a
END GROUP
LOAD /home/arashamf/soft/ARM_toolchains/gcc-arm-none-eabi-10.3-2021.10/bin/../lib/gcc/arm-none-eabi/10.3.1/thumb/v7-m/nofp/crtend.o
LOAD /home/arashamf/soft/ARM_toolchains/gcc-arm-none-eabi-10.3-2021.10/bin/../lib/gcc/arm-none-eabi/10.3.1/thumb/v7-m/nofp/crtn.o
                0x0000000020002800                _estack = (ORIGIN (RAM) + LENGTH (RAM))
                0x0000000000000200                _Min_Heap_Size = 0x200
                0x0000000000000400                _Min_Stack_Size = 0x400

.isr_vector     0x0000000008000000      0x13c
                0x0000000008000000                . = ALIGN (0x4)
 *(.isr_vector)
 .isr_vector    0x0000000008000000      0x13c build/startup_stm32l151xb.o
                0x0000000008000000                g_pfnVectors
                0x000000000800013c                . = ALIGN (0x4)

.text           0x000000000800013c     0x1e6c
                0x000000000800013c                . = ALIGN (0x4)
 *(.text)
 .text          0x000000000800013c       0x40 /home/arashamf/soft/ARM_toolchains/gcc-arm-none-eabi-10.3-2021.10/bin/../lib/gcc/arm-none-eabi/10.3.1/thumb/v7-m/nofp/crtbegin.o
 *(.text*)
 .text.SysTimerCallback
                0x000000000800017c       0x24 build/main.o
                0x000000000800017c                SysTimerCallback
 .text.Error_Handler
                0x00000000080001a0        0x4 build/main.o
                0x00000000080001a0                Error_Handler
 .text.SystemClock_Config
                0x00000000080001a4       0xbc build/main.o
                0x00000000080001a4                SystemClock_Config
 .text.main     0x0000000008000260       0x90 build/main.o
                0x0000000008000260                main
 .text.MX_GPIO_Init
                0x00000000080002f0      0x208 build/gpio.o
                0x00000000080002f0                MX_GPIO_Init
 .text.MX_I2C1_Init
                0x00000000080004f8       0x3c build/i2c.o
                0x00000000080004f8                MX_I2C1_Init
 .text.HAL_I2C_MspInit
                0x0000000008000534       0x68 build/i2c.o
                0x0000000008000534                HAL_I2C_MspInit
 .text.xTimer_Task
                0x000000000800059c       0x5c build/tim.o
                0x000000000800059c                xTimer_Task
 .text.Get_SysTick
                0x00000000080005f8        0xc build/tim.o
 .text.SysTimer_init
                0x0000000008000604       0x8c build/tim.o
 .text.vSysTimerCallback
                0x0000000008000690        0x8 build/tim.o
 .text.MX_TIM7_Init
                0x0000000008000698       0x5c build/tim.o
                0x0000000008000698                MX_TIM7_Init
 .text.delay_us
                0x00000000080006f4       0x30 build/tim.o
                0x00000000080006f4                delay_us
 .text.TIM6_IRQHandler
                0x0000000008000724       0x44 build/tim.o
                0x0000000008000724                TIM6_IRQHandler
 .text.xTimer_Create
                0x0000000008000768       0x68 build/tim.o
                0x0000000008000768                xTimer_Create
 .text.timers_ini
                0x00000000080007d0       0x40 build/tim.o
                0x00000000080007d0                timers_ini
 .text.reset_number
                0x0000000008000810       0x50 build/LED_display.o
                0x0000000008000810                reset_number
 .text.reset_all_number
                0x0000000008000860       0x2c build/LED_display.o
                0x0000000008000860                reset_all_number
 .text.select_number
                0x000000000800088c       0x4c build/LED_display.o
                0x000000000800088c                select_number
 .text.reset_all_digit
                0x00000000080008d8       0x38 build/LED_display.o
                0x00000000080008d8                reset_all_digit
 .text.digit_0  0x0000000008000910       0x24 build/LED_display.o
                0x0000000008000910                digit_0
 .text.digit_1  0x0000000008000934       0x10 build/LED_display.o
                0x0000000008000934                digit_1
 .text.digit_2  0x0000000008000944       0x20 build/LED_display.o
                0x0000000008000944                digit_2
 .text.digit_3  0x0000000008000964       0x20 build/LED_display.o
                0x0000000008000964                digit_3
 .text.digit_4  0x0000000008000984       0x1c build/LED_display.o
                0x0000000008000984                digit_4
 .text.digit_5  0x00000000080009a0       0x20 build/LED_display.o
                0x00000000080009a0                digit_5
 .text.digit_6  0x00000000080009c0       0x24 build/LED_display.o
                0x00000000080009c0                digit_6
 .text.digit_7  0x00000000080009e4       0x14 build/LED_display.o
                0x00000000080009e4                digit_7
 .text.digit_8  0x00000000080009f8       0x28 build/LED_display.o
                0x00000000080009f8                digit_8
 .text.digit_9  0x0000000008000a20       0x24 build/LED_display.o
                0x0000000008000a20                digit_9
 .text.select_digit
                0x0000000008000a44       0x56 build/LED_display.o
                0x0000000008000a44                select_digit
 .text.NMI_Handler
                0x0000000008000a9a        0x2 build/stm32l1xx_it.o
                0x0000000008000a9a                NMI_Handler
 .text.HardFault_Handler
                0x0000000008000a9c        0x2 build/stm32l1xx_it.o
                0x0000000008000a9c                HardFault_Handler
 .text.MemManage_Handler
                0x0000000008000a9e        0x2 build/stm32l1xx_it.o
                0x0000000008000a9e                MemManage_Handler
 .text.BusFault_Handler
                0x0000000008000aa0        0x2 build/stm32l1xx_it.o
                0x0000000008000aa0                BusFault_Handler
 .text.UsageFault_Handler
                0x0000000008000aa2        0x2 build/stm32l1xx_it.o
                0x0000000008000aa2                UsageFault_Handler
 .text.SVC_Handler
                0x0000000008000aa4        0x2 build/stm32l1xx_it.o
                0x0000000008000aa4                SVC_Handler
 .text.DebugMon_Handler
                0x0000000008000aa6        0x2 build/stm32l1xx_it.o
                0x0000000008000aa6                DebugMon_Handler
 .text.PendSV_Handler
                0x0000000008000aa8        0x2 build/stm32l1xx_it.o
                0x0000000008000aa8                PendSV_Handler
 .text.SysTick_Handler
                0x0000000008000aaa        0x8 build/stm32l1xx_it.o
                0x0000000008000aaa                SysTick_Handler
 *fill*         0x0000000008000ab2        0x2 
 .text.RCC_GetHCLKClockFreq
                0x0000000008000ab4       0x18 build/stm32l1xx_ll_rcc.o
 .text.RCC_GetPCLK1ClockFreq
                0x0000000008000acc       0x18 build/stm32l1xx_ll_rcc.o
 .text.RCC_GetPCLK2ClockFreq
                0x0000000008000ae4       0x18 build/stm32l1xx_ll_rcc.o
 .text.RCC_PLL_GetFreqDomain_SYS
                0x0000000008000afc       0x40 build/stm32l1xx_ll_rcc.o
 .text.RCC_GetSystemClockFreq
                0x0000000008000b3c       0x60 build/stm32l1xx_ll_rcc.o
 .text.LL_RCC_GetSystemClocksFreq
                0x0000000008000b9c       0x20 build/stm32l1xx_ll_rcc.o
                0x0000000008000b9c                LL_RCC_GetSystemClocksFreq
 .text.LL_SetSystemCoreClock
                0x0000000008000bbc        0xc build/stm32l1xx_ll_utils.o
                0x0000000008000bbc                LL_SetSystemCoreClock
 .text.LL_GPIO_Init
                0x0000000008000bc8      0x150 build/stm32l1xx_ll_gpio.o
                0x0000000008000bc8                LL_GPIO_Init
 .text.SystemInit
                0x0000000008000d18        0x2 build/system_stm32l1xx.o
                0x0000000008000d18                SystemInit
 *fill*         0x0000000008000d1a        0x2 
 .text.LL_TIM_Init
                0x0000000008000d1c       0x6c build/stm32l1xx_ll_tim.o
                0x0000000008000d1c                LL_TIM_Init
 .text.RTC_ConvertToDec
                0x0000000008000d88       0x12 build/rtc.o
 *fill*         0x0000000008000d9a        0x2 
 .text.GetTime  0x0000000008000d9c       0x6c build/rtc.o
                0x0000000008000d9c                GetTime
 .text.convert_time
                0x0000000008000e08       0x54 build/rtc.o
                0x0000000008000e08                convert_time
 .text.HAL_MspInit
                0x0000000008000e5c       0x44 build/stm32l1xx_hal_msp.o
                0x0000000008000e5c                HAL_MspInit
 .text.I2C_IsAcknowledgeFailed
                0x0000000008000ea0       0x32 build/stm32l1xx_hal_i2c.o
 .text.I2C_WaitOnFlagUntilTimeout
                0x0000000008000ed2       0xaa build/stm32l1xx_hal_i2c.o
 .text.I2C_WaitOnMasterAddressFlagUntilTimeout
                0x0000000008000f7c       0xd6 build/stm32l1xx_hal_i2c.o
 *fill*         0x0000000008001052        0x2 
 .text.I2C_MasterRequestWrite
                0x0000000008001054       0xb4 build/stm32l1xx_hal_i2c.o
 .text.I2C_MasterRequestRead
                0x0000000008001108      0x120 build/stm32l1xx_hal_i2c.o
 .text.I2C_WaitOnTXEFlagUntilTimeout
                0x0000000008001228       0x5e build/stm32l1xx_hal_i2c.o
 .text.I2C_WaitOnBTFFlagUntilTimeout
                0x0000000008001286       0x5e build/stm32l1xx_hal_i2c.o
 .text.I2C_WaitOnRXNEFlagUntilTimeout
                0x00000000080012e4       0x78 build/stm32l1xx_hal_i2c.o
 .text.HAL_I2C_Init
                0x000000000800135c      0x1bc build/stm32l1xx_hal_i2c.o
                0x000000000800135c                HAL_I2C_Init
 .text.HAL_I2C_Master_Transmit
                0x0000000008001518      0x178 build/stm32l1xx_hal_i2c.o
                0x0000000008001518                HAL_I2C_Master_Transmit
 .text.HAL_I2C_Master_Receive
                0x0000000008001690      0x2fc build/stm32l1xx_hal_i2c.o
                0x0000000008001690                HAL_I2C_Master_Receive
 .text.HAL_I2C_GetState
                0x000000000800198c        0x6 build/stm32l1xx_hal_i2c.o
                0x000000000800198c                HAL_I2C_GetState
 *fill*         0x0000000008001992        0x2 
 .text.HAL_InitTick
                0x0000000008001994       0x50 build/stm32l1xx_hal.o
                0x0000000008001994                HAL_InitTick
 .text.HAL_Init
                0x00000000080019e4       0x1e build/stm32l1xx_hal.o
                0x00000000080019e4                HAL_Init
 *fill*         0x0000000008001a02        0x2 
 .text.HAL_IncTick
                0x0000000008001a04       0x18 build/stm32l1xx_hal.o
                0x0000000008001a04                HAL_IncTick
 .text.HAL_GetTick
                0x0000000008001a1c        0xc build/stm32l1xx_hal.o
                0x0000000008001a1c                HAL_GetTick
 .text.HAL_RCC_GetHCLKFreq
                0x0000000008001a28        0xc build/stm32l1xx_hal_rcc.o
                0x0000000008001a28                HAL_RCC_GetHCLKFreq
 .text.HAL_RCC_GetPCLK1Freq
                0x0000000008001a34       0x20 build/stm32l1xx_hal_rcc.o
                0x0000000008001a34                HAL_RCC_GetPCLK1Freq
 .text.HAL_GPIO_Init
                0x0000000008001a54      0x1d0 build/stm32l1xx_hal_gpio.o
                0x0000000008001a54                HAL_GPIO_Init
 .text.HAL_NVIC_SetPriorityGrouping
                0x0000000008001c24       0x24 build/stm32l1xx_hal_cortex.o
                0x0000000008001c24                HAL_NVIC_SetPriorityGrouping
 .text.HAL_NVIC_SetPriority
                0x0000000008001c48       0x70 build/stm32l1xx_hal_cortex.o
                0x0000000008001c48                HAL_NVIC_SetPriority
 .text.HAL_SYSTICK_Config
                0x0000000008001cb8       0x28 build/stm32l1xx_hal_cortex.o
                0x0000000008001cb8                HAL_SYSTICK_Config
 .text.MX_USART1_UART_Init
                0x0000000008001ce0       0xe0 build/usart.o
                0x0000000008001ce0                MX_USART1_UART_Init
 .text.DBG_PutString
                0x0000000008001dc0       0x20 build/usart.o
                0x0000000008001dc0                DBG_PutString
 .text.LL_USART_Init
                0x0000000008001de0      0x11c build/stm32l1xx_ll_usart.o
                0x0000000008001de0                LL_USART_Init
 .text.Reset_Handler
                0x0000000008001efc       0x48 build/startup_stm32l151xb.o
                0x0000000008001efc                Reset_Handler
 .text.Default_Handler
                0x0000000008001f44        0x2 build/startup_stm32l151xb.o
                0x0000000008001f44                RTC_Alarm_IRQHandler
                0x0000000008001f44                EXTI2_IRQHandler
                0x0000000008001f44                TIM10_IRQHandler
                0x0000000008001f44                USB_HP_IRQHandler
                0x0000000008001f44                PVD_IRQHandler
                0x0000000008001f44                EXTI3_IRQHandler
                0x0000000008001f44                EXTI0_IRQHandler
                0x0000000008001f44                I2C2_EV_IRQHandler
                0x0000000008001f44                SPI1_IRQHandler
                0x0000000008001f44                USB_FS_WKUP_IRQHandler
                0x0000000008001f44                DMA1_Channel4_IRQHandler
                0x0000000008001f44                ADC1_IRQHandler
                0x0000000008001f44                USART3_IRQHandler
                0x0000000008001f44                DMA1_Channel7_IRQHandler
                0x0000000008001f44                TIM4_IRQHandler
                0x0000000008001f44                I2C1_EV_IRQHandler
                0x0000000008001f44                DMA1_Channel6_IRQHandler
                0x0000000008001f44                TIM3_IRQHandler
                0x0000000008001f44                RCC_IRQHandler
                0x0000000008001f44                DMA1_Channel1_IRQHandler
                0x0000000008001f44                Default_Handler
                0x0000000008001f44                EXTI15_10_IRQHandler
                0x0000000008001f44                TIM7_IRQHandler
                0x0000000008001f44                EXTI9_5_IRQHandler
                0x0000000008001f44                TIM9_IRQHandler
                0x0000000008001f44                TAMPER_STAMP_IRQHandler
                0x0000000008001f44                RTC_WKUP_IRQHandler
                0x0000000008001f44                SPI2_IRQHandler
                0x0000000008001f44                DMA1_Channel5_IRQHandler
                0x0000000008001f44                USB_LP_IRQHandler
                0x0000000008001f44                EXTI4_IRQHandler
                0x0000000008001f44                DMA1_Channel3_IRQHandler
                0x0000000008001f44                COMP_IRQHandler
                0x0000000008001f44                WWDG_IRQHandler
                0x0000000008001f44                TIM2_IRQHandler
                0x0000000008001f44                DAC_IRQHandler
                0x0000000008001f44                EXTI1_IRQHandler
                0x0000000008001f44                TIM11_IRQHandler
                0x0000000008001f44                USART2_IRQHandler
                0x0000000008001f44                I2C2_ER_IRQHandler
                0x0000000008001f44                DMA1_Channel2_IRQHandler
                0x0000000008001f44                FLASH_IRQHandler
                0x0000000008001f44                USART1_IRQHandler
                0x0000000008001f44                I2C1_ER_IRQHandler
 *fill*         0x0000000008001f46        0x2 
 .text.__libc_init_array
                0x0000000008001f48       0x48 /home/arashamf/soft/ARM_toolchains/gcc-arm-none-eabi-10.3-2021.10/bin/../lib/gcc/arm-none-eabi/10.3.1/../../../../arm-none-eabi/lib/thumb/v7-m/nofp/libc_nano.a(lib_a-init.o)
                0x0000000008001f48                __libc_init_array
 *(.glue_7)
 .glue_7        0x0000000008001f90        0x0 linker stubs
 *(.glue_7t)
 .glue_7t       0x0000000008001f90        0x0 linker stubs
 *(.eh_frame)
 .eh_frame      0x0000000008001f90        0x0 /home/arashamf/soft/ARM_toolchains/gcc-arm-none-eabi-10.3-2021.10/bin/../lib/gcc/arm-none-eabi/10.3.1/thumb/v7-m/nofp/crtbegin.o
 *(.init)
 .init          0x0000000008001f90        0x4 /home/arashamf/soft/ARM_toolchains/gcc-arm-none-eabi-10.3-2021.10/bin/../lib/gcc/arm-none-eabi/10.3.1/thumb/v7-m/nofp/crti.o
                0x0000000008001f90                _init
 .init          0x0000000008001f94        0x8 /home/arashamf/soft/ARM_toolchains/gcc-arm-none-eabi-10.3-2021.10/bin/../lib/gcc/arm-none-eabi/10.3.1/thumb/v7-m/nofp/crtn.o
 *(.fini)
 .fini          0x0000000008001f9c        0x4 /home/arashamf/soft/ARM_toolchains/gcc-arm-none-eabi-10.3-2021.10/bin/../lib/gcc/arm-none-eabi/10.3.1/thumb/v7-m/nofp/crti.o
                0x0000000008001f9c                _fini
 .fini          0x0000000008001fa0        0x8 /home/arashamf/soft/ARM_toolchains/gcc-arm-none-eabi-10.3-2021.10/bin/../lib/gcc/arm-none-eabi/10.3.1/thumb/v7-m/nofp/crtn.o
                0x0000000008001fa8                . = ALIGN (0x4)
                0x0000000008001fa8                _etext = .

.vfp11_veneer   0x0000000008001fa8        0x0
 .vfp11_veneer  0x0000000008001fa8        0x0 linker stubs

.v4_bx          0x0000000008001fa8        0x0
 .v4_bx         0x0000000008001fa8        0x0 linker stubs

.iplt           0x0000000008001fa8        0x0
 .iplt          0x0000000008001fa8        0x0 /home/arashamf/soft/ARM_toolchains/gcc-arm-none-eabi-10.3-2021.10/bin/../lib/gcc/arm-none-eabi/10.3.1/thumb/v7-m/nofp/crtbegin.o

.rodata         0x0000000008001fa8       0x2c
                0x0000000008001fa8                . = ALIGN (0x4)
 *(.rodata)
 *(.rodata*)
 .rodata.main.str1.4
                0x0000000008001fa8        0x8 build/main.o
 .rodata.AHBPrescTable
                0x0000000008001fb0       0x10 build/system_stm32l1xx.o
                0x0000000008001fb0                AHBPrescTable
 .rodata.APBPrescTable
                0x0000000008001fc0        0x8 build/system_stm32l1xx.o
                0x0000000008001fc0                APBPrescTable
 .rodata.PLLMulTable
                0x0000000008001fc8        0x9 build/system_stm32l1xx.o
                0x0000000008001fc8                PLLMulTable
                0x0000000008001fd4                . = ALIGN (0x4)
 *fill*         0x0000000008001fd1        0x3 

.rel.dyn        0x0000000008001fd4        0x0
 .rel.iplt      0x0000000008001fd4        0x0 /home/arashamf/soft/ARM_toolchains/gcc-arm-none-eabi-10.3-2021.10/bin/../lib/gcc/arm-none-eabi/10.3.1/thumb/v7-m/nofp/crtbegin.o

.ARM.extab
 *(.ARM.extab* .gnu.linkonce.armextab.*)

.ARM            0x0000000008001fd4        0x0
                0x0000000008001fd4                __exidx_start = .
 *(.ARM.exidx*)
                0x0000000008001fd4                __exidx_end = .

.preinit_array  0x0000000008001fd4        0x0
                0x0000000008001fd4                PROVIDE (__preinit_array_start = .)
 *(.preinit_array*)
                0x0000000008001fd4                PROVIDE (__preinit_array_end = .)

.init_array     0x0000000008001fd4        0x4
                0x0000000008001fd4                PROVIDE (__init_array_start = .)
 *(SORT_BY_NAME(.init_array.*))
 *(.init_array*)
 .init_array    0x0000000008001fd4        0x4 /home/arashamf/soft/ARM_toolchains/gcc-arm-none-eabi-10.3-2021.10/bin/../lib/gcc/arm-none-eabi/10.3.1/thumb/v7-m/nofp/crtbegin.o
                0x0000000008001fd8                PROVIDE (__init_array_end = .)

.fini_array     0x0000000008001fd8        0x4
                [!provide]                        PROVIDE (__fini_array_start = .)
 *(SORT_BY_NAME(.fini_array.*))
 *(.fini_array*)
 .fini_array    0x0000000008001fd8        0x4 /home/arashamf/soft/ARM_toolchains/gcc-arm-none-eabi-10.3-2021.10/bin/../lib/gcc/arm-none-eabi/10.3.1/thumb/v7-m/nofp/crtbegin.o
                [!provide]                        PROVIDE (__fini_array_end = .)
                0x0000000008001fdc                _sidata = LOADADDR (.data)

.data           0x0000000020000000        0xc load address 0x0000000008001fdc
                0x0000000020000000                . = ALIGN (0x4)
                0x0000000020000000                _sdata = .
 *(.data)
 *(.data*)
 .data.SystemCoreClock
                0x0000000020000000        0x4 build/system_stm32l1xx.o
                0x0000000020000000                SystemCoreClock
 .data.uwTickFreq
                0x0000000020000004        0x4 build/stm32l1xx_hal.o
                0x0000000020000004                uwTickFreq
 .data.uwTickPrio
                0x0000000020000008        0x4 build/stm32l1xx_hal.o
                0x0000000020000008                uwTickPrio
                0x000000002000000c                . = ALIGN (0x4)
                0x000000002000000c                _edata = .

.igot.plt       0x000000002000000c        0x0 load address 0x0000000008001fe8
 .igot.plt      0x000000002000000c        0x0 /home/arashamf/soft/ARM_toolchains/gcc-arm-none-eabi-10.3-2021.10/bin/../lib/gcc/arm-none-eabi/10.3.1/thumb/v7-m/nofp/crtbegin.o
                0x000000002000000c                . = ALIGN (0x4)

.bss            0x0000000020000010       0xe4 load address 0x0000000008001fe8
                0x0000000020000010                _sbss = .
                0x0000000020000010                __bss_start__ = _sbss
 *(.bss)
 .bss           0x0000000020000010       0x1c /home/arashamf/soft/ARM_toolchains/gcc-arm-none-eabi-10.3-2021.10/bin/../lib/gcc/arm-none-eabi/10.3.1/thumb/v7-m/nofp/crtbegin.o
 *(.bss*)
 .bss.data      0x000000002000002c       0x11 build/main.o
                0x000000002000002c                data
 *fill*         0x000000002000003d        0x3 
 .bss.hi2c1     0x0000000020000040       0x54 build/i2c.o
                0x0000000020000040                hi2c1
 .bss.SysTick_CallbackFunction
                0x0000000020000094        0x4 build/tim.o
 .bss.TicksCounter
                0x0000000020000098        0x8 build/tim.o
 .bss.xSysTimer
                0x00000000200000a0        0x4 build/tim.o
 .bss.xTimeNow  0x00000000200000a4        0x4 build/tim.o
 .bss.xTimerList
                0x00000000200000a8       0x20 build/tim.o
 .bss.uwTick    0x00000000200000c8        0x4 build/stm32l1xx_hal.o
                0x00000000200000c8                uwTick
 .bss.DBG_buffer
                0x00000000200000cc       0x28 build/usart.o
                0x00000000200000cc                DBG_buffer
 *(COMMON)
                0x00000000200000f4                . = ALIGN (0x4)
                0x00000000200000f4                _ebss = .
                0x00000000200000f4                __bss_end__ = _ebss

._user_heap_stack
                0x00000000200000f4      0x604 load address 0x0000000008001fe8
                0x00000000200000f8                . = ALIGN (0x8)
 *fill*         0x00000000200000f4        0x4 
                [!provide]                        PROVIDE (end = .)
                0x00000000200000f8                PROVIDE (_end = .)
                0x00000000200002f8                . = (. + _Min_Heap_Size)
 *fill*         0x00000000200000f8      0x200 
                0x00000000200006f8                . = (. + _Min_Stack_Size)
 *fill*         0x00000000200002f8      0x400 
                0x00000000200006f8                . = ALIGN (0x8)

/DISCARD/
 libc.a(*)
 libm.a(*)
 libgcc.a(*)

.ARM.attributes
                0x0000000000000000       0x29
 *(.ARM.attributes)
 .ARM.attributes
                0x0000000000000000       0x1d /home/arashamf/soft/ARM_toolchains/gcc-arm-none-eabi-10.3-2021.10/bin/../lib/gcc/arm-none-eabi/10.3.1/thumb/v7-m/nofp/crti.o
 .ARM.attributes
                0x000000000000001d       0x2d /home/arashamf/soft/ARM_toolchains/gcc-arm-none-eabi-10.3-2021.10/bin/../lib/gcc/arm-none-eabi/10.3.1/thumb/v7-m/nofp/crtbegin.o
 .ARM.attributes
                0x000000000000004a       0x2d build/main.o
 .ARM.attributes
                0x0000000000000077       0x2d build/gpio.o
 .ARM.attributes
                0x00000000000000a4       0x2d build/i2c.o
 .ARM.attributes
                0x00000000000000d1       0x2d build/tim.o
 .ARM.attributes
                0x00000000000000fe       0x2d build/LED_display.o
 .ARM.attributes
                0x000000000000012b       0x2d build/stm32l1xx_it.o
 .ARM.attributes
                0x0000000000000158       0x2d build/stm32l1xx_ll_rcc.o
 .ARM.attributes
                0x0000000000000185       0x2d build/stm32l1xx_ll_utils.o
 .ARM.attributes
                0x00000000000001b2       0x2d build/stm32l1xx_ll_gpio.o
 .ARM.attributes
                0x00000000000001df       0x2d build/system_stm32l1xx.o
 .ARM.attributes
                0x000000000000020c       0x2d build/stm32l1xx_ll_tim.o
 .ARM.attributes
                0x0000000000000239       0x2d build/rtc.o
 .ARM.attributes
                0x0000000000000266       0x2d build/stm32l1xx_hal_msp.o
 .ARM.attributes
                0x0000000000000293       0x2d build/stm32l1xx_hal_i2c.o
 .ARM.attributes
                0x00000000000002c0       0x2d build/stm32l1xx_hal.o
 .ARM.attributes
                0x00000000000002ed       0x2d build/stm32l1xx_hal_rcc.o
 .ARM.attributes
                0x000000000000031a       0x2d build/stm32l1xx_hal_gpio.o
 .ARM.attributes
                0x0000000000000347       0x2d build/stm32l1xx_hal_cortex.o
 .ARM.attributes
                0x0000000000000374       0x2d build/usart.o
 .ARM.attributes
                0x00000000000003a1       0x2d build/stm32l1xx_ll_usart.o
 .ARM.attributes
                0x00000000000003ce       0x21 build/startup_stm32l151xb.o
 .ARM.attributes
                0x00000000000003ef       0x2d /home/arashamf/soft/ARM_toolchains/gcc-arm-none-eabi-10.3-2021.10/bin/../lib/gcc/arm-none-eabi/10.3.1/../../../../arm-none-eabi/lib/thumb/v7-m/nofp/libc_nano.a(lib_a-init.o)
 .ARM.attributes
                0x000000000000041c       0x1d /home/arashamf/soft/ARM_toolchains/gcc-arm-none-eabi-10.3-2021.10/bin/../lib/gcc/arm-none-eabi/10.3.1/thumb/v7-m/nofp/crtn.o
OUTPUT(build/belt.elf elf32-littlearm)
LOAD linker stubs
LOAD /home/arashamf/soft/ARM_toolchains/gcc-arm-none-eabi-10.3-2021.10/bin/../lib/gcc/arm-none-eabi/10.3.1/../../../../arm-none-eabi/lib/thumb/v7-m/nofp/libc.a
LOAD /home/arashamf/soft/ARM_toolchains/gcc-arm-none-eabi-10.3-2021.10/bin/../lib/gcc/arm-none-eabi/10.3.1/../../../../arm-none-eabi/lib/thumb/v7-m/nofp/libm.a
LOAD /home/arashamf/soft/ARM_toolchains/gcc-arm-none-eabi-10.3-2021.10/bin/../lib/gcc/arm-none-eabi/10.3.1/thumb/v7-m/nofp/libgcc.a

.debug_info     0x0000000000000000     0xff43
 .debug_info    0x0000000000000000      0x9db build/main.o
 .debug_info    0x00000000000009db      0x6fb build/gpio.o
 .debug_info    0x00000000000010d6      0xa5c build/i2c.o
 .debug_info    0x0000000000001b32     0x1408 build/tim.o
 .debug_info    0x0000000000002f3a     0x137e build/LED_display.o
 .debug_info    0x00000000000042b8      0x1f1 build/stm32l1xx_it.o
 .debug_info    0x00000000000044a9      0x6dd build/stm32l1xx_ll_rcc.o
 .debug_info    0x0000000000004b86      0xbfc build/stm32l1xx_ll_utils.o
 .debug_info    0x0000000000005782      0xb24 build/stm32l1xx_ll_gpio.o
 .debug_info    0x00000000000062a6      0x2ec build/system_stm32l1xx.o
 .debug_info    0x0000000000006592     0x114b build/stm32l1xx_ll_tim.o
 .debug_info    0x00000000000076dd      0xd3f build/rtc.o
 .debug_info    0x000000000000841c      0x28c build/stm32l1xx_hal_msp.o
 .debug_info    0x00000000000086a8     0x3b04 build/stm32l1xx_hal_i2c.o
 .debug_info    0x000000000000c1ac      0x808 build/stm32l1xx_hal.o
 .debug_info    0x000000000000c9b4      0xc9c build/stm32l1xx_hal_rcc.o
 .debug_info    0x000000000000d650      0x6d5 build/stm32l1xx_hal_gpio.o
 .debug_info    0x000000000000dd25     0x109d build/stm32l1xx_hal_cortex.o
 .debug_info    0x000000000000edc2      0x8dc build/usart.o
 .debug_info    0x000000000000f69e      0x883 build/stm32l1xx_ll_usart.o
 .debug_info    0x000000000000ff21       0x22 build/startup_stm32l151xb.o

.debug_abbrev   0x0000000000000000     0x2ed6
 .debug_abbrev  0x0000000000000000      0x26e build/main.o
 .debug_abbrev  0x000000000000026e      0x1cb build/gpio.o
 .debug_abbrev  0x0000000000000439      0x1ef build/i2c.o
 .debug_abbrev  0x0000000000000628      0x35b build/tim.o
 .debug_abbrev  0x0000000000000983      0x18a build/LED_display.o
 .debug_abbrev  0x0000000000000b0d       0xba build/stm32l1xx_it.o
 .debug_abbrev  0x0000000000000bc7      0x283 build/stm32l1xx_ll_rcc.o
 .debug_abbrev  0x0000000000000e4a      0x31f build/stm32l1xx_ll_utils.o
 .debug_abbrev  0x0000000000001169      0x275 build/stm32l1xx_ll_gpio.o
 .debug_abbrev  0x00000000000013de      0x11b build/system_stm32l1xx.o
 .debug_abbrev  0x00000000000014f9      0x2cf build/stm32l1xx_ll_tim.o
 .debug_abbrev  0x00000000000017c8      0x2a6 build/rtc.o
 .debug_abbrev  0x0000000000001a6e       0xeb build/stm32l1xx_hal_msp.o
 .debug_abbrev  0x0000000000001b59      0x2f0 build/stm32l1xx_hal_i2c.o
 .debug_abbrev  0x0000000000001e49      0x24f build/stm32l1xx_hal.o
 .debug_abbrev  0x0000000000002098      0x2c8 build/stm32l1xx_hal_rcc.o
 .debug_abbrev  0x0000000000002360      0x22b build/stm32l1xx_hal_gpio.o
 .debug_abbrev  0x000000000000258b      0x382 build/stm32l1xx_hal_cortex.o
 .debug_abbrev  0x000000000000290d      0x306 build/usart.o
 .debug_abbrev  0x0000000000002c13      0x2b1 build/stm32l1xx_ll_usart.o
 .debug_abbrev  0x0000000000002ec4       0x12 build/startup_stm32l151xb.o

.debug_loc      0x0000000000000000     0xabac
 .debug_loc     0x0000000000000000      0x15e build/main.o
 .debug_loc     0x000000000000015e       0xdf build/gpio.o
 .debug_loc     0x000000000000023d       0xeb build/i2c.o
 .debug_loc     0x0000000000000328      0x706 build/tim.o
 .debug_loc     0x0000000000000a2e      0xec2 build/LED_display.o
 .debug_loc     0x00000000000018f0       0x20 build/stm32l1xx_it.o
 .debug_loc     0x0000000000001910      0x1c5 build/stm32l1xx_ll_rcc.o
 .debug_loc     0x0000000000001ad5      0x5c0 build/stm32l1xx_ll_utils.o
 .debug_loc     0x0000000000002095      0x6ae build/stm32l1xx_ll_gpio.o
 .debug_loc     0x0000000000002743      0x1d6 build/system_stm32l1xx.o
 .debug_loc     0x0000000000002919      0xef4 build/stm32l1xx_ll_tim.o
 .debug_loc     0x000000000000380d      0x5e4 build/rtc.o
 .debug_loc     0x0000000000003df1       0x2c build/stm32l1xx_hal_msp.o
 .debug_loc     0x0000000000003e1d     0x4e56 build/stm32l1xx_hal_i2c.o
 .debug_loc     0x0000000000008c73      0x26d build/stm32l1xx_hal.o
 .debug_loc     0x0000000000008ee0      0x8b4 build/stm32l1xx_hal_rcc.o
 .debug_loc     0x0000000000009794      0x4d6 build/stm32l1xx_hal_gpio.o
 .debug_loc     0x0000000000009c6a      0x7a4 build/stm32l1xx_hal_cortex.o
 .debug_loc     0x000000000000a40e      0x1d9 build/usart.o
 .debug_loc     0x000000000000a5e7      0x5c5 build/stm32l1xx_ll_usart.o

.debug_aranges  0x0000000000000000      0x9c8
 .debug_aranges
                0x0000000000000000       0x38 build/main.o
 .debug_aranges
                0x0000000000000038       0x20 build/gpio.o
 .debug_aranges
                0x0000000000000058       0x30 build/i2c.o
 .debug_aranges
                0x0000000000000088       0x80 build/tim.o
 .debug_aranges
                0x0000000000000108       0x90 build/LED_display.o
 .debug_aranges
                0x0000000000000198       0x60 build/stm32l1xx_it.o
 .debug_aranges
                0x00000000000001f8       0x50 build/stm32l1xx_ll_rcc.o
 .debug_aranges
                0x0000000000000248       0x60 build/stm32l1xx_ll_utils.o
 .debug_aranges
                0x00000000000002a8       0x30 build/stm32l1xx_ll_gpio.o
 .debug_aranges
                0x00000000000002d8       0x28 build/system_stm32l1xx.o
 .debug_aranges
                0x0000000000000300       0xa0 build/stm32l1xx_ll_tim.o
 .debug_aranges
                0x00000000000003a0       0x60 build/rtc.o
 .debug_aranges
                0x0000000000000400       0x20 build/stm32l1xx_hal_msp.o
 .debug_aranges
                0x0000000000000420      0x2a8 build/stm32l1xx_hal_i2c.o
 .debug_aranges
                0x00000000000006c8       0xe0 build/stm32l1xx_hal.o
 .debug_aranges
                0x00000000000007a8       0x90 build/stm32l1xx_hal_rcc.o
 .debug_aranges
                0x0000000000000838       0x58 build/stm32l1xx_hal_gpio.o
 .debug_aranges
                0x0000000000000890       0xa8 build/stm32l1xx_hal_cortex.o
 .debug_aranges
                0x0000000000000938       0x28 build/usart.o
 .debug_aranges
                0x0000000000000960       0x40 build/stm32l1xx_ll_usart.o
 .debug_aranges
                0x00000000000009a0       0x28 build/startup_stm32l151xb.o

.debug_ranges   0x0000000000000000      0xb40
 .debug_ranges  0x0000000000000000       0x40 build/main.o
 .debug_ranges  0x0000000000000040       0x10 build/gpio.o
 .debug_ranges  0x0000000000000050       0x20 build/i2c.o
 .debug_ranges  0x0000000000000070       0x70 build/tim.o
 .debug_ranges  0x00000000000000e0       0x80 build/LED_display.o
 .debug_ranges  0x0000000000000160       0x50 build/stm32l1xx_it.o
 .debug_ranges  0x00000000000001b0       0x40 build/stm32l1xx_ll_rcc.o
 .debug_ranges  0x00000000000001f0       0x50 build/stm32l1xx_ll_utils.o
 .debug_ranges  0x0000000000000240       0xb0 build/stm32l1xx_ll_gpio.o
 .debug_ranges  0x00000000000002f0       0x18 build/system_stm32l1xx.o
 .debug_ranges  0x0000000000000308      0x150 build/stm32l1xx_ll_tim.o
 .debug_ranges  0x0000000000000458       0x88 build/rtc.o
 .debug_ranges  0x00000000000004e0       0x10 build/stm32l1xx_hal_msp.o
 .debug_ranges  0x00000000000004f0      0x2b0 build/stm32l1xx_hal_i2c.o
 .debug_ranges  0x00000000000007a0       0xd0 build/stm32l1xx_hal.o
 .debug_ranges  0x0000000000000870       0x98 build/stm32l1xx_hal_rcc.o
 .debug_ranges  0x0000000000000908       0x48 build/stm32l1xx_hal_gpio.o
 .debug_ranges  0x0000000000000950       0xf8 build/stm32l1xx_hal_cortex.o
 .debug_ranges  0x0000000000000a48       0x30 build/usart.o
 .debug_ranges  0x0000000000000a78       0xa8 build/stm32l1xx_ll_usart.o
 .debug_ranges  0x0000000000000b20       0x20 build/startup_stm32l151xb.o

.debug_line     0x0000000000000000     0xc3e0
 .debug_line    0x0000000000000000      0x585 build/main.o
 .debug_line    0x0000000000000585      0x529 build/gpio.o
 .debug_line    0x0000000000000aae      0x310 build/i2c.o
 .debug_line    0x0000000000000dbe      0x74f build/tim.o
 .debug_line    0x000000000000150d      0x952 build/LED_display.o
 .debug_line    0x0000000000001e5f      0x282 build/stm32l1xx_it.o
 .debug_line    0x00000000000020e1      0x4ac build/stm32l1xx_ll_rcc.o
 .debug_line    0x000000000000258d      0x73b build/stm32l1xx_ll_utils.o
 .debug_line    0x0000000000002cc8      0x671 build/stm32l1xx_ll_gpio.o
 .debug_line    0x0000000000003339      0x25f build/system_stm32l1xx.o
 .debug_line    0x0000000000003598      0x971 build/stm32l1xx_ll_tim.o
 .debug_line    0x0000000000003f09      0x5c9 build/rtc.o
 .debug_line    0x00000000000044d2      0x1cc build/stm32l1xx_hal_msp.o
 .debug_line    0x000000000000469e     0x537f build/stm32l1xx_hal_i2c.o
 .debug_line    0x0000000000009a1d      0x55e build/stm32l1xx_hal.o
 .debug_line    0x0000000000009f7b      0xde6 build/stm32l1xx_hal_rcc.o
 .debug_line    0x000000000000ad61      0x570 build/stm32l1xx_hal_gpio.o
 .debug_line    0x000000000000b2d1      0x782 build/stm32l1xx_hal_cortex.o
 .debug_line    0x000000000000ba53      0x404 build/usart.o
 .debug_line    0x000000000000be57      0x514 build/stm32l1xx_ll_usart.o
 .debug_line    0x000000000000c36b       0x75 build/startup_stm32l151xb.o

.debug_str      0x0000000000000000     0x34f3
 .debug_str     0x0000000000000000      0x4e2 build/main.o
                                        0x56f (size before relaxing)
 .debug_str     0x00000000000004e2       0xca build/gpio.o
                                        0x30c (size before relaxing)
 .debug_str     0x00000000000005ac      0x48c build/i2c.o
                                        0x7a0 (size before relaxing)
 .debug_str     0x0000000000000a38      0x7c4 build/tim.o
                                        0xa9f (size before relaxing)
 .debug_str     0x00000000000011fc       0x92 build/LED_display.o
                                        0x2e3 (size before relaxing)
 .debug_str     0x000000000000128e       0xb4 build/stm32l1xx_it.o
                                        0x255 (size before relaxing)
 .debug_str     0x0000000000001342      0x2d1 build/stm32l1xx_ll_rcc.o
                                        0x4e0 (size before relaxing)
 .debug_str     0x0000000000001613      0x250 build/stm32l1xx_ll_utils.o
                                        0x642 (size before relaxing)
 .debug_str     0x0000000000001863      0x127 build/stm32l1xx_ll_gpio.o
                                        0x3b5 (size before relaxing)
 .debug_str     0x000000000000198a       0x54 build/system_stm32l1xx.o
                                        0x25f (size before relaxing)
 .debug_str     0x00000000000019de      0x3b0 build/stm32l1xx_ll_tim.o
                                        0x6d8 (size before relaxing)
 .debug_str     0x0000000000001d8e      0x181 build/rtc.o
                                        0x825 (size before relaxing)
 .debug_str     0x0000000000001f0f       0x29 build/stm32l1xx_hal_msp.o
                                        0x24a (size before relaxing)
 .debug_str     0x0000000000001f38      0x8d9 build/stm32l1xx_hal_i2c.o
                                        0xf7a (size before relaxing)
 .debug_str     0x0000000000002811      0x254 build/stm32l1xx_hal.o
                                        0x783 (size before relaxing)
 .debug_str     0x0000000000002a65      0x2fc build/stm32l1xx_hal_rcc.o
                                        0x6b9 (size before relaxing)
 .debug_str     0x0000000000002d61      0x13c build/stm32l1xx_hal_gpio.o
                                        0x3e0 (size before relaxing)
 .debug_str     0x0000000000002e9d      0x377 build/stm32l1xx_hal_cortex.o
                                        0x9be (size before relaxing)
 .debug_str     0x0000000000003214      0x13a build/usart.o
                                        0x46a (size before relaxing)
 .debug_str     0x000000000000334e      0x181 build/stm32l1xx_ll_usart.o
                                        0x4ed (size before relaxing)
 .debug_str     0x00000000000034cf       0x24 build/startup_stm32l151xb.o
                                         0x43 (size before relaxing)

.comment        0x0000000000000000       0x49
 .comment       0x0000000000000000       0x49 build/main.o
                                         0x4a (size before relaxing)
 .comment       0x0000000000000049       0x4a build/gpio.o
 .comment       0x0000000000000049       0x4a build/i2c.o
 .comment       0x0000000000000049       0x4a build/tim.o
 .comment       0x0000000000000049       0x4a build/LED_display.o
 .comment       0x0000000000000049       0x4a build/stm32l1xx_it.o
 .comment       0x0000000000000049       0x4a build/stm32l1xx_ll_rcc.o
 .comment       0x0000000000000049       0x4a build/stm32l1xx_ll_utils.o
 .comment       0x0000000000000049       0x4a build/stm32l1xx_ll_gpio.o
 .comment       0x0000000000000049       0x4a build/system_stm32l1xx.o
 .comment       0x0000000000000049       0x4a build/stm32l1xx_ll_tim.o
 .comment       0x0000000000000049       0x4a build/rtc.o
 .comment       0x0000000000000049       0x4a build/stm32l1xx_hal_msp.o
 .comment       0x0000000000000049       0x4a build/stm32l1xx_hal_i2c.o
 .comment       0x0000000000000049       0x4a build/stm32l1xx_hal.o
 .comment       0x0000000000000049       0x4a build/stm32l1xx_hal_rcc.o
 .comment       0x0000000000000049       0x4a build/stm32l1xx_hal_gpio.o
 .comment       0x0000000000000049       0x4a build/stm32l1xx_hal_cortex.o
 .comment       0x0000000000000049       0x4a build/usart.o
 .comment       0x0000000000000049       0x4a build/stm32l1xx_ll_usart.o

.debug_frame    0x0000000000000000     0x18ec
 .debug_frame   0x0000000000000000       0x68 build/main.o
 .debug_frame   0x0000000000000068       0x3c build/gpio.o
 .debug_frame   0x00000000000000a4       0x60 build/i2c.o
 .debug_frame   0x0000000000000104      0x148 build/tim.o
 .debug_frame   0x000000000000024c      0x110 build/LED_display.o
 .debug_frame   0x000000000000035c       0xa8 build/stm32l1xx_it.o
 .debug_frame   0x0000000000000404       0x9c build/stm32l1xx_ll_rcc.o
 .debug_frame   0x00000000000004a0       0xd0 build/stm32l1xx_ll_utils.o
 .debug_frame   0x0000000000000570       0x68 build/stm32l1xx_ll_gpio.o
 .debug_frame   0x00000000000005d8       0x30 build/system_stm32l1xx.o
 .debug_frame   0x0000000000000608      0x19c build/stm32l1xx_ll_tim.o
 .debug_frame   0x00000000000007a4      0x120 build/rtc.o
 .debug_frame   0x00000000000008c4       0x28 build/stm32l1xx_hal_msp.o
 .debug_frame   0x00000000000008ec      0x984 build/stm32l1xx_hal_i2c.o
 .debug_frame   0x0000000000001270      0x1cc build/stm32l1xx_hal.o
 .debug_frame   0x000000000000143c      0x1a4 build/stm32l1xx_hal_rcc.o
 .debug_frame   0x00000000000015e0       0xd0 build/stm32l1xx_hal_gpio.o
 .debug_frame   0x00000000000016b0      0x148 build/stm32l1xx_hal_cortex.o
 .debug_frame   0x00000000000017f8       0x48 build/usart.o
 .debug_frame   0x0000000000001840       0x80 build/stm32l1xx_ll_usart.o
 .debug_frame   0x00000000000018c0       0x2c /home/arashamf/soft/ARM_toolchains/gcc-arm-none-eabi-10.3-2021.10/bin/../lib/gcc/arm-none-eabi/10.3.1/../../../../arm-none-eabi/lib/thumb/v7-m/nofp/libc_nano.a(lib_a-init.o)

Cross Reference Table

Symbol                                            File
ADC1_IRQHandler                                   build/startup_stm32l151xb.o
AHBPrescTable                                     build/system_stm32l1xx.o
                                                  build/stm32l1xx_hal_rcc.o
                                                  build/stm32l1xx_ll_utils.o
                                                  build/stm32l1xx_ll_rcc.o
APBPrescTable                                     build/system_stm32l1xx.o
                                                  build/stm32l1xx_hal_rcc.o
                                                  build/stm32l1xx_ll_rcc.o
BusFault_Handler                                  build/stm32l1xx_it.o
COMP_IRQHandler                                   build/startup_stm32l151xb.o
DAC_IRQHandler                                    build/startup_stm32l151xb.o
DBG_PutString                                     build/usart.o
                                                  build/main.o
DBG_buffer                                        build/usart.o
                                                  build/main.o
DMA1_Channel1_IRQHandler                          build/startup_stm32l151xb.o
DMA1_Channel2_IRQHandler                          build/startup_stm32l151xb.o
DMA1_Channel3_IRQHandler                          build/startup_stm32l151xb.o
DMA1_Channel4_IRQHandler                          build/startup_stm32l151xb.o
DMA1_Channel5_IRQHandler                          build/startup_stm32l151xb.o
DMA1_Channel6_IRQHandler                          build/startup_stm32l151xb.o
DMA1_Channel7_IRQHandler                          build/startup_stm32l151xb.o
DebugMon_Handler                                  build/stm32l1xx_it.o
Default_Handler                                   build/startup_stm32l151xb.o
EXTI0_IRQHandler                                  build/startup_stm32l151xb.o
EXTI15_10_IRQHandler                              build/startup_stm32l151xb.o
EXTI1_IRQHandler                                  build/startup_stm32l151xb.o
EXTI2_IRQHandler                                  build/startup_stm32l151xb.o
EXTI3_IRQHandler                                  build/startup_stm32l151xb.o
EXTI4_IRQHandler                                  build/startup_stm32l151xb.o
EXTI9_5_IRQHandler                                build/startup_stm32l151xb.o
Error_Handler                                     build/main.o
                                                  build/i2c.o
FLASH_IRQHandler                                  build/startup_stm32l151xb.o
FLASH_PageErase                                   build/stm32l1xx_hal_flash_ex.o
                                                  build/stm32l1xx_hal_flash.o
FLASH_WaitForLastOperation                        build/stm32l1xx_hal_flash.o
                                                  build/stm32l1xx_hal_flash_ex.o
GetTemp                                           build/rtc.o
GetTime                                           build/rtc.o
                                                  build/main.o
HAL_DBGMCU_DisableDBGSleepMode                    build/stm32l1xx_hal.o
HAL_DBGMCU_DisableDBGStandbyMode                  build/stm32l1xx_hal.o
HAL_DBGMCU_DisableDBGStopMode                     build/stm32l1xx_hal.o
HAL_DBGMCU_EnableDBGSleepMode                     build/stm32l1xx_hal.o
HAL_DBGMCU_EnableDBGStandbyMode                   build/stm32l1xx_hal.o
HAL_DBGMCU_EnableDBGStopMode                      build/stm32l1xx_hal.o
HAL_DMA_Abort                                     build/stm32l1xx_hal_dma.o
HAL_DMA_Abort_IT                                  build/stm32l1xx_hal_dma.o
                                                  build/stm32l1xx_hal_i2c.o
HAL_DMA_DeInit                                    build/stm32l1xx_hal_dma.o
HAL_DMA_GetError                                  build/stm32l1xx_hal_dma.o
HAL_DMA_GetState                                  build/stm32l1xx_hal_dma.o
                                                  build/stm32l1xx_hal_i2c.o
HAL_DMA_IRQHandler                                build/stm32l1xx_hal_dma.o
HAL_DMA_Init                                      build/stm32l1xx_hal_dma.o
HAL_DMA_PollForTransfer                           build/stm32l1xx_hal_dma.o
HAL_DMA_RegisterCallback                          build/stm32l1xx_hal_dma.o
HAL_DMA_Start                                     build/stm32l1xx_hal_dma.o
HAL_DMA_Start_IT                                  build/stm32l1xx_hal_dma.o
                                                  build/stm32l1xx_hal_i2c.o
HAL_DMA_UnRegisterCallback                        build/stm32l1xx_hal_dma.o
HAL_DeInit                                        build/stm32l1xx_hal.o
HAL_Delay                                         build/stm32l1xx_hal.o
HAL_EXTI_ClearConfigLine                          build/stm32l1xx_hal_exti.o
HAL_EXTI_ClearPending                             build/stm32l1xx_hal_exti.o
HAL_EXTI_GenerateSWI                              build/stm32l1xx_hal_exti.o
HAL_EXTI_GetConfigLine                            build/stm32l1xx_hal_exti.o
HAL_EXTI_GetHandle                                build/stm32l1xx_hal_exti.o
HAL_EXTI_GetPending                               build/stm32l1xx_hal_exti.o
HAL_EXTI_IRQHandler                               build/stm32l1xx_hal_exti.o
HAL_EXTI_RegisterCallback                         build/stm32l1xx_hal_exti.o
HAL_EXTI_SetConfigLine                            build/stm32l1xx_hal_exti.o
HAL_FLASHEx_DATAEEPROM_DisableFixedTimeProgram    build/stm32l1xx_hal_flash_ex.o
HAL_FLASHEx_DATAEEPROM_EnableFixedTimeProgram     build/stm32l1xx_hal_flash_ex.o
HAL_FLASHEx_DATAEEPROM_Erase                      build/stm32l1xx_hal_flash_ex.o
HAL_FLASHEx_DATAEEPROM_EraseDoubleWord            build/stm32l1xx_hal_flash_ramfunc.o
HAL_FLASHEx_DATAEEPROM_Lock                       build/stm32l1xx_hal_flash_ex.o
HAL_FLASHEx_DATAEEPROM_Program                    build/stm32l1xx_hal_flash_ex.o
HAL_FLASHEx_DATAEEPROM_ProgramDoubleWord          build/stm32l1xx_hal_flash_ramfunc.o
HAL_FLASHEx_DATAEEPROM_Unlock                     build/stm32l1xx_hal_flash_ex.o
HAL_FLASHEx_DisableRunPowerDown                   build/stm32l1xx_hal_flash_ramfunc.o
HAL_FLASHEx_EnableRunPowerDown                    build/stm32l1xx_hal_flash_ramfunc.o
HAL_FLASHEx_Erase                                 build/stm32l1xx_hal_flash_ex.o
HAL_FLASHEx_Erase_IT                              build/stm32l1xx_hal_flash_ex.o
HAL_FLASHEx_GetError                              build/stm32l1xx_hal_flash_ramfunc.o
HAL_FLASHEx_HalfPageProgram                       build/stm32l1xx_hal_flash_ramfunc.o
HAL_FLASHEx_OBGetConfig                           build/stm32l1xx_hal_flash_ex.o
HAL_FLASHEx_OBProgram                             build/stm32l1xx_hal_flash_ex.o
HAL_FLASH_EndOfOperationCallback                  build/stm32l1xx_hal_flash.o
HAL_FLASH_GetError                                build/stm32l1xx_hal_flash.o
HAL_FLASH_IRQHandler                              build/stm32l1xx_hal_flash.o
HAL_FLASH_Lock                                    build/stm32l1xx_hal_flash.o
HAL_FLASH_OB_Launch                               build/stm32l1xx_hal_flash.o
HAL_FLASH_OB_Lock                                 build/stm32l1xx_hal_flash.o
HAL_FLASH_OB_Unlock                               build/stm32l1xx_hal_flash.o
HAL_FLASH_OperationErrorCallback                  build/stm32l1xx_hal_flash.o
HAL_FLASH_Program                                 build/stm32l1xx_hal_flash.o
HAL_FLASH_Program_IT                              build/stm32l1xx_hal_flash.o
HAL_FLASH_Unlock                                  build/stm32l1xx_hal_flash.o
HAL_GPIO_DeInit                                   build/stm32l1xx_hal_gpio.o
                                                  build/i2c.o
HAL_GPIO_EXTI_Callback                            build/stm32l1xx_hal_gpio.o
HAL_GPIO_EXTI_IRQHandler                          build/stm32l1xx_hal_gpio.o
HAL_GPIO_Init                                     build/stm32l1xx_hal_gpio.o
                                                  build/stm32l1xx_hal_rcc.o
                                                  build/i2c.o
HAL_GPIO_LockPin                                  build/stm32l1xx_hal_gpio.o
HAL_GPIO_ReadPin                                  build/stm32l1xx_hal_gpio.o
HAL_GPIO_TogglePin                                build/stm32l1xx_hal_gpio.o
HAL_GPIO_WritePin                                 build/stm32l1xx_hal_gpio.o
HAL_GetDEVID                                      build/stm32l1xx_hal.o
HAL_GetHalVersion                                 build/stm32l1xx_hal.o
HAL_GetREVID                                      build/stm32l1xx_hal.o
HAL_GetTick                                       build/stm32l1xx_hal.o
                                                  build/stm32l1xx_hal_dma.o
                                                  build/stm32l1xx_hal_flash.o
                                                  build/stm32l1xx_hal_rcc_ex.o
                                                  build/stm32l1xx_hal_rcc.o
                                                  build/stm32l1xx_hal_i2c.o
HAL_GetTickFreq                                   build/stm32l1xx_hal.o
HAL_GetTickPrio                                   build/stm32l1xx_hal.o
HAL_GetUIDw0                                      build/stm32l1xx_hal.o
HAL_GetUIDw1                                      build/stm32l1xx_hal.o
HAL_GetUIDw2                                      build/stm32l1xx_hal.o
HAL_I2C_AbortCpltCallback                         build/stm32l1xx_hal_i2c.o
HAL_I2C_AddrCallback                              build/stm32l1xx_hal_i2c.o
HAL_I2C_DeInit                                    build/stm32l1xx_hal_i2c.o
HAL_I2C_DisableListen_IT                          build/stm32l1xx_hal_i2c.o
HAL_I2C_ER_IRQHandler                             build/stm32l1xx_hal_i2c.o
HAL_I2C_EV_IRQHandler                             build/stm32l1xx_hal_i2c.o
HAL_I2C_EnableListen_IT                           build/stm32l1xx_hal_i2c.o
HAL_I2C_ErrorCallback                             build/stm32l1xx_hal_i2c.o
HAL_I2C_GetError                                  build/stm32l1xx_hal_i2c.o
HAL_I2C_GetMode                                   build/stm32l1xx_hal_i2c.o
HAL_I2C_GetState                                  build/stm32l1xx_hal_i2c.o
                                                  build/rtc.o
HAL_I2C_Init                                      build/stm32l1xx_hal_i2c.o
                                                  build/i2c.o
HAL_I2C_IsDeviceReady                             build/stm32l1xx_hal_i2c.o
HAL_I2C_ListenCpltCallback                        build/stm32l1xx_hal_i2c.o
HAL_I2C_MasterRxCpltCallback                      build/stm32l1xx_hal_i2c.o
HAL_I2C_MasterTxCpltCallback                      build/stm32l1xx_hal_i2c.o
HAL_I2C_Master_Abort_IT                           build/stm32l1xx_hal_i2c.o
HAL_I2C_Master_Receive                            build/stm32l1xx_hal_i2c.o
                                                  build/rtc.o
HAL_I2C_Master_Receive_DMA                        build/stm32l1xx_hal_i2c.o
HAL_I2C_Master_Receive_IT                         build/stm32l1xx_hal_i2c.o
HAL_I2C_Master_Seq_Receive_DMA                    build/stm32l1xx_hal_i2c.o
HAL_I2C_Master_Seq_Receive_IT                     build/stm32l1xx_hal_i2c.o
HAL_I2C_Master_Seq_Transmit_DMA                   build/stm32l1xx_hal_i2c.o
HAL_I2C_Master_Seq_Transmit_IT                    build/stm32l1xx_hal_i2c.o
HAL_I2C_Master_Transmit                           build/stm32l1xx_hal_i2c.o
                                                  build/rtc.o
HAL_I2C_Master_Transmit_DMA                       build/stm32l1xx_hal_i2c.o
HAL_I2C_Master_Transmit_IT                        build/stm32l1xx_hal_i2c.o
HAL_I2C_MemRxCpltCallback                         build/stm32l1xx_hal_i2c.o
HAL_I2C_MemTxCpltCallback                         build/stm32l1xx_hal_i2c.o
HAL_I2C_Mem_Read                                  build/stm32l1xx_hal_i2c.o
HAL_I2C_Mem_Read_DMA                              build/stm32l1xx_hal_i2c.o
HAL_I2C_Mem_Read_IT                               build/stm32l1xx_hal_i2c.o
HAL_I2C_Mem_Write                                 build/stm32l1xx_hal_i2c.o
HAL_I2C_Mem_Write_DMA                             build/stm32l1xx_hal_i2c.o
HAL_I2C_Mem_Write_IT                              build/stm32l1xx_hal_i2c.o
HAL_I2C_MspDeInit                                 build/i2c.o
HAL_I2C_MspInit                                   build/i2c.o
HAL_I2C_SlaveRxCpltCallback                       build/stm32l1xx_hal_i2c.o
HAL_I2C_SlaveTxCpltCallback                       build/stm32l1xx_hal_i2c.o
HAL_I2C_Slave_Receive                             build/stm32l1xx_hal_i2c.o
HAL_I2C_Slave_Receive_DMA                         build/stm32l1xx_hal_i2c.o
HAL_I2C_Slave_Receive_IT                          build/stm32l1xx_hal_i2c.o
HAL_I2C_Slave_Seq_Receive_DMA                     build/stm32l1xx_hal_i2c.o
HAL_I2C_Slave_Seq_Receive_IT                      build/stm32l1xx_hal_i2c.o
HAL_I2C_Slave_Seq_Transmit_DMA                    build/stm32l1xx_hal_i2c.o
HAL_I2C_Slave_Seq_Transmit_IT                     build/stm32l1xx_hal_i2c.o
HAL_I2C_Slave_Transmit                            build/stm32l1xx_hal_i2c.o
HAL_I2C_Slave_Transmit_DMA                        build/stm32l1xx_hal_i2c.o
HAL_I2C_Slave_Transmit_IT                         build/stm32l1xx_hal_i2c.o
HAL_IncTick                                       build/stm32l1xx_hal.o
                                                  build/stm32l1xx_it.o
HAL_Init                                          build/stm32l1xx_hal.o
                                                  build/main.o
HAL_InitTick                                      build/stm32l1xx_hal.o
                                                  build/stm32l1xx_hal_rcc.o
                                                  build/main.o
HAL_MPU_ConfigRegion                              build/stm32l1xx_hal_cortex.o
HAL_MPU_Disable                                   build/stm32l1xx_hal_cortex.o
HAL_MPU_Enable                                    build/stm32l1xx_hal_cortex.o
HAL_MspDeInit                                     build/stm32l1xx_hal.o
HAL_MspInit                                       build/stm32l1xx_hal_msp.o
HAL_NVIC_ClearPendingIRQ                          build/stm32l1xx_hal_cortex.o
HAL_NVIC_DisableIRQ                               build/stm32l1xx_hal_cortex.o
HAL_NVIC_EnableIRQ                                build/stm32l1xx_hal_cortex.o
HAL_NVIC_GetActive                                build/stm32l1xx_hal_cortex.o
HAL_NVIC_GetPendingIRQ                            build/stm32l1xx_hal_cortex.o
HAL_NVIC_GetPriority                              build/stm32l1xx_hal_cortex.o
HAL_NVIC_GetPriorityGrouping                      build/stm32l1xx_hal_cortex.o
HAL_NVIC_SetPendingIRQ                            build/stm32l1xx_hal_cortex.o
HAL_NVIC_SetPriority                              build/stm32l1xx_hal_cortex.o
                                                  build/stm32l1xx_hal.o
HAL_NVIC_SetPriorityGrouping                      build/stm32l1xx_hal_cortex.o
                                                  build/stm32l1xx_hal.o
HAL_NVIC_SystemReset                              build/stm32l1xx_hal_cortex.o
HAL_PWREx_DisableFastWakeUp                       build/stm32l1xx_hal_pwr_ex.o
HAL_PWREx_DisableLowPowerRunMode                  build/stm32l1xx_hal_pwr_ex.o
HAL_PWREx_DisableUltraLowPower                    build/stm32l1xx_hal_pwr_ex.o
HAL_PWREx_EnableFastWakeUp                        build/stm32l1xx_hal_pwr_ex.o
HAL_PWREx_EnableLowPowerRunMode                   build/stm32l1xx_hal_pwr_ex.o
HAL_PWREx_EnableUltraLowPower                     build/stm32l1xx_hal_pwr_ex.o
HAL_PWREx_GetVoltageRange                         build/stm32l1xx_hal_pwr_ex.o
HAL_PWR_ConfigPVD                                 build/stm32l1xx_hal_pwr.o
HAL_PWR_DeInit                                    build/stm32l1xx_hal_pwr.o
HAL_PWR_DisableBkUpAccess                         build/stm32l1xx_hal_pwr.o
HAL_PWR_DisablePVD                                build/stm32l1xx_hal_pwr.o
HAL_PWR_DisableSEVOnPend                          build/stm32l1xx_hal_pwr.o
HAL_PWR_DisableSleepOnExit                        build/stm32l1xx_hal_pwr.o
HAL_PWR_DisableWakeUpPin                          build/stm32l1xx_hal_pwr.o
HAL_PWR_EnableBkUpAccess                          build/stm32l1xx_hal_pwr.o
HAL_PWR_EnablePVD                                 build/stm32l1xx_hal_pwr.o
HAL_PWR_EnableSEVOnPend                           build/stm32l1xx_hal_pwr.o
HAL_PWR_EnableSleepOnExit                         build/stm32l1xx_hal_pwr.o
HAL_PWR_EnableWakeUpPin                           build/stm32l1xx_hal_pwr.o
HAL_PWR_EnterSLEEPMode                            build/stm32l1xx_hal_pwr.o
HAL_PWR_EnterSTANDBYMode                          build/stm32l1xx_hal_pwr.o
HAL_PWR_EnterSTOPMode                             build/stm32l1xx_hal_pwr.o
HAL_PWR_PVDCallback                               build/stm32l1xx_hal_pwr.o
HAL_PWR_PVD_IRQHandler                            build/stm32l1xx_hal_pwr.o
HAL_RCCEx_GetPeriphCLKConfig                      build/stm32l1xx_hal_rcc_ex.o
HAL_RCCEx_GetPeriphCLKFreq                        build/stm32l1xx_hal_rcc_ex.o
HAL_RCCEx_PeriphCLKConfig                         build/stm32l1xx_hal_rcc_ex.o
HAL_RCC_CSSCallback                               build/stm32l1xx_hal_rcc.o
HAL_RCC_ClockConfig                               build/stm32l1xx_hal_rcc.o
HAL_RCC_DeInit                                    build/stm32l1xx_hal_rcc.o
HAL_RCC_DisableCSS                                build/stm32l1xx_hal_rcc.o
HAL_RCC_EnableCSS                                 build/stm32l1xx_hal_rcc.o
HAL_RCC_GetClockConfig                            build/stm32l1xx_hal_rcc.o
HAL_RCC_GetHCLKFreq                               build/stm32l1xx_hal_rcc.o
HAL_RCC_GetOscConfig                              build/stm32l1xx_hal_rcc.o
HAL_RCC_GetPCLK1Freq                              build/stm32l1xx_hal_rcc.o
                                                  build/stm32l1xx_hal_i2c.o
HAL_RCC_GetPCLK2Freq                              build/stm32l1xx_hal_rcc.o
HAL_RCC_GetSysClockFreq                           build/stm32l1xx_hal_rcc.o
HAL_RCC_MCOConfig                                 build/stm32l1xx_hal_rcc.o
HAL_RCC_NMI_IRQHandler                            build/stm32l1xx_hal_rcc.o
HAL_RCC_OscConfig                                 build/stm32l1xx_hal_rcc.o
HAL_ResumeTick                                    build/stm32l1xx_hal.o
HAL_SYSTICK_CLKSourceConfig                       build/stm32l1xx_hal_cortex.o
HAL_SYSTICK_Callback                              build/stm32l1xx_hal_cortex.o
HAL_SYSTICK_Config                                build/stm32l1xx_hal_cortex.o
                                                  build/stm32l1xx_hal.o
HAL_SYSTICK_IRQHandler                            build/stm32l1xx_hal_cortex.o
HAL_SetTickFreq                                   build/stm32l1xx_hal.o
HAL_SuspendTick                                   build/stm32l1xx_hal.o
HardFault_Handler                                 build/stm32l1xx_it.o
I2C1_ER_IRQHandler                                build/startup_stm32l151xb.o
I2C1_EV_IRQHandler                                build/startup_stm32l151xb.o
I2C2_ER_IRQHandler                                build/startup_stm32l151xb.o
I2C2_EV_IRQHandler                                build/startup_stm32l151xb.o
LL_DMA_DeInit                                     build/stm32l1xx_ll_dma.o
LL_DMA_Init                                       build/stm32l1xx_ll_dma.o
LL_DMA_StructInit                                 build/stm32l1xx_ll_dma.o
LL_EXTI_DeInit                                    build/stm32l1xx_ll_exti.o
LL_EXTI_Init                                      build/stm32l1xx_ll_exti.o
LL_EXTI_StructInit                                build/stm32l1xx_ll_exti.o
LL_GPIO_DeInit                                    build/stm32l1xx_ll_gpio.o
LL_GPIO_Init                                      build/stm32l1xx_ll_gpio.o
                                                  build/usart.o
                                                  build/gpio.o
LL_GPIO_StructInit                                build/stm32l1xx_ll_gpio.o
LL_Init1msTick                                    build/stm32l1xx_ll_utils.o
LL_PLL_ConfigSystemClock_HSE                      build/stm32l1xx_ll_utils.o
LL_PLL_ConfigSystemClock_HSI                      build/stm32l1xx_ll_utils.o
LL_RCC_DeInit                                     build/stm32l1xx_ll_rcc.o
LL_RCC_GetSystemClocksFreq                        build/stm32l1xx_ll_rcc.o
                                                  build/stm32l1xx_ll_usart.o
LL_SetFlashLatency                                build/stm32l1xx_ll_utils.o
LL_SetSystemCoreClock                             build/stm32l1xx_ll_utils.o
                                                  build/main.o
LL_TIM_DeInit                                     build/stm32l1xx_ll_tim.o
LL_TIM_ENCODER_Init                               build/stm32l1xx_ll_tim.o
LL_TIM_ENCODER_StructInit                         build/stm32l1xx_ll_tim.o
LL_TIM_IC_Init                                    build/stm32l1xx_ll_tim.o
LL_TIM_IC_StructInit                              build/stm32l1xx_ll_tim.o
LL_TIM_Init                                       build/stm32l1xx_ll_tim.o
                                                  build/tim.o
LL_TIM_OC_Init                                    build/stm32l1xx_ll_tim.o
LL_TIM_OC_StructInit                              build/stm32l1xx_ll_tim.o
LL_TIM_StructInit                                 build/stm32l1xx_ll_tim.o
LL_USART_ClockInit                                build/stm32l1xx_ll_usart.o
LL_USART_ClockStructInit                          build/stm32l1xx_ll_usart.o
LL_USART_DeInit                                   build/stm32l1xx_ll_usart.o
LL_USART_Init                                     build/stm32l1xx_ll_usart.o
                                                  build/usart.o
LL_USART_StructInit                               build/stm32l1xx_ll_usart.o
LL_mDelay                                         build/stm32l1xx_ll_utils.o
MX_GPIO_Init                                      build/gpio.o
                                                  build/main.o
MX_I2C1_Init                                      build/i2c.o
                                                  build/main.o
MX_TIM7_Init                                      build/tim.o
                                                  build/main.o
MX_USART1_UART_Init                               build/usart.o
                                                  build/main.o
MemManage_Handler                                 build/stm32l1xx_it.o
NMI_Handler                                       build/stm32l1xx_it.o
PLLMulTable                                       build/system_stm32l1xx.o
                                                  build/stm32l1xx_hal_rcc.o
                                                  build/stm32l1xx_ll_utils.o
                                                  build/stm32l1xx_ll_rcc.o
PVD_IRQHandler                                    build/startup_stm32l151xb.o
PendSV_Handler                                    build/stm32l1xx_it.o
RCC_IRQHandler                                    build/startup_stm32l151xb.o
RTC_Alarm_IRQHandler                              build/startup_stm32l151xb.o
RTC_I2C                                           build/rtc.o
RTC_WKUP_IRQHandler                               build/startup_stm32l151xb.o
Reset_Handler                                     build/startup_stm32l151xb.o
SPI1_IRQHandler                                   build/startup_stm32l151xb.o
SPI2_IRQHandler                                   build/startup_stm32l151xb.o
SVC_Handler                                       build/stm32l1xx_it.o
SetTime                                           build/rtc.o
SysTick_Handler                                   build/stm32l1xx_it.o
SysTimerCallback                                  build/main.o
                                                  build/tim.o
SystemClock_Config                                build/main.o
SystemCoreClock                                   build/system_stm32l1xx.o
                                                  build/stm32l1xx_hal_rcc.o
                                                  build/stm32l1xx_hal.o
                                                  build/stm32l1xx_hal_i2c.o
                                                  build/stm32l1xx_ll_utils.o
SystemCoreClockUpdate                             build/system_stm32l1xx.o
SystemInit                                        build/system_stm32l1xx.o
                                                  build/startup_stm32l151xb.o
TAMPER_STAMP_IRQHandler                           build/startup_stm32l151xb.o
TIM10_IRQHandler                                  build/startup_stm32l151xb.o
TIM11_IRQHandler                                  build/startup_stm32l151xb.o
TIM2_IRQHandler                                   build/startup_stm32l151xb.o
TIM3_IRQHandler                                   build/startup_stm32l151xb.o
TIM4_IRQHandler                                   build/startup_stm32l151xb.o
TIM6_IRQHandler                                   build/tim.o
TIM7_IRQHandler                                   build/startup_stm32l151xb.o
TIM9_IRQHandler                                   build/startup_stm32l151xb.o
TimeStamp                                         build/rtc.o
USART1_IRQHandler                                 build/startup_stm32l151xb.o
USART2_IRQHandler                                 build/startup_stm32l151xb.o
USART3_IRQHandler                                 build/startup_stm32l151xb.o
USB_FS_WKUP_IRQHandler                            build/startup_stm32l151xb.o
USB_HP_IRQHandler                                 build/startup_stm32l151xb.o
USB_LP_IRQHandler                                 build/startup_stm32l151xb.o
UsageFault_Handler                                build/stm32l1xx_it.o
WWDG_IRQHandler                                   build/startup_stm32l151xb.o
_Min_Stack_Size                                   build/sysmem.o
__aeabi_idiv0                                     /home/arashamf/soft/ARM_toolchains/gcc-arm-none-eabi-10.3-2021.10/bin/../lib/gcc/arm-none-eabi/10.3.1/thumb/v7-m/nofp/libgcc.a(_dvmd_tls.o)
__aeabi_ldiv0                                     /home/arashamf/soft/ARM_toolchains/gcc-arm-none-eabi-10.3-2021.10/bin/../lib/gcc/arm-none-eabi/10.3.1/thumb/v7-m/nofp/libgcc.a(_dvmd_tls.o)
                                                  /home/arashamf/soft/ARM_toolchains/gcc-arm-none-eabi-10.3-2021.10/bin/../lib/gcc/arm-none-eabi/10.3.1/thumb/v7-m/nofp/libgcc.a(_aeabi_uldivmod.o)
                                                  /home/arashamf/soft/ARM_toolchains/gcc-arm-none-eabi-10.3-2021.10/bin/../lib/gcc/arm-none-eabi/10.3.1/thumb/v7-m/nofp/libgcc.a(_aeabi_ldivmod.o)
__aeabi_ldivmod                                   /home/arashamf/soft/ARM_toolchains/gcc-arm-none-eabi-10.3-2021.10/bin/../lib/gcc/arm-none-eabi/10.3.1/thumb/v7-m/nofp/libgcc.a(_aeabi_ldivmod.o)
                                                  /home/arashamf/soft/ARM_toolchains/gcc-arm-none-eabi-10.3-2021.10/bin/../lib/gcc/arm-none-eabi/10.3.1/../../../../arm-none-eabi/lib/thumb/v7-m/nofp/libc_nano.a(lib_a-gmtime_r.o)
                                                  build/time64.o
__aeabi_uldivmod                                  /home/arashamf/soft/ARM_toolchains/gcc-arm-none-eabi-10.3-2021.10/bin/../lib/gcc/arm-none-eabi/10.3.1/thumb/v7-m/nofp/libgcc.a(_aeabi_uldivmod.o)
                                                  build/stm32l1xx_hal_rcc.o
__assert                                          /home/arashamf/soft/ARM_toolchains/gcc-arm-none-eabi-10.3-2021.10/bin/../lib/gcc/arm-none-eabi/10.3.1/../../../../arm-none-eabi/lib/thumb/v7-m/nofp/libc_nano.a(lib_a-assert.o)
__assert_func                                     /home/arashamf/soft/ARM_toolchains/gcc-arm-none-eabi-10.3-2021.10/bin/../lib/gcc/arm-none-eabi/10.3.1/../../../../arm-none-eabi/lib/thumb/v7-m/nofp/libc_nano.a(lib_a-assert.o)
                                                  /home/arashamf/soft/ARM_toolchains/gcc-arm-none-eabi-10.3-2021.10/bin/../lib/gcc/arm-none-eabi/10.3.1/../../../../arm-none-eabi/lib/thumb/v7-m/nofp/libc_nano.a(lib_a-lcltime.o)
                                                  /home/arashamf/soft/ARM_toolchains/gcc-arm-none-eabi-10.3-2021.10/bin/../lib/gcc/arm-none-eabi/10.3.1/../../../../arm-none-eabi/lib/thumb/v7-m/nofp/libc_nano.a(lib_a-gmtime.o)
                                                  build/time64.o
__bss_end__                                       /home/arashamf/soft/ARM_toolchains/gcc-arm-none-eabi-10.3-2021.10/bin/../lib/gcc/arm-none-eabi/10.3.1/../../../../arm-none-eabi/lib/thumb/v7-m/nofp/crt0.o
__bss_start__                                     /home/arashamf/soft/ARM_toolchains/gcc-arm-none-eabi-10.3-2021.10/bin/../lib/gcc/arm-none-eabi/10.3.1/../../../../arm-none-eabi/lib/thumb/v7-m/nofp/crt0.o
__call_exitprocs                                  /home/arashamf/soft/ARM_toolchains/gcc-arm-none-eabi-10.3-2021.10/bin/../lib/gcc/arm-none-eabi/10.3.1/../../../../arm-none-eabi/lib/thumb/v7-m/nofp/libc_nano.a(lib_a-exit.o)
__deregister_frame_info                           /home/arashamf/soft/ARM_toolchains/gcc-arm-none-eabi-10.3-2021.10/bin/../lib/gcc/arm-none-eabi/10.3.1/thumb/v7-m/nofp/crtbegin.o
__dso_handle                                      /home/arashamf/soft/ARM_toolchains/gcc-arm-none-eabi-10.3-2021.10/bin/../lib/gcc/arm-none-eabi/10.3.1/thumb/v7-m/nofp/crtbegin.o
__env                                             build/syscalls.o
__env_lock                                        /home/arashamf/soft/ARM_toolchains/gcc-arm-none-eabi-10.3-2021.10/bin/../lib/gcc/arm-none-eabi/10.3.1/../../../../arm-none-eabi/lib/thumb/v7-m/nofp/libc_nano.a(lib_a-envlock.o)
                                                  /home/arashamf/soft/ARM_toolchains/gcc-arm-none-eabi-10.3-2021.10/bin/../lib/gcc/arm-none-eabi/10.3.1/../../../../arm-none-eabi/lib/thumb/v7-m/nofp/libc_nano.a(lib_a-getenv_r.o)
__env_unlock                                      /home/arashamf/soft/ARM_toolchains/gcc-arm-none-eabi-10.3-2021.10/bin/../lib/gcc/arm-none-eabi/10.3.1/../../../../arm-none-eabi/lib/thumb/v7-m/nofp/libc_nano.a(lib_a-envlock.o)
                                                  /home/arashamf/soft/ARM_toolchains/gcc-arm-none-eabi-10.3-2021.10/bin/../lib/gcc/arm-none-eabi/10.3.1/../../../../arm-none-eabi/lib/thumb/v7-m/nofp/libc_nano.a(lib_a-getenv_r.o)
__errno                                           /home/arashamf/soft/ARM_toolchains/gcc-arm-none-eabi-10.3-2021.10/bin/../lib/gcc/arm-none-eabi/10.3.1/../../../../arm-none-eabi/lib/thumb/v7-m/nofp/libc_nano.a(lib_a-errno.o)
                                                  /home/arashamf/soft/ARM_toolchains/gcc-arm-none-eabi-10.3-2021.10/bin/../lib/gcc/arm-none-eabi/10.3.1/../../../../arm-none-eabi/lib/thumb/v7-m/nofp/libc_nano.a(lib_a-strtol.o)
                                                  build/syscalls.o
                                                  build/sysmem.o
                                                  build/time64.o
__fp_lock_all                                     /home/arashamf/soft/ARM_toolchains/gcc-arm-none-eabi-10.3-2021.10/bin/../lib/gcc/arm-none-eabi/10.3.1/../../../../arm-none-eabi/lib/thumb/v7-m/nofp/libc_nano.a(lib_a-findfp.o)
__fp_unlock_all                                   /home/arashamf/soft/ARM_toolchains/gcc-arm-none-eabi-10.3-2021.10/bin/../lib/gcc/arm-none-eabi/10.3.1/../../../../arm-none-eabi/lib/thumb/v7-m/nofp/libc_nano.a(lib_a-findfp.o)
__gettzinfo                                       /home/arashamf/soft/ARM_toolchains/gcc-arm-none-eabi-10.3-2021.10/bin/../lib/gcc/arm-none-eabi/10.3.1/../../../../arm-none-eabi/lib/thumb/v7-m/nofp/libc_nano.a(lib_a-gettzinfo.o)
                                                  /home/arashamf/soft/ARM_toolchains/gcc-arm-none-eabi-10.3-2021.10/bin/../lib/gcc/arm-none-eabi/10.3.1/../../../../arm-none-eabi/lib/thumb/v7-m/nofp/libc_nano.a(lib_a-tzset_r.o)
                                                  /home/arashamf/soft/ARM_toolchains/gcc-arm-none-eabi-10.3-2021.10/bin/../lib/gcc/arm-none-eabi/10.3.1/../../../../arm-none-eabi/lib/thumb/v7-m/nofp/libc_nano.a(lib_a-tzcalc_limits.o)
                                                  /home/arashamf/soft/ARM_toolchains/gcc-arm-none-eabi-10.3-2021.10/bin/../lib/gcc/arm-none-eabi/10.3.1/../../../../arm-none-eabi/lib/thumb/v7-m/nofp/libc_nano.a(lib_a-mktime.o)
                                                  /home/arashamf/soft/ARM_toolchains/gcc-arm-none-eabi-10.3-2021.10/bin/../lib/gcc/arm-none-eabi/10.3.1/../../../../arm-none-eabi/lib/thumb/v7-m/nofp/libc_nano.a(lib_a-lcltime_r.o)
__init_array_end                                  /home/arashamf/soft/ARM_toolchains/gcc-arm-none-eabi-10.3-2021.10/bin/../lib/gcc/arm-none-eabi/10.3.1/../../../../arm-none-eabi/lib/thumb/v7-m/nofp/libc_nano.a(lib_a-init.o)
__init_array_start                                /home/arashamf/soft/ARM_toolchains/gcc-arm-none-eabi-10.3-2021.10/bin/../lib/gcc/arm-none-eabi/10.3.1/../../../../arm-none-eabi/lib/thumb/v7-m/nofp/libc_nano.a(lib_a-init.o)
__io_getchar                                      build/syscalls.o
__io_putchar                                      build/syscalls.o
__libc_fini_array                                 /home/arashamf/soft/ARM_toolchains/gcc-arm-none-eabi-10.3-2021.10/bin/../lib/gcc/arm-none-eabi/10.3.1/../../../../arm-none-eabi/lib/thumb/v7-m/nofp/crt0.o
__libc_init_array                                 /home/arashamf/soft/ARM_toolchains/gcc-arm-none-eabi-10.3-2021.10/bin/../lib/gcc/arm-none-eabi/10.3.1/../../../../arm-none-eabi/lib/thumb/v7-m/nofp/libc_nano.a(lib_a-init.o)
                                                  build/startup_stm32l151xb.o
                                                  /home/arashamf/soft/ARM_toolchains/gcc-arm-none-eabi-10.3-2021.10/bin/../lib/gcc/arm-none-eabi/10.3.1/../../../../arm-none-eabi/lib/thumb/v7-m/nofp/crt0.o
__lock___arc4random_mutex                         /home/arashamf/soft/ARM_toolchains/gcc-arm-none-eabi-10.3-2021.10/bin/../lib/gcc/arm-none-eabi/10.3.1/../../../../arm-none-eabi/lib/thumb/v7-m/nofp/libc_nano.a(lib_a-lock.o)
__lock___at_quick_exit_mutex                      /home/arashamf/soft/ARM_toolchains/gcc-arm-none-eabi-10.3-2021.10/bin/../lib/gcc/arm-none-eabi/10.3.1/../../../../arm-none-eabi/lib/thumb/v7-m/nofp/libc_nano.a(lib_a-lock.o)
__lock___atexit_recursive_mutex                   /home/arashamf/soft/ARM_toolchains/gcc-arm-none-eabi-10.3-2021.10/bin/../lib/gcc/arm-none-eabi/10.3.1/../../../../arm-none-eabi/lib/thumb/v7-m/nofp/libc_nano.a(lib_a-lock.o)
__lock___dd_hash_mutex                            /home/arashamf/soft/ARM_toolchains/gcc-arm-none-eabi-10.3-2021.10/bin/../lib/gcc/arm-none-eabi/10.3.1/../../../../arm-none-eabi/lib/thumb/v7-m/nofp/libc_nano.a(lib_a-lock.o)
__lock___env_recursive_mutex                      /home/arashamf/soft/ARM_toolchains/gcc-arm-none-eabi-10.3-2021.10/bin/../lib/gcc/arm-none-eabi/10.3.1/../../../../arm-none-eabi/lib/thumb/v7-m/nofp/libc_nano.a(lib_a-lock.o)
                                                  /home/arashamf/soft/ARM_toolchains/gcc-arm-none-eabi-10.3-2021.10/bin/../lib/gcc/arm-none-eabi/10.3.1/../../../../arm-none-eabi/lib/thumb/v7-m/nofp/libc_nano.a(lib_a-envlock.o)
__lock___malloc_recursive_mutex                   /home/arashamf/soft/ARM_toolchains/gcc-arm-none-eabi-10.3-2021.10/bin/../lib/gcc/arm-none-eabi/10.3.1/../../../../arm-none-eabi/lib/thumb/v7-m/nofp/libc_nano.a(lib_a-lock.o)
                                                  /home/arashamf/soft/ARM_toolchains/gcc-arm-none-eabi-10.3-2021.10/bin/../lib/gcc/arm-none-eabi/10.3.1/../../../../arm-none-eabi/lib/thumb/v7-m/nofp/libc_nano.a(lib_a-mlock.o)
__lock___sfp_recursive_mutex                      /home/arashamf/soft/ARM_toolchains/gcc-arm-none-eabi-10.3-2021.10/bin/../lib/gcc/arm-none-eabi/10.3.1/../../../../arm-none-eabi/lib/thumb/v7-m/nofp/libc_nano.a(lib_a-lock.o)
                                                  /home/arashamf/soft/ARM_toolchains/gcc-arm-none-eabi-10.3-2021.10/bin/../lib/gcc/arm-none-eabi/10.3.1/../../../../arm-none-eabi/lib/thumb/v7-m/nofp/libc_nano.a(lib_a-findfp.o)
__lock___sinit_recursive_mutex                    /home/arashamf/soft/ARM_toolchains/gcc-arm-none-eabi-10.3-2021.10/bin/../lib/gcc/arm-none-eabi/10.3.1/../../../../arm-none-eabi/lib/thumb/v7-m/nofp/libc_nano.a(lib_a-lock.o)
                                                  /home/arashamf/soft/ARM_toolchains/gcc-arm-none-eabi-10.3-2021.10/bin/../lib/gcc/arm-none-eabi/10.3.1/../../../../arm-none-eabi/lib/thumb/v7-m/nofp/libc_nano.a(lib_a-findfp.o)
__lock___tz_mutex                                 /home/arashamf/soft/ARM_toolchains/gcc-arm-none-eabi-10.3-2021.10/bin/../lib/gcc/arm-none-eabi/10.3.1/../../../../arm-none-eabi/lib/thumb/v7-m/nofp/libc_nano.a(lib_a-lock.o)
                                                  /home/arashamf/soft/ARM_toolchains/gcc-arm-none-eabi-10.3-2021.10/bin/../lib/gcc/arm-none-eabi/10.3.1/../../../../arm-none-eabi/lib/thumb/v7-m/nofp/libc_nano.a(lib_a-tzlock.o)
__malloc_free_list                                /home/arashamf/soft/ARM_toolchains/gcc-arm-none-eabi-10.3-2021.10/bin/../lib/gcc/arm-none-eabi/10.3.1/../../../../arm-none-eabi/lib/thumb/v7-m/nofp/libc_nano.a(lib_a-nano-mallocr.o)
                                                  /home/arashamf/soft/ARM_toolchains/gcc-arm-none-eabi-10.3-2021.10/bin/../lib/gcc/arm-none-eabi/10.3.1/../../../../arm-none-eabi/lib/thumb/v7-m/nofp/libc_nano.a(lib_a-nano-freer.o)
__malloc_lock                                     /home/arashamf/soft/ARM_toolchains/gcc-arm-none-eabi-10.3-2021.10/bin/../lib/gcc/arm-none-eabi/10.3.1/../../../../arm-none-eabi/lib/thumb/v7-m/nofp/libc_nano.a(lib_a-mlock.o)
                                                  /home/arashamf/soft/ARM_toolchains/gcc-arm-none-eabi-10.3-2021.10/bin/../lib/gcc/arm-none-eabi/10.3.1/../../../../arm-none-eabi/lib/thumb/v7-m/nofp/libc_nano.a(lib_a-nano-mallocr.o)
                                                  /home/arashamf/soft/ARM_toolchains/gcc-arm-none-eabi-10.3-2021.10/bin/../lib/gcc/arm-none-eabi/10.3.1/../../../../arm-none-eabi/lib/thumb/v7-m/nofp/libc_nano.a(lib_a-nano-freer.o)
__malloc_sbrk_start                               /home/arashamf/soft/ARM_toolchains/gcc-arm-none-eabi-10.3-2021.10/bin/../lib/gcc/arm-none-eabi/10.3.1/../../../../arm-none-eabi/lib/thumb/v7-m/nofp/libc_nano.a(lib_a-nano-mallocr.o)
__malloc_unlock                                   /home/arashamf/soft/ARM_toolchains/gcc-arm-none-eabi-10.3-2021.10/bin/../lib/gcc/arm-none-eabi/10.3.1/../../../../arm-none-eabi/lib/thumb/v7-m/nofp/libc_nano.a(lib_a-mlock.o)
                                                  /home/arashamf/soft/ARM_toolchains/gcc-arm-none-eabi-10.3-2021.10/bin/../lib/gcc/arm-none-eabi/10.3.1/../../../../arm-none-eabi/lib/thumb/v7-m/nofp/libc_nano.a(lib_a-nano-mallocr.o)
                                                  /home/arashamf/soft/ARM_toolchains/gcc-arm-none-eabi-10.3-2021.10/bin/../lib/gcc/arm-none-eabi/10.3.1/../../../../arm-none-eabi/lib/thumb/v7-m/nofp/libc_nano.a(lib_a-nano-freer.o)
__month_lengths                                   /home/arashamf/soft/ARM_toolchains/gcc-arm-none-eabi-10.3-2021.10/bin/../lib/gcc/arm-none-eabi/10.3.1/../../../../arm-none-eabi/lib/thumb/v7-m/nofp/libc_nano.a(lib_a-month_lengths.o)
                                                  /home/arashamf/soft/ARM_toolchains/gcc-arm-none-eabi-10.3-2021.10/bin/../lib/gcc/arm-none-eabi/10.3.1/../../../../arm-none-eabi/lib/thumb/v7-m/nofp/libc_nano.a(lib_a-tzcalc_limits.o)
                                                  /home/arashamf/soft/ARM_toolchains/gcc-arm-none-eabi-10.3-2021.10/bin/../lib/gcc/arm-none-eabi/10.3.1/../../../../arm-none-eabi/lib/thumb/v7-m/nofp/libc_nano.a(lib_a-lcltime_r.o)
__preinit_array_end                               /home/arashamf/soft/ARM_toolchains/gcc-arm-none-eabi-10.3-2021.10/bin/../lib/gcc/arm-none-eabi/10.3.1/../../../../arm-none-eabi/lib/thumb/v7-m/nofp/libc_nano.a(lib_a-init.o)
__preinit_array_start                             /home/arashamf/soft/ARM_toolchains/gcc-arm-none-eabi-10.3-2021.10/bin/../lib/gcc/arm-none-eabi/10.3.1/../../../../arm-none-eabi/lib/thumb/v7-m/nofp/libc_nano.a(lib_a-init.o)
__register_frame_info                             /home/arashamf/soft/ARM_toolchains/gcc-arm-none-eabi-10.3-2021.10/bin/../lib/gcc/arm-none-eabi/10.3.1/thumb/v7-m/nofp/crtbegin.o
__retarget_lock_acquire                           /home/arashamf/soft/ARM_toolchains/gcc-arm-none-eabi-10.3-2021.10/bin/../lib/gcc/arm-none-eabi/10.3.1/../../../../arm-none-eabi/lib/thumb/v7-m/nofp/libc_nano.a(lib_a-lock.o)
                                                  /home/arashamf/soft/ARM_toolchains/gcc-arm-none-eabi-10.3-2021.10/bin/../lib/gcc/arm-none-eabi/10.3.1/../../../../arm-none-eabi/lib/thumb/v7-m/nofp/libc_nano.a(lib_a-tzlock.o)
__retarget_lock_acquire_recursive                 /home/arashamf/soft/ARM_toolchains/gcc-arm-none-eabi-10.3-2021.10/bin/../lib/gcc/arm-none-eabi/10.3.1/../../../../arm-none-eabi/lib/thumb/v7-m/nofp/libc_nano.a(lib_a-lock.o)
                                                  /home/arashamf/soft/ARM_toolchains/gcc-arm-none-eabi-10.3-2021.10/bin/../lib/gcc/arm-none-eabi/10.3.1/../../../../arm-none-eabi/lib/thumb/v7-m/nofp/libc_nano.a(lib_a-ungetc.o)
                                                  /home/arashamf/soft/ARM_toolchains/gcc-arm-none-eabi-10.3-2021.10/bin/../lib/gcc/arm-none-eabi/10.3.1/../../../../arm-none-eabi/lib/thumb/v7-m/nofp/libc_nano.a(lib_a-envlock.o)
                                                  /home/arashamf/soft/ARM_toolchains/gcc-arm-none-eabi-10.3-2021.10/bin/../lib/gcc/arm-none-eabi/10.3.1/../../../../arm-none-eabi/lib/thumb/v7-m/nofp/libc_nano.a(lib_a-mlock.o)
                                                  /home/arashamf/soft/ARM_toolchains/gcc-arm-none-eabi-10.3-2021.10/bin/../lib/gcc/arm-none-eabi/10.3.1/../../../../arm-none-eabi/lib/thumb/v7-m/nofp/libc_nano.a(lib_a-findfp.o)
                                                  /home/arashamf/soft/ARM_toolchains/gcc-arm-none-eabi-10.3-2021.10/bin/../lib/gcc/arm-none-eabi/10.3.1/../../../../arm-none-eabi/lib/thumb/v7-m/nofp/libc_nano.a(lib_a-fflush.o)
                                                  /home/arashamf/soft/ARM_toolchains/gcc-arm-none-eabi-10.3-2021.10/bin/../lib/gcc/arm-none-eabi/10.3.1/../../../../arm-none-eabi/lib/thumb/v7-m/nofp/libc_nano.a(lib_a-nano-vfprintf.o)
__retarget_lock_close                             /home/arashamf/soft/ARM_toolchains/gcc-arm-none-eabi-10.3-2021.10/bin/../lib/gcc/arm-none-eabi/10.3.1/../../../../arm-none-eabi/lib/thumb/v7-m/nofp/libc_nano.a(lib_a-lock.o)
__retarget_lock_close_recursive                   /home/arashamf/soft/ARM_toolchains/gcc-arm-none-eabi-10.3-2021.10/bin/../lib/gcc/arm-none-eabi/10.3.1/../../../../arm-none-eabi/lib/thumb/v7-m/nofp/libc_nano.a(lib_a-lock.o)
__retarget_lock_init                              /home/arashamf/soft/ARM_toolchains/gcc-arm-none-eabi-10.3-2021.10/bin/../lib/gcc/arm-none-eabi/10.3.1/../../../../arm-none-eabi/lib/thumb/v7-m/nofp/libc_nano.a(lib_a-lock.o)
__retarget_lock_init_recursive                    /home/arashamf/soft/ARM_toolchains/gcc-arm-none-eabi-10.3-2021.10/bin/../lib/gcc/arm-none-eabi/10.3.1/../../../../arm-none-eabi/lib/thumb/v7-m/nofp/libc_nano.a(lib_a-lock.o)
                                                  /home/arashamf/soft/ARM_toolchains/gcc-arm-none-eabi-10.3-2021.10/bin/../lib/gcc/arm-none-eabi/10.3.1/../../../../arm-none-eabi/lib/thumb/v7-m/nofp/libc_nano.a(lib_a-findfp.o)
__retarget_lock_release                           /home/arashamf/soft/ARM_toolchains/gcc-arm-none-eabi-10.3-2021.10/bin/../lib/gcc/arm-none-eabi/10.3.1/../../../../arm-none-eabi/lib/thumb/v7-m/nofp/libc_nano.a(lib_a-lock.o)
                                                  /home/arashamf/soft/ARM_toolchains/gcc-arm-none-eabi-10.3-2021.10/bin/../lib/gcc/arm-none-eabi/10.3.1/../../../../arm-none-eabi/lib/thumb/v7-m/nofp/libc_nano.a(lib_a-tzlock.o)
__retarget_lock_release_recursive                 /home/arashamf/soft/ARM_toolchains/gcc-arm-none-eabi-10.3-2021.10/bin/../lib/gcc/arm-none-eabi/10.3.1/../../../../arm-none-eabi/lib/thumb/v7-m/nofp/libc_nano.a(lib_a-lock.o)
                                                  /home/arashamf/soft/ARM_toolchains/gcc-arm-none-eabi-10.3-2021.10/bin/../lib/gcc/arm-none-eabi/10.3.1/../../../../arm-none-eabi/lib/thumb/v7-m/nofp/libc_nano.a(lib_a-ungetc.o)
                                                  /home/arashamf/soft/ARM_toolchains/gcc-arm-none-eabi-10.3-2021.10/bin/../lib/gcc/arm-none-eabi/10.3.1/../../../../arm-none-eabi/lib/thumb/v7-m/nofp/libc_nano.a(lib_a-envlock.o)
                                                  /home/arashamf/soft/ARM_toolchains/gcc-arm-none-eabi-10.3-2021.10/bin/../lib/gcc/arm-none-eabi/10.3.1/../../../../arm-none-eabi/lib/thumb/v7-m/nofp/libc_nano.a(lib_a-mlock.o)
                                                  /home/arashamf/soft/ARM_toolchains/gcc-arm-none-eabi-10.3-2021.10/bin/../lib/gcc/arm-none-eabi/10.3.1/../../../../arm-none-eabi/lib/thumb/v7-m/nofp/libc_nano.a(lib_a-findfp.o)
                                                  /home/arashamf/soft/ARM_toolchains/gcc-arm-none-eabi-10.3-2021.10/bin/../lib/gcc/arm-none-eabi/10.3.1/../../../../arm-none-eabi/lib/thumb/v7-m/nofp/libc_nano.a(lib_a-fflush.o)
                                                  /home/arashamf/soft/ARM_toolchains/gcc-arm-none-eabi-10.3-2021.10/bin/../lib/gcc/arm-none-eabi/10.3.1/../../../../arm-none-eabi/lib/thumb/v7-m/nofp/libc_nano.a(lib_a-nano-vfprintf.o)
__retarget_lock_try_acquire                       /home/arashamf/soft/ARM_toolchains/gcc-arm-none-eabi-10.3-2021.10/bin/../lib/gcc/arm-none-eabi/10.3.1/../../../../arm-none-eabi/lib/thumb/v7-m/nofp/libc_nano.a(lib_a-lock.o)
__retarget_lock_try_acquire_recursive             /home/arashamf/soft/ARM_toolchains/gcc-arm-none-eabi-10.3-2021.10/bin/../lib/gcc/arm-none-eabi/10.3.1/../../../../arm-none-eabi/lib/thumb/v7-m/nofp/libc_nano.a(lib_a-lock.o)
__sccl                                            /home/arashamf/soft/ARM_toolchains/gcc-arm-none-eabi-10.3-2021.10/bin/../lib/gcc/arm-none-eabi/10.3.1/../../../../arm-none-eabi/lib/thumb/v7-m/nofp/libc_nano.a(lib_a-sccl.o)
                                                  /home/arashamf/soft/ARM_toolchains/gcc-arm-none-eabi-10.3-2021.10/bin/../lib/gcc/arm-none-eabi/10.3.1/../../../../arm-none-eabi/lib/thumb/v7-m/nofp/libc_nano.a(lib_a-nano-vfscanf_i.o)
                                                  /home/arashamf/soft/ARM_toolchains/gcc-arm-none-eabi-10.3-2021.10/bin/../lib/gcc/arm-none-eabi/10.3.1/../../../../arm-none-eabi/lib/thumb/v7-m/nofp/libc_nano.a(lib_a-nano-svfscanf.o)
__sclose                                          /home/arashamf/soft/ARM_toolchains/gcc-arm-none-eabi-10.3-2021.10/bin/../lib/gcc/arm-none-eabi/10.3.1/../../../../arm-none-eabi/lib/thumb/v7-m/nofp/libc_nano.a(lib_a-stdio.o)
                                                  /home/arashamf/soft/ARM_toolchains/gcc-arm-none-eabi-10.3-2021.10/bin/../lib/gcc/arm-none-eabi/10.3.1/../../../../arm-none-eabi/lib/thumb/v7-m/nofp/libc_nano.a(lib_a-findfp.o)
__seofread                                        /home/arashamf/soft/ARM_toolchains/gcc-arm-none-eabi-10.3-2021.10/bin/../lib/gcc/arm-none-eabi/10.3.1/../../../../arm-none-eabi/lib/thumb/v7-m/nofp/libc_nano.a(lib_a-stdio.o)
                                                  /home/arashamf/soft/ARM_toolchains/gcc-arm-none-eabi-10.3-2021.10/bin/../lib/gcc/arm-none-eabi/10.3.1/../../../../arm-none-eabi/lib/thumb/v7-m/nofp/libc_nano.a(lib_a-sscanf.o)
__sf_fake_stderr                                  /home/arashamf/soft/ARM_toolchains/gcc-arm-none-eabi-10.3-2021.10/bin/../lib/gcc/arm-none-eabi/10.3.1/../../../../arm-none-eabi/lib/thumb/v7-m/nofp/libc_nano.a(lib_a-findfp.o)
                                                  /home/arashamf/soft/ARM_toolchains/gcc-arm-none-eabi-10.3-2021.10/bin/../lib/gcc/arm-none-eabi/10.3.1/../../../../arm-none-eabi/lib/thumb/v7-m/nofp/libc_nano.a(lib_a-ungetc.o)
                                                  /home/arashamf/soft/ARM_toolchains/gcc-arm-none-eabi-10.3-2021.10/bin/../lib/gcc/arm-none-eabi/10.3.1/../../../../arm-none-eabi/lib/thumb/v7-m/nofp/libc_nano.a(lib_a-fflush.o)
                                                  /home/arashamf/soft/ARM_toolchains/gcc-arm-none-eabi-10.3-2021.10/bin/../lib/gcc/arm-none-eabi/10.3.1/../../../../arm-none-eabi/lib/thumb/v7-m/nofp/libc_nano.a(lib_a-wsetup.o)
                                                  /home/arashamf/soft/ARM_toolchains/gcc-arm-none-eabi-10.3-2021.10/bin/../lib/gcc/arm-none-eabi/10.3.1/../../../../arm-none-eabi/lib/thumb/v7-m/nofp/libc_nano.a(lib_a-wbuf.o)
                                                  /home/arashamf/soft/ARM_toolchains/gcc-arm-none-eabi-10.3-2021.10/bin/../lib/gcc/arm-none-eabi/10.3.1/../../../../arm-none-eabi/lib/thumb/v7-m/nofp/libc_nano.a(lib_a-nano-vfprintf.o)
                                                  /home/arashamf/soft/ARM_toolchains/gcc-arm-none-eabi-10.3-2021.10/bin/../lib/gcc/arm-none-eabi/10.3.1/../../../../arm-none-eabi/lib/thumb/v7-m/nofp/libc_nano.a(lib_a-impure.o)
__sf_fake_stdin                                   /home/arashamf/soft/ARM_toolchains/gcc-arm-none-eabi-10.3-2021.10/bin/../lib/gcc/arm-none-eabi/10.3.1/../../../../arm-none-eabi/lib/thumb/v7-m/nofp/libc_nano.a(lib_a-findfp.o)
                                                  /home/arashamf/soft/ARM_toolchains/gcc-arm-none-eabi-10.3-2021.10/bin/../lib/gcc/arm-none-eabi/10.3.1/../../../../arm-none-eabi/lib/thumb/v7-m/nofp/libc_nano.a(lib_a-ungetc.o)