Archive member included to satisfy reference by file (symbol)

/home/arashamf/soft/ARM_toolchains/gcc-arm-none-eabi-10.3-2021.10/bin/../lib/gcc/arm-none-eabi/10.3.1/../../../../arm-none-eabi/lib/thumb/v7-m/nofp/libc_nano.a(lib_a-assert.o)
                              build/time64.o (__assert_func)
/home/arashamf/soft/ARM_toolchains/gcc-arm-none-eabi-10.3-2021.10/bin/../lib/gcc/arm-none-eabi/10.3.1/../../../../arm-none-eabi/lib/thumb/v7-m/nofp/libc_nano.a(lib_a-errno.o)
                              build/time64.o (__errno)
/home/arashamf/soft/ARM_toolchains/gcc-arm-none-eabi-10.3-2021.10/bin/../lib/gcc/arm-none-eabi/10.3.1/../../../../arm-none-eabi/lib/thumb/v7-m/nofp/libc_nano.a(lib_a-exit.o)
                              /home/arashamf/soft/ARM_toolchains/gcc-arm-none-eabi-10.3-2021.10/bin/../lib/gcc/arm-none-eabi/10.3.1/../../../../arm-none-eabi/lib/thumb/v7-m/nofp/crt0.o (exit)
/home/arashamf/soft/ARM_toolchains/gcc-arm-none-eabi-10.3-2021.10/bin/../lib/gcc/arm-none-eabi/10.3.1/../../../../arm-none-eabi/lib/thumb/v7-m/nofp/libc_nano.a(lib_a-fprintf.o)
                              /home/arashamf/soft/ARM_toolchains/gcc-arm-none-eabi-10.3-2021.10/bin/../lib/gcc/arm-none-eabi/10.3.1/../../../../arm-none-eabi/lib/thumb/v7-m/nofp/libc_nano.a(lib_a-assert.o) (fiprintf)
/home/arashamf/soft/ARM_toolchains/gcc-arm-none-eabi-10.3-2021.10/bin/../lib/gcc/arm-none-eabi/10.3.1/../../../../arm-none-eabi/lib/thumb/v7-m/nofp/libc_nano.a(lib_a-gmtime.o)
                              build/time64.o (gmtime)
/home/arashamf/soft/ARM_toolchains/gcc-arm-none-eabi-10.3-2021.10/bin/../lib/gcc/arm-none-eabi/10.3.1/../../../../arm-none-eabi/lib/thumb/v7-m/nofp/libc_nano.a(lib_a-gmtime_r.o)
                              /home/arashamf/soft/ARM_toolchains/gcc-arm-none-eabi-10.3-2021.10/bin/../lib/gcc/arm-none-eabi/10.3.1/../../../../arm-none-eabi/lib/thumb/v7-m/nofp/libc_nano.a(lib_a-gmtime.o) (gmtime_r)
/home/arashamf/soft/ARM_toolchains/gcc-arm-none-eabi-10.3-2021.10/bin/../lib/gcc/arm-none-eabi/10.3.1/../../../../arm-none-eabi/lib/thumb/v7-m/nofp/libc_nano.a(lib_a-impure.o)
                              /home/arashamf/soft/ARM_toolchains/gcc-arm-none-eabi-10.3-2021.10/bin/../lib/gcc/arm-none-eabi/10.3.1/../../../../arm-none-eabi/lib/thumb/v7-m/nofp/libc_nano.a(lib_a-exit.o) (_global_impure_ptr)
/home/arashamf/soft/ARM_toolchains/gcc-arm-none-eabi-10.3-2021.10/bin/../lib/gcc/arm-none-eabi/10.3.1/../../../../arm-none-eabi/lib/thumb/v7-m/nofp/libc_nano.a(lib_a-init.o)
                              /home/arashamf/soft/ARM_toolchains/gcc-arm-none-eabi-10.3-2021.10/bin/../lib/gcc/arm-none-eabi/10.3.1/../../../../arm-none-eabi/lib/thumb/v7-m/nofp/crt0.o (__libc_init_array)
/home/arashamf/soft/ARM_toolchains/gcc-arm-none-eabi-10.3-2021.10/bin/../lib/gcc/arm-none-eabi/10.3.1/../../../../arm-none-eabi/lib/thumb/v7-m/nofp/libc_nano.a(lib_a-lcltime.o)
                              build/time64.o (localtime)
/home/arashamf/soft/ARM_toolchains/gcc-arm-none-eabi-10.3-2021.10/bin/../lib/gcc/arm-none-eabi/10.3.1/../../../../arm-none-eabi/lib/thumb/v7-m/nofp/libc_nano.a(lib_a-lcltime_r.o)
                              build/time64.o (localtime_r)
/home/arashamf/soft/ARM_toolchains/gcc-arm-none-eabi-10.3-2021.10/bin/../lib/gcc/arm-none-eabi/10.3.1/../../../../arm-none-eabi/lib/thumb/v7-m/nofp/libc_nano.a(lib_a-malloc.o)
                              /home/arashamf/soft/ARM_toolchains/gcc-arm-none-eabi-10.3-2021.10/bin/../lib/gcc/arm-none-eabi/10.3.1/../../../../arm-none-eabi/lib/thumb/v7-m/nofp/libc_nano.a(lib_a-gmtime.o) (malloc)
/home/arashamf/soft/ARM_toolchains/gcc-arm-none-eabi-10.3-2021.10/bin/../lib/gcc/arm-none-eabi/10.3.1/../../../../arm-none-eabi/lib/thumb/v7-m/nofp/libc_nano.a(lib_a-memset.o)
                              /home/arashamf/soft/ARM_toolchains/gcc-arm-none-eabi-10.3-2021.10/bin/../lib/gcc/arm-none-eabi/10.3.1/../../../../arm-none-eabi/lib/thumb/v7-m/nofp/crt0.o (memset)
/home/arashamf/soft/ARM_toolchains/gcc-arm-none-eabi-10.3-2021.10/bin/../lib/gcc/arm-none-eabi/10.3.1/../../../../arm-none-eabi/lib/thumb/v7-m/nofp/libc_nano.a(lib_a-mktime.o)
                              build/time64.o (mktime)
/home/arashamf/soft/ARM_toolchains/gcc-arm-none-eabi-10.3-2021.10/bin/../lib/gcc/arm-none-eabi/10.3.1/../../../../arm-none-eabi/lib/thumb/v7-m/nofp/libc_nano.a(lib_a-month_lengths.o)
                              /home/arashamf/soft/ARM_toolchains/gcc-arm-none-eabi-10.3-2021.10/bin/../lib/gcc/arm-none-eabi/10.3.1/../../../../arm-none-eabi/lib/thumb/v7-m/nofp/libc_nano.a(lib_a-lcltime_r.o) (__month_lengths)
/home/arashamf/soft/ARM_toolchains/gcc-arm-none-eabi-10.3-2021.10/bin/../lib/gcc/arm-none-eabi/10.3.1/../../../../arm-none-eabi/lib/thumb/v7-m/nofp/libc_nano.a(lib_a-nano-freer.o)
                              /home/arashamf/soft/ARM_toolchains/gcc-arm-none-eabi-10.3-2021.10/bin/../lib/gcc/arm-none-eabi/10.3.1/../../../../arm-none-eabi/lib/thumb/v7-m/nofp/libc_nano.a(lib_a-malloc.o) (_free_r)
[...]
Memory Configuration

Name             Origin             Length             Attributes
RAM              0x0000000020000000 0x0000000000002800 xrw
FLASH            0x0000000008000000 0x0000000000010000 xr
*default*        0x0000000000000000 0xffffffffffffffff

Linker script and memory map

LOAD /home/arashamf/soft/ARM_toolchains/gcc-arm-none-eabi-10.3-2021.10/bin/../lib/gcc/arm-none-eabi/10.3.1/thumb/v7-m/nofp/crti.o
LOAD /home/arashamf/soft/ARM_toolchains/gcc-arm-none-eabi-10.3-2021.10/bin/../lib/gcc/arm-none-eabi/10.3.1/thumb/v7-m/nofp/crtbegin.o
LOAD /home/arashamf/soft/ARM_toolchains/gcc-arm-none-eabi-10.3-2021.10/bin/../lib/gcc/arm-none-eabi/10.3.1/../../../../arm-none-eabi/lib/thumb/v7-m/nofp/crt0.o
LOAD build/time64.o
LOAD build/ring_buffer.o
LOAD build/LED_display.o
LOAD build/rtc.o
LOAD build/main.o
LOAD build/gpio.o
LOAD build/i2c.o
LOAD build/tim.o
LOAD build/usart.o
LOAD build/stm32l1xx_it.o
LOAD build/stm32l1xx_ll_rcc.o
LOAD build/stm32l1xx_ll_utils.o
LOAD build/stm32l1xx_ll_exti.o
LOAD build/stm32l1xx_ll_gpio.o
LOAD build/stm32l1xx_ll_i2c.o
LOAD build/stm32l1xx_ll_dma.o
LOAD build/stm32l1xx_ll_pwr.o
LOAD build/stm32l1xx_ll_tim.o
LOAD build/stm32l1xx_ll_usart.o
LOAD build/system_stm32l1xx.o
LOAD build/sysmem.o
LOAD build/syscalls.o
LOAD build/startup_stm32l151xb.o
LOAD /home/arashamf/soft/ARM_toolchains/gcc-arm-none-eabi-10.3-2021.10/bin/../lib/gcc/arm-none-eabi/10.3.1/../../../../arm-none-eabi/lib/thumb/v7-m/nofp/libc_nano.a
LOAD /home/arashamf/soft/ARM_toolchains/gcc-arm-none-eabi-10.3-2021.10/bin/../lib/gcc/arm-none-eabi/10.3.1/../../../../arm-none-eabi/lib/thumb/v7-m/nofp/libm.a
LOAD /home/arashamf/soft/ARM_toolchains/gcc-arm-none-eabi-10.3-2021.10/bin/../lib/gcc/arm-none-eabi/10.3.1/../../../../arm-none-eabi/lib/thumb/v7-m/nofp/libnosys.a
START GROUP
LOAD /home/arashamf/soft/ARM_toolchains/gcc-arm-none-eabi-10.3-2021.10/bin/../lib/gcc/arm-none-eabi/10.3.1/thumb/v7-m/nofp/libgcc.a
LOAD /home/arashamf/soft/ARM_toolchains/gcc-arm-none-eabi-10.3-2021.10/bin/../lib/gcc/arm-none-eabi/10.3.1/../../../../arm-none-eabi/lib/thumb/v7-m/nofp/libc_nano.a
END GROUP
START GROUP
LOAD /home/arashamf/soft/ARM_toolchains/gcc-arm-none-eabi-10.3-2021.10/bin/../lib/gcc/arm-none-eabi/10.3.1/thumb/v7-m/nofp/libgcc.a
LOAD /home/arashamf/soft/ARM_toolchains/gcc-arm-none-eabi-10.3-2021.10/bin/../lib/gcc/arm-none-eabi/10.3.1/../../../../arm-none-eabi/lib/thumb/v7-m/nofp/libc_nano.a
END GROUP
LOAD /home/arashamf/soft/ARM_toolchains/gcc-arm-none-eabi-10.3-2021.10/bin/../lib/gcc/arm-none-eabi/10.3.1/thumb/v7-m/nofp/crtend.o
LOAD /home/arashamf/soft/ARM_toolchains/gcc-arm-none-eabi-10.3-2021.10/bin/../lib/gcc/arm-none-eabi/10.3.1/thumb/v7-m/nofp/crtn.o
                0x0000000020002800                _estack = (ORIGIN (RAM) + LENGTH (RAM))
                0x0000000000000200                _Min_Heap_Size = 0x200
                0x0000000000000400                _Min_Stack_Size = 0x400

.isr_vector     0x0000000008000000      0x13c
                0x0000000008000000                . = ALIGN (0x4)
 *(.isr_vector)
 .isr_vector    0x0000000008000000      0x13c build/startup_stm32l151xb.o
                0x0000000008000000                g_pfnVectors
                0x000000000800013c                . = ALIGN (0x4)

.text           0x000000000800013c     0x503c
                0x000000000800013c                . = ALIGN (0x4)
 *(.text)
 .text          0x000000000800013c       0x40 /home/arashamf/soft/ARM_toolchains/gcc-arm-none-eabi-10.3-2021.10/bin/../lib/gcc/arm-none-eabi/10.3.1/thumb/v7-m/nofp/crtbegin.o
 .text          0x000000000800017c       0x14 /home/arashamf/soft/ARM_toolchains/gcc-arm-none-eabi-10.3-2021.10/bin/../lib/gcc/arm-none-eabi/10.3.1/../../../../arm-none-eabi/lib/thumb/v7-m/nofp/libc_nano.a(lib_a-strcmp.o)
                0x000000000800017c                strcmp
 .text          0x0000000008000190       0x10 /home/arashamf/soft/ARM_toolchains/gcc-arm-none-eabi-10.3-2021.10/bin/../lib/gcc/arm-none-eabi/10.3.1/../../../../arm-none-eabi/lib/thumb/v7-m/nofp/libc_nano.a(lib_a-strlen.o)
                0x0000000008000190                strlen
 .text          0x00000000080001a0       0xa0 /home/arashamf/soft/ARM_toolchains/gcc-arm-none-eabi-10.3-2021.10/bin/../lib/gcc/arm-none-eabi/10.3.1/thumb/v7-m/nofp/libgcc.a(_aeabi_ldivmod.o)
                0x00000000080001a0                __aeabi_ldivmod
 .text          0x0000000008000240      0x2d4 /home/arashamf/soft/ARM_toolchains/gcc-arm-none-eabi-10.3-2021.10/bin/../lib/gcc/arm-none-eabi/10.3.1/thumb/v7-m/nofp/libgcc.a(_udivmoddi4.o)
                0x0000000008000240                __udivmoddi4
 .text          0x0000000008000514        0x4 /home/arashamf/soft/ARM_toolchains/gcc-arm-none-eabi-10.3-2021.10/bin/../lib/gcc/arm-none-eabi/10.3.1/thumb/v7-m/nofp/libgcc.a(_dvmd_tls.o)
                0x0000000008000514                __aeabi_ldiv0
                0x0000000008000514                __aeabi_idiv0
 *(.text*)
 .text.is_exception_century
                0x0000000008000518       0x30 build/time64.o
 .text.cycle_offset
                0x0000000008000548       0x54 build/time64.o
 .text.seconds_between_years
                0x000000000800059c      0x120 build/time64.o
 .text.safe_year
                0x00000000080006bc      0x108 build/time64.o
 .text.check_tm
                0x00000000080007c4      0x1dc build/time64.o
 .text.cmp_date
                0x00000000080009a0       0x7c build/time64.o
                0x00000000080009a0                cmp_date
 .text.date_in_safe_range
                0x0000000008000a1c       0x28 build/time64.o
                0x0000000008000a1c                date_in_safe_range
 .text.copy_tm_to_TM64
                0x0000000008000a44       0x40 build/time64.o
                0x0000000008000a44                copy_tm_to_TM64
 .text.copy_TM64_to_tm
                0x0000000008000a84       0x40 build/time64.o
                0x0000000008000a84                copy_TM64_to_tm
 .text.mktime64
                0x0000000008000ac4       0xa4 build/time64.o
                0x0000000008000ac4                mktime64
 .text.gmtime64_r
                0x0000000008000b68      0x3cc build/time64.o
                0x0000000008000b68                gmtime64_r
 .text.RING_GetCount
                0x0000000008000f34       0x1a build/ring_buffer.o
                0x0000000008000f34                RING_GetCount
 .text.RING_Clear
                0x0000000008000f4e       0x12 build/ring_buffer.o
                0x0000000008000f4e                RING_Clear
 .text.RING_Init
                0x0000000008000f60       0x16 build/ring_buffer.o
                0x0000000008000f60                RING_Init
 .text.RING_Put
                0x0000000008000f76       0x1c build/ring_buffer.o
                0x0000000008000f76                RING_Put
 .text.RING_Pop
                0x0000000008000f92       0x1a build/ring_buffer.o
                0x0000000008000f92                RING_Pop
 .text.reset_all_number
                0x0000000008000fac       0x2c build/LED_display.o
                0x0000000008000fac                reset_all_number
 .text.select_number
                0x0000000008000fd8       0x4c build/LED_display.o
                0x0000000008000fd8                select_number
 .text.reset_all_digit
                0x0000000008001024       0x38 build/LED_display.o
                0x0000000008001024                reset_all_digit
 .text.digit_0  0x000000000800105c       0x24 build/LED_display.o
                0x000000000800105c                digit_0
 .text.digit_1  0x0000000008001080       0x10 build/LED_display.o
                0x0000000008001080                digit_1
 .text.digit_2  0x0000000008001090       0x20 build/LED_display.o
                0x0000000008001090                digit_2
 .text.digit_3  0x00000000080010b0       0x20 build/LED_display.o
                0x00000000080010b0                digit_3
 .text.digit_4  0x00000000080010d0       0x1c build/LED_display.o
                0x00000000080010d0                digit_4
 .text.digit_5  0x00000000080010ec       0x20 build/LED_display.o
                0x00000000080010ec                digit_5
 .text.digit_6  0x000000000800110c       0x24 build/LED_display.o
                0x000000000800110c                digit_6
 .text.digit_7  0x0000000008001130       0x14 build/LED_display.o
                0x0000000008001130                digit_7
 .text.digit_8  0x0000000008001144       0x28 build/LED_display.o
                0x0000000008001144                digit_8
 .text.digit_9  0x000000000800116c       0x24 build/LED_display.o
                0x000000000800116c                digit_9
 .text.select_digit
                0x0000000008001190       0x56 build/LED_display.o
                0x0000000008001190                select_digit
 .text.RTC_ConvertToDec
                0x00000000080011e6       0x12 build/rtc.o
 .text.RTC_ConvertToBinDec
                0x00000000080011f8       0x20 build/rtc.o
 .text.GetTime  0x0000000008001218       0x3c build/rtc.o
                0x0000000008001218                GetTime
 .text.SetTime  0x0000000008001254       0x36 build/rtc.o
                0x0000000008001254                SetTime
 *fill*         0x000000000800128a        0x2 
 .text.convert_time
                0x000000000800128c       0x54 build/rtc.o
                0x000000000800128c                convert_time
 .text.CalcUNIXtime_from_DS3231
                0x00000000080012e0       0x30 build/rtc.o
                0x00000000080012e0                CalcUNIXtime_from_DS3231
 .text.CalcTimeStamp_from_UART
                0x0000000008001310       0x34 build/rtc.o
                0x0000000008001310                CalcTimeStamp_from_UART
 .text.copy_TMdata
                0x0000000008001344       0x24 build/rtc.o
                0x0000000008001344                copy_TMdata
 .text.SystemClock_Config
                0x0000000008001368       0xb8 build/main.o
                0x0000000008001368                SystemClock_Config
 .text.main     0x0000000008001420      0x1a4 build/main.o
                0x0000000008001420                main
 .text.SysTimerCallback
                0x00000000080015c4       0x24 build/main.o
                0x00000000080015c4                SysTimerCallback
 .text.MX_GPIO_Init
                0x00000000080015e8      0x208 build/gpio.o
                0x00000000080015e8                MX_GPIO_Init
 .text.I2C_WriteAdress
                0x00000000080017f0       0xd4 build/i2c.o
 .text.MX_I2C1_Init
                0x00000000080018c4       0xe0 build/i2c.o
                0x00000000080018c4                MX_I2C1_Init
 .text.I2C_WriteBuffer
                0x00000000080019a4       0x70 build/i2c.o
                0x00000000080019a4                I2C_WriteBuffer
 .text.I2C_ReadBuffer
                0x0000000008001a14       0xfc build/i2c.o
                0x0000000008001a14                I2C_ReadBuffer
 .text.xTimer_Task
                0x0000000008001b10       0x5c build/tim.o
                0x0000000008001b10                xTimer_Task
 .text.Get_SysTick
                0x0000000008001b6c        0xc build/tim.o
                0x0000000008001b6c                Get_SysTick
 .text.TimerMs_init
                0x0000000008001b78       0xc0 build/tim.o
 .text.vSysTimerCallback
                0x0000000008001c38        0x8 build/tim.o
 .text.SysTimer_init
                0x0000000008001c40       0x8c build/tim.o
 .text.MX_TIM7_Init
                0x0000000008001ccc       0x5c build/tim.o
                0x0000000008001ccc                MX_TIM7_Init
 .text.delay_us
                0x0000000008001d28       0x30 build/tim.o
                0x0000000008001d28                delay_us
 .text.TIM10_IRQHandler
                0x0000000008001d58       0x2c build/tim.o
                0x0000000008001d58                TIM10_IRQHandler
 .text.TIM6_IRQHandler
                0x0000000008001d84       0x44 build/tim.o
                0x0000000008001d84                TIM6_IRQHandler
 .text.xTimer_Create
                0x0000000008001dc8       0x68 build/tim.o
                0x0000000008001dc8                xTimer_Create
 .text.timers_ini
                0x0000000008001e30       0x44 build/tim.o
                0x0000000008001e30                timers_ini
 .text.systick_delay
                0x0000000008001e74       0x18 build/tim.o
                0x0000000008001e74                systick_delay
 .text.calc_CRC8
                0x0000000008001e8c       0x12 build/usart.o
 .text.calc_UNIXtime
                0x0000000008001e9e       0x4c build/usart.o
 *fill*         0x0000000008001eea        0x2 
 .text.MX_USART1_UART_Init
                0x0000000008001eec      0x138 build/usart.o
                0x0000000008001eec                MX_USART1_UART_Init
 .text.DBG_PutString
                0x0000000008002024       0x20 build/usart.o
                0x0000000008002024                DBG_PutString
 .text.UART_CharReception_Callback
                0x0000000008002044       0x18 build/usart.o
                0x0000000008002044                UART_CharReception_Callback
 .text.UART_msg_ini
                0x000000000800205c       0x44 build/usart.o
                0x000000000800205c                UART_msg_ini
 .text.check_ring_buffer
                0x00000000080020a0      0x23c build/usart.o
                0x00000000080020a0                check_ring_buffer
 .text.return_UNIXtimeNTP
                0x00000000080022dc        0xc build/usart.o
                0x00000000080022dc                return_UNIXtimeNTP
 .text.NMI_Handler
                0x00000000080022e8        0x2 build/stm32l1xx_it.o
                0x00000000080022e8                NMI_Handler
 .text.HardFault_Handler
                0x00000000080022ea        0x2 build/stm32l1xx_it.o
                0x00000000080022ea                HardFault_Handler
 .text.MemManage_Handler
                0x00000000080022ec        0x2 build/stm32l1xx_it.o
                0x00000000080022ec                MemManage_Handler
 .text.BusFault_Handler
                0x00000000080022ee        0x2 build/stm32l1xx_it.o
                0x00000000080022ee                BusFault_Handler
 .text.UsageFault_Handler
                0x00000000080022f0        0x2 build/stm32l1xx_it.o
                0x00000000080022f0                UsageFault_Handler
 .text.SVC_Handler
                0x00000000080022f2        0x2 build/stm32l1xx_it.o
                0x00000000080022f2                SVC_Handler
 .text.DebugMon_Handler
                0x00000000080022f4        0x2 build/stm32l1xx_it.o
                0x00000000080022f4                DebugMon_Handler
 .text.PendSV_Handler
                0x00000000080022f6        0x2 build/stm32l1xx_it.o
                0x00000000080022f6                PendSV_Handler
 .text.SysTick_Handler
                0x00000000080022f8        0x2 build/stm32l1xx_it.o
                0x00000000080022f8                SysTick_Handler
 *fill*         0x00000000080022fa        0x2 
 .text.USART1_IRQHandler
                0x00000000080022fc       0x20 build/stm32l1xx_it.o
                0x00000000080022fc                USART1_IRQHandler
 .text.RCC_GetHCLKClockFreq
                0x000000000800231c       0x18 build/stm32l1xx_ll_rcc.o
 .text.RCC_GetPCLK1ClockFreq
                0x0000000008002334       0x18 build/stm32l1xx_ll_rcc.o
 .text.RCC_GetPCLK2ClockFreq
                0x000000000800234c       0x18 build/stm32l1xx_ll_rcc.o
 .text.RCC_PLL_GetFreqDomain_SYS
                0x0000000008002364       0x40 build/stm32l1xx_ll_rcc.o
 .text.RCC_GetSystemClockFreq
                0x00000000080023a4       0x60 build/stm32l1xx_ll_rcc.o
 .text.LL_RCC_GetSystemClocksFreq
                0x0000000008002404       0x20 build/stm32l1xx_ll_rcc.o
                0x0000000008002404                LL_RCC_GetSystemClocksFreq
 .text.LL_Init1msTick
                0x0000000008002424       0x20 build/stm32l1xx_ll_utils.o
                0x0000000008002424                LL_Init1msTick
 .text.LL_SetSystemCoreClock
                0x0000000008002444        0xc build/stm32l1xx_ll_utils.o
                0x0000000008002444                LL_SetSystemCoreClock
 .text.LL_GPIO_Init
                0x0000000008002450      0x150 build/stm32l1xx_ll_gpio.o
                0x0000000008002450                LL_GPIO_Init
 .text.LL_I2C_Init
                0x00000000080025a0      0x104 build/stm32l1xx_ll_i2c.o
                0x00000000080025a0                LL_I2C_Init
 .text.LL_TIM_Init
                0x00000000080026a4       0x6c build/stm32l1xx_ll_tim.o
                0x00000000080026a4                LL_TIM_Init
 .text.LL_USART_Init
                0x0000000008002710      0x11c build/stm32l1xx_ll_usart.o
                0x0000000008002710                LL_USART_Init
 .text.SystemInit
                0x000000000800282c        0x2 build/system_stm32l1xx.o
                0x000000000800282c                SystemInit
 *fill*         0x000000000800282e        0x2 
 .text._sbrk    0x0000000008002830       0x48 build/sysmem.o
                0x0000000008002830                _sbrk
 .text._getpid  0x0000000008002878        0x4 build/syscalls.o
                0x0000000008002878                _getpid
 .text._kill    0x000000000800287c       0x10 build/syscalls.o
                0x000000000800287c                _kill
 .text._exit    0x000000000800288c        0xc build/syscalls.o
                0x000000000800288c                _exit
 .text._read    0x0000000008002898       0x20 build/syscalls.o
                0x0000000008002898                _read
 .text._write   0x00000000080028b8       0x1c build/syscalls.o
                0x00000000080028b8                _write
 .text._close   0x00000000080028d4        0x6 build/syscalls.o
                0x00000000080028d4                _close
 .text._fstat   0x00000000080028da        0xa build/syscalls.o
                0x00000000080028da                _fstat
 .text._isatty  0x00000000080028e4        0x4 build/syscalls.o
                0x00000000080028e4                _isatty
 .text._lseek   0x00000000080028e8        0x4 build/syscalls.o
                0x00000000080028e8                _lseek
 .text.Reset_Handler
                0x00000000080028ec       0x48 build/startup_stm32l151xb.o
                0x00000000080028ec                Reset_Handler
 .text.Default_Handler
                0x0000000008002934        0x2 build/startup_stm32l151xb.o
                0x0000000008002934                RTC_Alarm_IRQHandler
                0x0000000008002934                EXTI2_IRQHandler
                0x0000000008002934                USB_HP_IRQHandler
                0x0000000008002934                PVD_IRQHandler
                0x0000000008002934                EXTI3_IRQHandler
                0x0000000008002934                EXTI0_IRQHandler
                0x0000000008002934                I2C2_EV_IRQHandler
                0x0000000008002934                SPI1_IRQHandler
                0x0000000008002934                USB_FS_WKUP_IRQHandler
                0x0000000008002934                DMA1_Channel4_IRQHandler
                0x0000000008002934                ADC1_IRQHandler
                0x0000000008002934                USART3_IRQHandler
                0x0000000008002934                DMA1_Channel7_IRQHandler
                0x0000000008002934                TIM4_IRQHandler
                0x0000000008002934                I2C1_EV_IRQHandler
                0x0000000008002934                DMA1_Channel6_IRQHandler
                0x0000000008002934                TIM3_IRQHandler
                0x0000000008002934                RCC_IRQHandler
                0x0000000008002934                DMA1_Channel1_IRQHandler
                0x0000000008002934                Default_Handler
                0x0000000008002934                EXTI15_10_IRQHandler
                0x0000000008002934                TIM7_IRQHandler
                0x0000000008002934                EXTI9_5_IRQHandler
                0x0000000008002934                TIM9_IRQHandler
                0x0000000008002934                TAMPER_STAMP_IRQHandler
                0x0000000008002934                RTC_WKUP_IRQHandler
                0x0000000008002934                SPI2_IRQHandler
                0x0000000008002934                DMA1_Channel5_IRQHandler
                0x0000000008002934                USB_LP_IRQHandler
                0x0000000008002934                EXTI4_IRQHandler
                0x0000000008002934                DMA1_Channel3_IRQHandler
                0x0000000008002934                COMP_IRQHandler
                0x0000000008002934                WWDG_IRQHandler
                0x0000000008002934                TIM2_IRQHandler
                0x0000000008002934                DAC_IRQHandler
                0x0000000008002934                EXTI1_IRQHandler
                0x0000000008002934                TIM11_IRQHandler
                0x0000000008002934                USART2_IRQHandler
                0x0000000008002934                I2C2_ER_IRQHandler
                0x0000000008002934                DMA1_Channel2_IRQHandler
                0x0000000008002934                FLASH_IRQHandler
                0x0000000008002934                I2C1_ER_IRQHandler
 *fill*         0x0000000008002936        0x2 
 .text.__assert_func
                0x0000000008002938       0x3c /home/arashamf/soft/ARM_toolchains/gcc-arm-none-eabi-10.3-2021.10/bin/../lib/gcc/arm-none-eabi/10.3.1/../../../../arm-none-eabi/lib/thumb/v7-m/nofp/libc_nano.a(lib_a-assert.o)
                0x0000000008002938                __assert_func
 .text.__errno  0x0000000008002974        0xc /home/arashamf/soft/ARM_toolchains/gcc-arm-none-eabi-10.3-2021.10/bin/../lib/gcc/arm-none-eabi/10.3.1/../../../../arm-none-eabi/lib/thumb/v7-m/nofp/libc_nano.a(lib_a-errno.o)
                0x0000000008002974                __errno
 .text.fprintf  0x0000000008002980       0x24 /home/arashamf/soft/ARM_toolchains/gcc-arm-none-eabi-10.3-2021.10/bin/../lib/gcc/arm-none-eabi/10.3.1/../../../../arm-none-eabi/lib/thumb/v7-m/nofp/libc_nano.a(lib_a-fprintf.o)
                0x0000000008002980                fprintf
                0x0000000008002980                fiprintf
 .text.__libc_init_array
                0x00000000080029a4       0x48 /home/arashamf/soft/ARM_toolchains/gcc-arm-none-eabi-10.3-2021.10/bin/../lib/gcc/arm-none-eabi/10.3.1/../../../../arm-none-eabi/lib/thumb/v7-m/nofp/libc_nano.a(lib_a-init.o)
                0x00000000080029a4                __libc_init_array
 .text.free     0x00000000080029ec       0x10 /home/arashamf/soft/ARM_toolchains/gcc-arm-none-eabi-10.3-2021.10/bin/../lib/gcc/arm-none-eabi/10.3.1/../../../../arm-none-eabi/lib/thumb/v7-m/nofp/libc_nano.a(lib_a-malloc.o)
                0x00000000080029ec                free
 .text.memset   0x00000000080029fc       0x10 /home/arashamf/soft/ARM_toolchains/gcc-arm-none-eabi-10.3-2021.10/bin/../lib/gcc/arm-none-eabi/10.3.1/../../../../arm-none-eabi/lib/thumb/v7-m/nofp/libc_nano.a(lib_a-memset.o)
                0x00000000080029fc                memset
 .text.validate_structure
                0x0000000008002a0c      0x1b0 /home/arashamf/soft/ARM_toolchains/gcc-arm-none-eabi-10.3-2021.10/bin/../lib/gcc/arm-none-eabi/10.3.1/../../../../arm-none-eabi/lib/thumb/v7-m/nofp/libc_nano.a(lib_a-mktime.o)
 .text.mktime   0x0000000008002bbc      0x334 /home/arashamf/soft/ARM_toolchains/gcc-arm-none-eabi-10.3-2021.10/bin/../lib/gcc/arm-none-eabi/10.3.1/../../../../arm-none-eabi/lib/thumb/v7-m/nofp/libc_nano.a(lib_a-mktime.o)
                0x0000000008002bbc                mktime
 .text._free_r  0x0000000008002ef0       0x90 /home/arashamf/soft/ARM_toolchains/gcc-arm-none-eabi-10.3-2021.10/bin/../lib/gcc/arm-none-eabi/10.3.1/../../../../arm-none-eabi/lib/thumb/v7-m/nofp/libc_nano.a(lib_a-nano-freer.o)
                0x0000000008002ef0                _free_r
 .text.sbrk_aligned
                0x0000000008002f80       0x40 /home/arashamf/soft/ARM_toolchains/gcc-arm-none-eabi-10.3-2021.10/bin/../lib/gcc/arm-none-eabi/10.3.1/../../../../arm-none-eabi/lib/thumb/v7-m/nofp/libc_nano.a(lib_a-nano-mallocr.o)
 .text._malloc_r
                0x0000000008002fc0       0xe8 /home/arashamf/soft/ARM_toolchains/gcc-arm-none-eabi-10.3-2021.10/bin/../lib/gcc/arm-none-eabi/10.3.1/../../../../arm-none-eabi/lib/thumb/v7-m/nofp/libc_nano.a(lib_a-nano-mallocr.o)
                0x0000000008002fc0                _malloc_r
 .text.__sfputc_r
                0x00000000080030a8       0x2a /home/arashamf/soft/ARM_toolchains/gcc-arm-none-eabi-10.3-2021.10/bin/../lib/gcc/arm-none-eabi/10.3.1/../../../../arm-none-eabi/lib/thumb/v7-m/nofp/libc_nano.a(lib_a-nano-vfprintf.o)
 .text.__sfputs_r
                0x00000000080030d2       0x24 /home/arashamf/soft/ARM_toolchains/gcc-arm-none-eabi-10.3-2021.10/bin/../lib/gcc/arm-none-eabi/10.3.1/../../../../arm-none-eabi/lib/thumb/v7-m/nofp/libc_nano.a(lib_a-nano-vfprintf.o)
                0x00000000080030d2                __sfputs_r
 *fill*         0x00000000080030f6        0x2 
 .text._vfprintf_r
                0x00000000080030f8      0x260 /home/arashamf/soft/ARM_toolchains/gcc-arm-none-eabi-10.3-2021.10/bin/../lib/gcc/arm-none-eabi/10.3.1/../../../../arm-none-eabi/lib/thumb/v7-m/nofp/libc_nano.a(lib_a-nano-vfprintf.o)
                0x00000000080030f8                _vfiprintf_r
                0x00000000080030f8                _vfprintf_r
 .text._printf_common
                0x0000000008003358       0xde /home/arashamf/soft/ARM_toolchains/gcc-arm-none-eabi-10.3-2021.10/bin/../lib/gcc/arm-none-eabi/10.3.1/../../../../arm-none-eabi/lib/thumb/v7-m/nofp/libc_nano.a(lib_a-nano-vfprintf_i.o)
                0x0000000008003358                _printf_common
 *fill*         0x0000000008003436        0x2 
 .text._printf_i
                0x0000000008003438      0x24c /home/arashamf/soft/ARM_toolchains/gcc-arm-none-eabi-10.3-2021.10/bin/../lib/gcc/arm-none-eabi/10.3.1/../../../../arm-none-eabi/lib/thumb/v7-m/nofp/libc_nano.a(lib_a-nano-vfprintf_i.o)
                0x0000000008003438                _printf_i
 .text._sbrk_r  0x0000000008003684       0x20 /home/arashamf/soft/ARM_toolchains/gcc-arm-none-eabi-10.3-2021.10/bin/../lib/gcc/arm-none-eabi/10.3.1/../../../../arm-none-eabi/lib/thumb/v7-m/nofp/libc_nano.a(lib_a-sbrkr.o)
                0x0000000008003684                _sbrk_r
 .text.snprintf
                0x00000000080036a4       0x68 /home/arashamf/soft/ARM_toolchains/gcc-arm-none-eabi-10.3-2021.10/bin/../lib/gcc/arm-none-eabi/10.3.1/../../../../arm-none-eabi/lib/thumb/v7-m/nofp/libc_nano.a(lib_a-snprintf.o)
                0x00000000080036a4                snprintf
                0x00000000080036a4                sniprintf
 .text.__tzcalc_limits
                0x000000000800370c      0x154 /home/arashamf/soft/ARM_toolchains/gcc-arm-none-eabi-10.3-2021.10/bin/../lib/gcc/arm-none-eabi/10.3.1/../../../../arm-none-eabi/lib/thumb/v7-m/nofp/libc_nano.a(lib_a-tzcalc_limits.o)
                0x000000000800370c                __tzcalc_limits
 .text.__tz_lock
                0x0000000008003860        0xc /home/arashamf/soft/ARM_toolchains/gcc-arm-none-eabi-10.3-2021.10/bin/../lib/gcc/arm-none-eabi/10.3.1/../../../../arm-none-eabi/lib/thumb/v7-m/nofp/libc_nano.a(lib_a-tzlock.o)
                0x0000000008003860                __tz_lock
 .text.__tz_unlock
                0x000000000800386c        0xc /home/arashamf/soft/ARM_toolchains/gcc-arm-none-eabi-10.3-2021.10/bin/../lib/gcc/arm-none-eabi/10.3.1/../../../../arm-none-eabi/lib/thumb/v7-m/nofp/libc_nano.a(lib_a-tzlock.o)
                0x000000000800386c                __tz_unlock
 .text._tzset_unlocked
                0x0000000008003878        0xc /home/arashamf/soft/ARM_toolchains/gcc-arm-none-eabi-10.3-2021.10/bin/../lib/gcc/arm-none-eabi/10.3.1/../../../../arm-none-eabi/lib/thumb/v7-m/nofp/libc_nano.a(lib_a-tzset.o)
                0x0000000008003878                _tzset_unlocked
 .text._tzset_unlocked_r
                0x0000000008003884      0x304 /home/arashamf/soft/ARM_toolchains/gcc-arm-none-eabi-10.3-2021.10/bin/../lib/gcc/arm-none-eabi/10.3.1/../../../../arm-none-eabi/lib/thumb/v7-m/nofp/libc_nano.a(lib_a-tzset_r.o)
                0x0000000008003884                _tzset_unlocked_r
 .text.__swbuf_r
                0x0000000008003b88       0xa4 /home/arashamf/soft/ARM_toolchains/gcc-arm-none-eabi-10.3-2021.10/bin/../lib/gcc/arm-none-eabi/10.3.1/../../../../arm-none-eabi/lib/thumb/v7-m/nofp/libc_nano.a(lib_a-wbuf.o)
                0x0000000008003b88                __swbuf_r
 .text.__swsetup_r
                0x0000000008003c2c       0xdc /home/arashamf/soft/ARM_toolchains/gcc-arm-none-eabi-10.3-2021.10/bin/../lib/gcc/arm-none-eabi/10.3.1/../../../../arm-none-eabi/lib/thumb/v7-m/nofp/libc_nano.a(lib_a-wsetup.o)
                0x0000000008003c2c                __swsetup_r
 .text.abort    0x0000000008003d08        0xe /home/arashamf/soft/ARM_toolchains/gcc-arm-none-eabi-10.3-2021.10/bin/../lib/gcc/arm-none-eabi/10.3.1/../../../../arm-none-eabi/lib/thumb/v7-m/nofp/libc_nano.a(lib_a-abort.o)
                0x0000000008003d08                abort
 .text.div      0x0000000008003d16       0x28 /home/arashamf/soft/ARM_toolchains/gcc-arm-none-eabi-10.3-2021.10/bin/../lib/gcc/arm-none-eabi/10.3.1/../../../../arm-none-eabi/lib/thumb/v7-m/nofp/libc_nano.a(lib_a-div.o)
                0x0000000008003d16                div
 *fill*         0x0000000008003d3e        0x2 
 .text.__sflush_r
                0x0000000008003d40      0x104 /home/arashamf/soft/ARM_toolchains/gcc-arm-none-eabi-10.3-2021.10/bin/../lib/gcc/arm-none-eabi/10.3.1/../../../../arm-none-eabi/lib/thumb/v7-m/nofp/libc_nano.a(lib_a-fflush.o)
                0x0000000008003d40                __sflush_r
 .text._fflush_r
                0x0000000008003e44       0x78 /home/arashamf/soft/ARM_toolchains/gcc-arm-none-eabi-10.3-2021.10/bin/../lib/gcc/arm-none-eabi/10.3.1/../../../../arm-none-eabi/lib/thumb/v7-m/nofp/libc_nano.a(lib_a-fflush.o)
                0x0000000008003e44                _fflush_r
 .text.std      0x0000000008003ebc       0x48 /home/arashamf/soft/ARM_toolchains/gcc-arm-none-eabi-10.3-2021.10/bin/../lib/gcc/arm-none-eabi/10.3.1/../../../../arm-none-eabi/lib/thumb/v7-m/nofp/libc_nano.a(lib_a-findfp.o)
 .text._cleanup_r
                0x0000000008003f04        0xc /home/arashamf/soft/ARM_toolchains/gcc-arm-none-eabi-10.3-2021.10/bin/../lib/gcc/arm-none-eabi/10.3.1/../../../../arm-none-eabi/lib/thumb/v7-m/nofp/libc_nano.a(lib_a-findfp.o)
                0x0000000008003f04                _cleanup_r
 .text.__sfmoreglue
                0x0000000008003f10       0x2c /home/arashamf/soft/ARM_toolchains/gcc-arm-none-eabi-10.3-2021.10/bin/../lib/gcc/arm-none-eabi/10.3.1/../../../../arm-none-eabi/lib/thumb/v7-m/nofp/libc_nano.a(lib_a-findfp.o)
                0x0000000008003f10                __sfmoreglue
 .text.__sfp_lock_acquire
                0x0000000008003f3c        0xc /home/arashamf/soft/ARM_toolchains/gcc-arm-none-eabi-10.3-2021.10/bin/../lib/gcc/arm-none-eabi/10.3.1/../../../../arm-none-eabi/lib/thumb/v7-m/nofp/libc_nano.a(lib_a-findfp.o)
                0x0000000008003f3c                __sfp_lock_acquire
 .text.__sfp_lock_release
                0x0000000008003f48        0xc /home/arashamf/soft/ARM_toolchains/gcc-arm-none-eabi-10.3-2021.10/bin/../lib/gcc/arm-none-eabi/10.3.1/../../../../arm-none-eabi/lib/thumb/v7-m/nofp/libc_nano.a(lib_a-findfp.o)
                0x0000000008003f48                __sfp_lock_release
 .text.__sinit_lock_acquire
                0x0000000008003f54        0xc /home/arashamf/soft/ARM_toolchains/gcc-arm-none-eabi-10.3-2021.10/bin/../lib/gcc/arm-none-eabi/10.3.1/../../../../arm-none-eabi/lib/thumb/v7-m/nofp/libc_nano.a(lib_a-findfp.o)
                0x0000000008003f54                __sinit_lock_acquire
 .text.__sinit_lock_release
                0x0000000008003f60        0xc /home/arashamf/soft/ARM_toolchains/gcc-arm-none-eabi-10.3-2021.10/bin/../lib/gcc/arm-none-eabi/10.3.1/../../../../arm-none-eabi/lib/thumb/v7-m/nofp/libc_nano.a(lib_a-findfp.o)
                0x0000000008003f60                __sinit_lock_release
 .text.__sinit  0x0000000008003f6c       0x70 /home/arashamf/soft/ARM_toolchains/gcc-arm-none-eabi-10.3-2021.10/bin/../lib/gcc/arm-none-eabi/10.3.1/../../../../arm-none-eabi/lib/thumb/v7-m/nofp/libc_nano.a(lib_a-findfp.o)
                0x0000000008003f6c                __sinit
 .text.__sfp    0x0000000008003fdc       0x8c /home/arashamf/soft/ARM_toolchains/gcc-arm-none-eabi-10.3-2021.10/bin/../lib/gcc/arm-none-eabi/10.3.1/../../../../arm-none-eabi/lib/thumb/v7-m/nofp/libc_nano.a(lib_a-findfp.o)
                0x0000000008003fdc                __sfp
 .text._fwalk_reent
                0x0000000008004068       0x3e /home/arashamf/soft/ARM_toolchains/gcc-arm-none-eabi-10.3-2021.10/bin/../lib/gcc/arm-none-eabi/10.3.1/../../../../arm-none-eabi/lib/thumb/v7-m/nofp/libc_nano.a(lib_a-fwalk.o)
                0x0000000008004068                _fwalk_reent
 *fill*         0x00000000080040a6        0x2 
 .text._findenv_r
                0x00000000080040a8       0x78 /home/arashamf/soft/ARM_toolchains/gcc-arm-none-eabi-10.3-2021.10/bin/../lib/gcc/arm-none-eabi/10.3.1/../../../../arm-none-eabi/lib/thumb/v7-m/nofp/libc_nano.a(lib_a-getenv_r.o)
                0x00000000080040a8                _findenv_r
 .text._getenv_r
                0x0000000008004120        0xe /home/arashamf/soft/ARM_toolchains/gcc-arm-none-eabi-10.3-2021.10/bin/../lib/gcc/arm-none-eabi/10.3.1/../../../../arm-none-eabi/lib/thumb/v7-m/nofp/libc_nano.a(lib_a-getenv_r.o)
                0x0000000008004120                _getenv_r
 *fill*         0x000000000800412e        0x2 
 .text.__gettzinfo
                0x0000000008004130        0x8 /home/arashamf/soft/ARM_toolchains/gcc-arm-none-eabi-10.3-2021.10/bin/../lib/gcc/arm-none-eabi/10.3.1/../../../../arm-none-eabi/lib/thumb/v7-m/nofp/libc_nano.a(lib_a-gettzinfo.o)
                0x0000000008004130                __gettzinfo
 .text.__retarget_lock_init_recursive
                0x0000000008004138        0x2 /home/arashamf/soft/ARM_toolchains/gcc-arm-none-eabi-10.3-2021.10/bin/../lib/gcc/arm-none-eabi/10.3.1/../../../../arm-none-eabi/lib/thumb/v7-m/nofp/libc_nano.a(lib_a-lock.o)
                0x0000000008004138                __retarget_lock_init_recursive
 .text.__retarget_lock_acquire
                0x000000000800413a        0x2 /home/arashamf/soft/ARM_toolchains/gcc-arm-none-eabi-10.3-2021.10/bin/../lib/gcc/arm-none-eabi/10.3.1/../../../../arm-none-eabi/lib/thumb/v7-m/nofp/libc_nano.a(lib_a-lock.o)
                0x000000000800413a                __retarget_lock_acquire
 .text.__retarget_lock_acquire_recursive
                0x000000000800413c        0x2 /home/arashamf/soft/ARM_toolchains/gcc-arm-none-eabi-10.3-2021.10/bin/../lib/gcc/arm-none-eabi/10.3.1/../../../../arm-none-eabi/lib/thumb/v7-m/nofp/libc_nano.a(lib_a-lock.o)
                0x000000000800413c                __retarget_lock_acquire_recursive
 .text.__retarget_lock_release
                0x000000000800413e        0x2 /home/arashamf/soft/ARM_toolchains/gcc-arm-none-eabi-10.3-2021.10/bin/../lib/gcc/arm-none-eabi/10.3.1/../../../../arm-none-eabi/lib/thumb/v7-m/nofp/libc_nano.a(lib_a-lock.o)
                0x000000000800413e                __retarget_lock_release
 .text.__retarget_lock_release_recursive
                0x0000000008004140        0x2 /home/arashamf/soft/ARM_toolchains/gcc-arm-none-eabi-10.3-2021.10/bin/../lib/gcc/arm-none-eabi/10.3.1/../../../../arm-none-eabi/lib/thumb/v7-m/nofp/libc_nano.a(lib_a-lock.o)
                0x0000000008004140                __retarget_lock_release_recursive
 .text.__swhatbuf_r
                0x0000000008004142       0x4a /home/arashamf/soft/ARM_toolchains/gcc-arm-none-eabi-10.3-2021.10/bin/../lib/gcc/arm-none-eabi/10.3.1/../../../../arm-none-eabi/lib/thumb/v7-m/nofp/libc_nano.a(lib_a-makebuf.o)
                0x0000000008004142                __swhatbuf_r
 .text.__smakebuf_r
                0x000000000800418c       0x80 /home/arashamf/soft/ARM_toolchains/gcc-arm-none-eabi-10.3-2021.10/bin/../lib/gcc/arm-none-eabi/10.3.1/../../../../arm-none-eabi/lib/thumb/v7-m/nofp/libc_nano.a(lib_a-makebuf.o)
                0x000000000800418c                __smakebuf_r
 .text.memchr   0x000000000800420c       0x1c /home/arashamf/soft/ARM_toolchains/gcc-arm-none-eabi-10.3-2021.10/bin/../lib/gcc/arm-none-eabi/10.3.1/../../../../arm-none-eabi/lib/thumb/v7-m/nofp/libc_nano.a(lib_a-memchr-stub.o)
                0x000000000800420c                memchr
 .text.memcpy   0x0000000008004228       0x1c /home/arashamf/soft/ARM_toolchains/gcc-arm-none-eabi-10.3-2021.10/bin/../lib/gcc/arm-none-eabi/10.3.1/../../../../arm-none-eabi/lib/thumb/v7-m/nofp/libc_nano.a(lib_a-memcpy-stub.o)
                0x0000000008004228                memcpy
 .text.memmove  0x0000000008004244       0x34 /home/arashamf/soft/ARM_toolchains/gcc-arm-none-eabi-10.3-2021.10/bin/../lib/gcc/arm-none-eabi/10.3.1/../../../../arm-none-eabi/lib/thumb/v7-m/nofp/libc_nano.a(lib_a-memmove.o)
                0x0000000008004244                memmove
 .text.__malloc_lock
                0x0000000008004278        0xc /home/arashamf/soft/ARM_toolchains/gcc-arm-none-eabi-10.3-2021.10/bin/../lib/gcc/arm-none-eabi/10.3.1/../../../../arm-none-eabi/lib/thumb/v7-m/nofp/libc_nano.a(lib_a-mlock.o)
                0x0000000008004278                __malloc_lock
 .text.__malloc_unlock
                0x0000000008004284        0xc /home/arashamf/soft/ARM_toolchains/gcc-arm-none-eabi-10.3-2021.10/bin/../lib/gcc/arm-none-eabi/10.3.1/../../../../arm-none-eabi/lib/thumb/v7-m/nofp/libc_nano.a(lib_a-mlock.o)
                0x0000000008004284                __malloc_unlock
 .text._realloc_r
                0x0000000008004290       0x5e /home/arashamf/soft/ARM_toolchains/gcc-arm-none-eabi-10.3-2021.10/bin/../lib/gcc/arm-none-eabi/10.3.1/../../../../arm-none-eabi/lib/thumb/v7-m/nofp/libc_nano.a(lib_a-nano-reallocr.o)
                0x0000000008004290                _realloc_r
 .text.__ssputs_r
                0x00000000080042ee       0xb6 /home/arashamf/soft/ARM_toolchains/gcc-arm-none-eabi-10.3-2021.10/bin/../lib/gcc/arm-none-eabi/10.3.1/../../../../arm-none-eabi/lib/thumb/v7-m/nofp/libc_nano.a(lib_a-nano-svfprintf.o)
                0x00000000080042ee                __ssputs_r
 .text._svfprintf_r
                0x00000000080043a4      0x200 /home/arashamf/soft/ARM_toolchains/gcc-arm-none-eabi-10.3-2021.10/bin/../lib/gcc/arm-none-eabi/10.3.1/../../../../arm-none-eabi/lib/thumb/v7-m/nofp/libc_nano.a(lib_a-nano-svfprintf.o)
                0x00000000080043a4                _svfprintf_r
                0x00000000080043a4                _svfiprintf_r
 .text._raise_r
                0x00000000080045a4       0x50 /home/arashamf/soft/ARM_toolchains/gcc-arm-none-eabi-10.3-2021.10/bin/../lib/gcc/arm-none-eabi/10.3.1/../../../../arm-none-eabi/lib/thumb/v7-m/nofp/libc_nano.a(lib_a-signal.o)
                0x00000000080045a4                _raise_r
 .text.raise    0x00000000080045f4       0x10 /home/arashamf/soft/ARM_toolchains/gcc-arm-none-eabi-10.3-2021.10/bin/../lib/gcc/arm-none-eabi/10.3.1/../../../../arm-none-eabi/lib/thumb/v7-m/nofp/libc_nano.a(lib_a-signal.o)
                0x00000000080045f4                raise
 .text._kill_r  0x0000000008004604       0x24 /home/arashamf/soft/ARM_toolchains/gcc-arm-none-eabi-10.3-2021.10/bin/../lib/gcc/arm-none-eabi/10.3.1/../../../../arm-none-eabi/lib/thumb/v7-m/nofp/libc_nano.a(lib_a-signalr.o)
                0x0000000008004604                _kill_r
 .text._getpid_r
                0x0000000008004628        0x4 /home/arashamf/soft/ARM_toolchains/gcc-arm-none-eabi-10.3-2021.10/bin/../lib/gcc/arm-none-eabi/10.3.1/../../../../arm-none-eabi/lib/thumb/v7-m/nofp/libc_nano.a(lib_a-signalr.o)
                0x0000000008004628                _getpid_r
 .text.sscanf   0x000000000800462c       0x54 /home/arashamf/soft/ARM_toolchains/gcc-arm-none-eabi-10.3-2021.10/bin/../lib/gcc/arm-none-eabi/10.3.1/../../../../arm-none-eabi/lib/thumb/v7-m/nofp/libc_nano.a(lib_a-sscanf.o)
                0x000000000800462c                sscanf
                0x000000000800462c                siscanf
 .text.__sread  0x0000000008004680       0x22 /home/arashamf/soft/ARM_toolchains/gcc-arm-none-eabi-10.3-2021.10/bin/../lib/gcc/arm-none-eabi/10.3.1/../../../../arm-none-eabi/lib/thumb/v7-m/nofp/libc_nano.a(lib_a-stdio.o)
                0x0000000008004680                __sread
 .text.__seofread
                0x00000000080046a2        0x4 /home/arashamf/soft/ARM_toolchains/gcc-arm-none-eabi-10.3-2021.10/bin/../lib/gcc/arm-none-eabi/10.3.1/../../../../arm-none-eabi/lib/thumb/v7-m/nofp/libc_nano.a(lib_a-stdio.o)
                0x00000000080046a2                __seofread
 .text.__swrite
                0x00000000080046a6       0x38 /home/arashamf/soft/ARM_toolchains/gcc-arm-none-eabi-10.3-2021.10/bin/../lib/gcc/arm-none-eabi/10.3.1/../../../../arm-none-eabi/lib/thumb/v7-m/nofp/libc_nano.a(lib_a-stdio.o)
                0x00000000080046a6                __swrite
 .text.__sseek  0x00000000080046de       0x24 /home/arashamf/soft/ARM_toolchains/gcc-arm-none-eabi-10.3-2021.10/bin/../lib/gcc/arm-none-eabi/10.3.1/../../../../arm-none-eabi/lib/thumb/v7-m/nofp/libc_nano.a(lib_a-stdio.o)
                0x00000000080046de                __sseek
 .text.__sclose
                0x0000000008004702        0x8 /home/arashamf/soft/ARM_toolchains/gcc-arm-none-eabi-10.3-2021.10/bin/../lib/gcc/arm-none-eabi/10.3.1/../../../../arm-none-eabi/lib/thumb/v7-m/nofp/libc_nano.a(lib_a-stdio.o)
                0x0000000008004702                __sclose
 .text.strcpy   0x000000000800470a       0x10 /home/arashamf/soft/ARM_toolchains/gcc-arm-none-eabi-10.3-2021.10/bin/../lib/gcc/arm-none-eabi/10.3.1/../../../../arm-none-eabi/lib/thumb/v7-m/nofp/libc_nano.a(lib_a-strcpy.o)
                0x000000000800470a                strcpy
 .text.strncmp  0x000000000800471a       0x28 /home/arashamf/soft/ARM_toolchains/gcc-arm-none-eabi-10.3-2021.10/bin/../lib/gcc/arm-none-eabi/10.3.1/../../../../arm-none-eabi/lib/thumb/v7-m/nofp/libc_nano.a(lib_a-strncmp.o)
                0x000000000800471a                strncmp
 *fill*         0x0000000008004742        0x2 
 .text._strtoul_l.constprop.0
                0x0000000008004744       0xe4 /home/arashamf/soft/ARM_toolchains/gcc-arm-none-eabi-10.3-2021.10/bin/../lib/gcc/arm-none-eabi/10.3.1/../../../../arm-none-eabi/lib/thumb/v7-m/nofp/libc_nano.a(lib_a-strtoul.o)
 .text._strtoul_r
                0x0000000008004828        0x4 /home/arashamf/soft/ARM_toolchains/gcc-arm-none-eabi-10.3-2021.10/bin/../lib/gcc/arm-none-eabi/10.3.1/../../../../arm-none-eabi/lib/thumb/v7-m/nofp/libc_nano.a(lib_a-strtoul.o)
                0x0000000008004828                _strtoul_r
 .text.strtoul  0x000000000800482c       0x14 /home/arashamf/soft/ARM_toolchains/gcc-arm-none-eabi-10.3-2021.10/bin/../lib/gcc/arm-none-eabi/10.3.1/../../../../arm-none-eabi/lib/thumb/v7-m/nofp/libc_nano.a(lib_a-strtoul.o)
                0x000000000800482c                strtoul
 .text._write_r
                0x0000000008004840       0x24 /home/arashamf/soft/ARM_toolchains/gcc-arm-none-eabi-10.3-2021.10/bin/../lib/gcc/arm-none-eabi/10.3.1/../../../../arm-none-eabi/lib/thumb/v7-m/nofp/libc_nano.a(lib_a-writer.o)
                0x0000000008004840                _write_r
 .text._close_r
                0x0000000008004864       0x20 /home/arashamf/soft/ARM_toolchains/gcc-arm-none-eabi-10.3-2021.10/bin/../lib/gcc/arm-none-eabi/10.3.1/../../../../arm-none-eabi/lib/thumb/v7-m/nofp/libc_nano.a(lib_a-closer.o)
                0x0000000008004864                _close_r
 .text.__env_lock
                0x0000000008004884        0xc /home/arashamf/soft/ARM_toolchains/gcc-arm-none-eabi-10.3-2021.10/bin/../lib/gcc/arm-none-eabi/10.3.1/../../../../arm-none-eabi/lib/thumb/v7-m/nofp/libc_nano.a(lib_a-envlock.o)
                0x0000000008004884                __env_lock
 .text.__env_unlock
                0x0000000008004890        0xc /home/arashamf/soft/ARM_toolchains/gcc-arm-none-eabi-10.3-2021.10/bin/../lib/gcc/arm-none-eabi/10.3.1/../../../../arm-none-eabi/lib/thumb/v7-m/nofp/libc_nano.a(lib_a-envlock.o)
                0x0000000008004890                __env_unlock
 .text._fstat_r
                0x000000000800489c       0x24 /home/arashamf/soft/ARM_toolchains/gcc-arm-none-eabi-10.3-2021.10/bin/../lib/gcc/arm-none-eabi/10.3.1/../../../../arm-none-eabi/lib/thumb/v7-m/nofp/libc_nano.a(lib_a-fstatr.o)
                0x000000000800489c                _fstat_r
 .text._isatty_r
                0x00000000080048c0       0x20 /home/arashamf/soft/ARM_toolchains/gcc-arm-none-eabi-10.3-2021.10/bin/../lib/gcc/arm-none-eabi/10.3.1/../../../../arm-none-eabi/lib/thumb/v7-m/nofp/libc_nano.a(lib_a-isattyr.o)
                0x00000000080048c0                _isatty_r
 .text._lseek_r
                0x00000000080048e0       0x24 /home/arashamf/soft/ARM_toolchains/gcc-arm-none-eabi-10.3-2021.10/bin/../lib/gcc/arm-none-eabi/10.3.1/../../../../arm-none-eabi/lib/thumb/v7-m/nofp/libc_nano.a(lib_a-lseekr.o)
                0x00000000080048e0                _lseek_r
 .text._malloc_usable_size_r
                0x0000000008004904       0x10 /home/arashamf/soft/ARM_toolchains/gcc-arm-none-eabi-10.3-2021.10/bin/../lib/gcc/arm-none-eabi/10.3.1/../../../../arm-none-eabi/lib/thumb/v7-m/nofp/libc_nano.a(lib_a-nano-msizer.o)
                0x0000000008004904                _malloc_usable_size_r
 .text._sungetc_r
                0x0000000008004914       0x7a /home/arashamf/soft/ARM_toolchains/gcc-arm-none-eabi-10.3-2021.10/bin/../lib/gcc/arm-none-eabi/10.3.1/../../../../arm-none-eabi/lib/thumb/v7-m/nofp/libc_nano.a(lib_a-nano-svfscanf.o)
                0x0000000008004914                _sungetc_r
 .text.__ssrefill_r
                0x000000000800498e       0x3a /home/arashamf/soft/ARM_toolchains/gcc-arm-none-eabi-10.3-2021.10/bin/../lib/gcc/arm-none-eabi/10.3.1/../../../../arm-none-eabi/lib/thumb/v7-m/nofp/libc_nano.a(lib_a-nano-svfscanf.o)
                0x000000000800498e                __ssrefill_r
 .text.__ssvfscanf_r
                0x00000000080049c8      0x2f4 /home/arashamf/soft/ARM_toolchains/gcc-arm-none-eabi-10.3-2021.10/bin/../lib/gcc/arm-none-eabi/10.3.1/../../../../arm-none-eabi/lib/thumb/v7-m/nofp/libc_nano.a(lib_a-nano-svfscanf.o)
                0x00000000080049c8                __ssvfscanf_r
                0x00000000080049c8                __ssvfiscanf_r
 .text._scanf_chars
                0x0000000008004cbc       0xb4 /home/arashamf/soft/ARM_toolchains/gcc-arm-none-eabi-10.3-2021.10/bin/../lib/gcc/arm-none-eabi/10.3.1/../../../../arm-none-eabi/lib/thumb/v7-m/nofp/libc_nano.a(lib_a-nano-vfscanf_i.o)
                0x0000000008004cbc                _scanf_chars
 .text._scanf_i
                0x0000000008004d70      0x1f0 /home/arashamf/soft/ARM_toolchains/gcc-arm-none-eabi-10.3-2021.10/bin/../lib/gcc/arm-none-eabi/10.3.1/../../../../arm-none-eabi/lib/thumb/v7-m/nofp/libc_nano.a(lib_a-nano-vfscanf_i.o)
                0x0000000008004d70                _scanf_i
 .text._read_r  0x0000000008004f60       0x24 /home/arashamf/soft/ARM_toolchains/gcc-arm-none-eabi-10.3-2021.10/bin/../lib/gcc/arm-none-eabi/10.3.1/../../../../arm-none-eabi/lib/thumb/v7-m/nofp/libc_nano.a(lib_a-readr.o)
                0x0000000008004f60                _read_r
 .text.__sccl   0x0000000008004f84       0x70 /home/arashamf/soft/ARM_toolchains/gcc-arm-none-eabi-10.3-2021.10/bin/../lib/gcc/arm-none-eabi/10.3.1/../../../../arm-none-eabi/lib/thumb/v7-m/nofp/libc_nano.a(lib_a-sccl.o)
                0x0000000008004f84                __sccl
 .text._strtol_l.constprop.0
                0x0000000008004ff4       0xf8 /home/arashamf/soft/ARM_toolchains/gcc-arm-none-eabi-10.3-2021.10/bin/../lib/gcc/arm-none-eabi/10.3.1/../../../../arm-none-eabi/lib/thumb/v7-m/nofp/libc_nano.a(lib_a-strtol.o)
 .text._strtol_r
                0x00000000080050ec        0x4 /home/arashamf/soft/ARM_toolchains/gcc-arm-none-eabi-10.3-2021.10/bin/../lib/gcc/arm-none-eabi/10.3.1/../../../../arm-none-eabi/lib/thumb/v7-m/nofp/libc_nano.a(lib_a-strtol.o)
                0x00000000080050ec                _strtol_r
 .text.__submore
                0x00000000080050f0       0x70 /home/arashamf/soft/ARM_toolchains/gcc-arm-none-eabi-10.3-2021.10/bin/../lib/gcc/arm-none-eabi/10.3.1/../../../../arm-none-eabi/lib/thumb/v7-m/nofp/libc_nano.a(lib_a-ungetc.o)
                0x00000000080050f0                __submore
 *(.glue_7)
 .glue_7        0x0000000008005160        0x0 linker stubs
 *(.glue_7t)
 .glue_7t       0x0000000008005160        0x0 linker stubs
 *(.eh_frame)
 .eh_frame      0x0000000008005160        0x0 /home/arashamf/soft/ARM_toolchains/gcc-arm-none-eabi-10.3-2021.10/bin/../lib/gcc/arm-none-eabi/10.3.1/thumb/v7-m/nofp/crtbegin.o
 *(.init)
 .init          0x0000000008005160        0x4 /home/arashamf/soft/ARM_toolchains/gcc-arm-none-eabi-10.3-2021.10/bin/../lib/gcc/arm-none-eabi/10.3.1/thumb/v7-m/nofp/crti.o
                0x0000000008005160                _init
 .init          0x0000000008005164        0x8 /home/arashamf/soft/ARM_toolchains/gcc-arm-none-eabi-10.3-2021.10/bin/../lib/gcc/arm-none-eabi/10.3.1/thumb/v7-m/nofp/crtn.o
 *(.fini)
 .fini          0x000000000800516c        0x4 /home/arashamf/soft/ARM_toolchains/gcc-arm-none-eabi-10.3-2021.10/bin/../lib/gcc/arm-none-eabi/10.3.1/thumb/v7-m/nofp/crti.o
                0x000000000800516c                _fini
 .fini          0x0000000008005170        0x8 /home/arashamf/soft/ARM_toolchains/gcc-arm-none-eabi-10.3-2021.10/bin/../lib/gcc/arm-none-eabi/10.3.1/thumb/v7-m/nofp/crtn.o
                0x0000000008005178                . = ALIGN (0x4)
                0x0000000008005178                _etext = .

.vfp11_veneer   0x0000000008005178        0x0
 .vfp11_veneer  0x0000000008005178        0x0 linker stubs

.v4_bx          0x0000000008005178        0x0
 .v4_bx         0x0000000008005178        0x0 linker stubs

.iplt           0x0000000008005178        0x0
 .iplt          0x0000000008005178        0x0 /home/arashamf/soft/ARM_toolchains/gcc-arm-none-eabi-10.3-2021.10/bin/../lib/gcc/arm-none-eabi/10.3.1/thumb/v7-m/nofp/crtbegin.o

.rodata         0x0000000008005178      0x6b4
                0x0000000008005178                . = ALIGN (0x4)
 *(.rodata)
 .rodata        0x0000000008005178        0xc /home/arashamf/soft/ARM_toolchains/gcc-arm-none-eabi-10.3-2021.10/bin/../lib/gcc/arm-none-eabi/10.3.1/../../../../arm-none-eabi/lib/thumb/v7-m/nofp/libc_nano.a(lib_a-nano-vfscanf_i.o)
 *(.rodata*)
 .rodata.safe_year.str1.4
                0x0000000008005184       0x81 build/time64.o
 *fill*         0x0000000008005205        0x3 
 .rodata.check_tm.str1.4
                0x0000000008005208      0x158 build/time64.o
 .rodata.gmtime64_r.str1.4
                0x0000000008005360       0x18 build/time64.o
 .rodata.SYSTEM_MKTIME_MAX
                0x0000000008005378       0x24 build/time64.o
 .rodata.SYSTEM_MKTIME_MIN
                0x000000000800539c       0x24 build/time64.o
 .rodata.__func__.1
                0x00000000080053c0        0x9 build/time64.o
 *fill*         0x00000000080053c9        0x3 
 .rodata.__func__.2
                0x00000000080053cc        0xb build/time64.o
 *fill*         0x00000000080053d7        0x1 
 .rodata.__func__.3
                0x00000000080053d8        0xa build/time64.o
 *fill*         0x00000000080053e2        0x2 
 .rodata.days_in_month
                0x00000000080053e4       0x18 build/time64.o
 .rodata.julian_days_by_month
                0x00000000080053fc       0x30 build/time64.o
 .rodata.length_of_year
                0x000000000800542c        0x4 build/time64.o
 .rodata.safe_years_high
                0x0000000008005430       0x38 build/time64.o
 .rodata.safe_years_low
                0x0000000008005468       0x70 build/time64.o
 .rodata.main.str1.4
                0x00000000080054d8       0x16 build/main.o
 *fill*         0x00000000080054ee        0x2 
 .rodata.check_ring_buffer.str1.4
                0x00000000080054f0       0x2b build/usart.o
 *fill*         0x000000000800551b        0x1 
 .rodata.AHBPrescTable
                0x000000000800551c       0x10 build/system_stm32l1xx.o
                0x000000000800551c                AHBPrescTable
 .rodata.APBPrescTable
                0x000000000800552c        0x8 build/system_stm32l1xx.o
                0x000000000800552c                APBPrescTable
 .rodata.PLLMulTable
                0x0000000008005534        0x9 build/system_stm32l1xx.o
                0x0000000008005534                PLLMulTable
 .rodata.__assert_func.str1.1
                0x000000000800553d       0x3c /home/arashamf/soft/ARM_toolchains/gcc-arm-none-eabi-10.3-2021.10/bin/../lib/gcc/arm-none-eabi/10.3.1/../../../../arm-none-eabi/lib/thumb/v7-m/nofp/libc_nano.a(lib_a-assert.o)
                                         0x3d (size before relaxing)
 *fill*         0x0000000008005579        0x3 
 .rodata._global_impure_ptr
                0x000000000800557c        0x4 /home/arashamf/soft/ARM_toolchains/gcc-arm-none-eabi-10.3-2021.10/bin/../lib/gcc/arm-none-eabi/10.3.1/../../../../arm-none-eabi/lib/thumb/v7-m/nofp/libc_nano.a(lib_a-impure.o)
                0x000000000800557c                _global_impure_ptr
 .rodata.DAYS_IN_MONTH
                0x0000000008005580       0x30 /home/arashamf/soft/ARM_toolchains/gcc-arm-none-eabi-10.3-2021.10/bin/../lib/gcc/arm-none-eabi/10.3.1/../../../../arm-none-eabi/lib/thumb/v7-m/nofp/libc_nano.a(lib_a-mktime.o)
 .rodata._DAYS_BEFORE_MONTH
                0x00000000080055b0       0x30 /home/arashamf/soft/ARM_toolchains/gcc-arm-none-eabi-10.3-2021.10/bin/../lib/gcc/arm-none-eabi/10.3.1/../../../../arm-none-eabi/lib/thumb/v7-m/nofp/libc_nano.a(lib_a-mktime.o)
 .rodata.__month_lengths
                0x00000000080055e0       0x60 /home/arashamf/soft/ARM_toolchains/gcc-arm-none-eabi-10.3-2021.10/bin/../lib/gcc/arm-none-eabi/10.3.1/../../../../arm-none-eabi/lib/thumb/v7-m/nofp/libc_nano.a(lib_a-month_lengths.o)
                0x00000000080055e0                __month_lengths
 .rodata._vfprintf_r.str1.1
                0x0000000008005640       0x11 /home/arashamf/soft/ARM_toolchains/gcc-arm-none-eabi-10.3-2021.10/bin/../lib/gcc/arm-none-eabi/10.3.1/../../../../arm-none-eabi/lib/thumb/v7-m/nofp/libc_nano.a(lib_a-nano-vfprintf.o)
 .rodata._printf_i.str1.1
                0x0000000008005651       0x22 /home/arashamf/soft/ARM_toolchains/gcc-arm-none-eabi-10.3-2021.10/bin/../lib/gcc/arm-none-eabi/10.3.1/../../../../arm-none-eabi/lib/thumb/v7-m/nofp/libc_nano.a(lib_a-nano-vfprintf_i.o)
 .rodata._tzset_unlocked_r.str1.1
                0x0000000008005673       0x3c /home/arashamf/soft/ARM_toolchains/gcc-arm-none-eabi-10.3-2021.10/bin/../lib/gcc/arm-none-eabi/10.3.1/../../../../arm-none-eabi/lib/thumb/v7-m/nofp/libc_nano.a(lib_a-tzset_r.o)
                                         0x4e (size before relaxing)
 .rodata.str1.1
                0x00000000080056af        0x4 /home/arashamf/soft/ARM_toolchains/gcc-arm-none-eabi-10.3-2021.10/bin/../lib/gcc/arm-none-eabi/10.3.1/../../../../arm-none-eabi/lib/thumb/v7-m/nofp/libc_nano.a(lib_a-tzvars.o)
 *fill*         0x00000000080056af        0x1 
 .rodata.__sf_fake_stderr
                0x00000000080056b0       0x20 /home/arashamf/soft/ARM_toolchains/gcc-arm-none-eabi-10.3-2021.10/bin/../lib/gcc/arm-none-eabi/10.3.1/../../../../arm-none-eabi/lib/thumb/v7-m/nofp/libc_nano.a(lib_a-findfp.o)
                0x00000000080056b0                __sf_fake_stderr
 .rodata.__sf_fake_stdin
                0x00000000080056d0       0x20 /home/arashamf/soft/ARM_toolchains/gcc-arm-none-eabi-10.3-2021.10/bin/../lib/gcc/arm-none-eabi/10.3.1/../../../../arm-none-eabi/lib/thumb/v7-m/nofp/libc_nano.a(lib_a-findfp.o)
                0x00000000080056d0                __sf_fake_stdin
 .rodata.__sf_fake_stdout
                0x00000000080056f0       0x20 /home/arashamf/soft/ARM_toolchains/gcc-arm-none-eabi-10.3-2021.10/bin/../lib/gcc/arm-none-eabi/10.3.1/../../../../arm-none-eabi/lib/thumb/v7-m/nofp/libc_nano.a(lib_a-findfp.o)
                0x00000000080056f0                __sf_fake_stdout
 .rodata._svfprintf_r.str1.1
                0x0000000008005710       0x11 /home/arashamf/soft/ARM_toolchains/gcc-arm-none-eabi-10.3-2021.10/bin/../lib/gcc/arm-none-eabi/10.3.1/../../../../arm-none-eabi/lib/thumb/v7-m/nofp/libc_nano.a(lib_a-nano-svfprintf.o)
 .rodata._ctype_
                0x0000000008005710      0x101 /home/arashamf/soft/ARM_toolchains/gcc-arm-none-eabi-10.3-2021.10/bin/../lib/gcc/arm-none-eabi/10.3.1/../../../../arm-none-eabi/lib/thumb/v7-m/nofp/libc_nano.a(lib_a-ctype_.o)
                0x0000000008005710                _ctype_
 .rodata.__ssvfscanf_r.str1.1
                0x0000000008005811        0x4 /home/arashamf/soft/ARM_toolchains/gcc-arm-none-eabi-10.3-2021.10/bin/../lib/gcc/arm-none-eabi/10.3.1/../../../../arm-none-eabi/lib/thumb/v7-m/nofp/libc_nano.a(lib_a-nano-svfscanf.o)
 .rodata.str1.1
                0x0000000008005811        0x9 /home/arashamf/soft/ARM_toolchains/gcc-arm-none-eabi-10.3-2021.10/bin/../lib/gcc/arm-none-eabi/10.3.1/../../../../arm-none-eabi/lib/thumb/v7-m/nofp/libc_nano.a(lib_a-nano-vfscanf_i.o)
 .rodata._scanf_i.str1.1
                0x000000000800581a       0x12 /home/arashamf/soft/ARM_toolchains/gcc-arm-none-eabi-10.3-2021.10/bin/../lib/gcc/arm-none-eabi/10.3.1/../../../../arm-none-eabi/lib/thumb/v7-m/nofp/libc_nano.a(lib_a-nano-vfscanf_i.o)
                0x000000000800582c                . = ALIGN (0x4)

.ARM.extab
 *(.ARM.extab* .gnu.linkonce.armextab.*)

.ARM            0x000000000800582c        0x8
                0x000000000800582c                __exidx_start = .
 *(.ARM.exidx*)
 .ARM.exidx     0x000000000800582c        0x8 /home/arashamf/soft/ARM_toolchains/gcc-arm-none-eabi-10.3-2021.10/bin/../lib/gcc/arm-none-eabi/10.3.1/thumb/v7-m/nofp/libgcc.a(_udivmoddi4.o)
                0x0000000008005834                __exidx_end = .

.rel.dyn        0x0000000008005834        0x0
 .rel.iplt      0x0000000008005834        0x0 /home/arashamf/soft/ARM_toolchains/gcc-arm-none-eabi-10.3-2021.10/bin/../lib/gcc/arm-none-eabi/10.3.1/thumb/v7-m/nofp/crtbegin.o

.preinit_array  0x0000000008005834        0x0
                0x0000000008005834                PROVIDE (__preinit_array_start = .)
 *(.preinit_array*)
                0x0000000008005834                PROVIDE (__preinit_array_end = .)

.init_array     0x0000000008005834        0x4
                0x0000000008005834                PROVIDE (__init_array_start = .)
 *(SORT_BY_NAME(.init_array.*))
 *(.init_array*)
 .init_array    0x0000000008005834        0x4 /home/arashamf/soft/ARM_toolchains/gcc-arm-none-eabi-10.3-2021.10/bin/../lib/gcc/arm-none-eabi/10.3.1/thumb/v7-m/nofp/crtbegin.o
                0x0000000008005838                PROVIDE (__init_array_end = .)

.fini_array     0x0000000008005838        0x4
                [!provide]                        PROVIDE (__fini_array_start = .)
 *(SORT_BY_NAME(.fini_array.*))
 *(.fini_array*)
 .fini_array    0x0000000008005838        0x4 /home/arashamf/soft/ARM_toolchains/gcc-arm-none-eabi-10.3-2021.10/bin/../lib/gcc/arm-none-eabi/10.3.1/thumb/v7-m/nofp/crtbegin.o
                [!provide]                        PROVIDE (__fini_array_end = .)
                0x000000000800583c                _sidata = LOADADDR (.data)

.data           0x0000000020000000       0xd8 load address 0x000000000800583c
                0x0000000020000000                . = ALIGN (0x4)
                0x0000000020000000                _sdata = .
 *(.data)
 *(.data*)
 .data.divider.0
                0x0000000020000000        0x1 build/usart.o
 *fill*         0x0000000020000001        0x3 
 .data.ptr_PDTmsg
                0x0000000020000004        0x4 build/usart.o
                0x0000000020000004                ptr_PDTmsg
 .data.SystemCoreClock
                0x0000000020000008        0x4 build/system_stm32l1xx.o
                0x0000000020000008                SystemCoreClock
 .data.environ  0x000000002000000c        0x4 build/syscalls.o
                0x000000002000000c                environ
 .data._impure_ptr
                0x0000000020000010        0x4 /home/arashamf/soft/ARM_toolchains/gcc-arm-none-eabi-10.3-2021.10/bin/../lib/gcc/arm-none-eabi/10.3.1/../../../../arm-none-eabi/lib/thumb/v7-m/nofp/libc_nano.a(lib_a-impure.o)
                0x0000000020000010                _impure_ptr
 .data.impure_data
                0x0000000020000014       0x60 /home/arashamf/soft/ARM_toolchains/gcc-arm-none-eabi-10.3-2021.10/bin/../lib/gcc/arm-none-eabi/10.3.1/../../../../arm-none-eabi/lib/thumb/v7-m/nofp/libc_nano.a(lib_a-impure.o)
 .data._tzname  0x0000000020000074        0x8 /home/arashamf/soft/ARM_toolchains/gcc-arm-none-eabi-10.3-2021.10/bin/../lib/gcc/arm-none-eabi/10.3.1/../../../../arm-none-eabi/lib/thumb/v7-m/nofp/libc_nano.a(lib_a-tzvars.o)
                0x0000000020000074                _tzname
 *fill*         0x000000002000007c        0x4 
 .data.tzinfo   0x0000000020000080       0x58 /home/arashamf/soft/ARM_toolchains/gcc-arm-none-eabi-10.3-2021.10/bin/../lib/gcc/arm-none-eabi/10.3.1/../../../../arm-none-eabi/lib/thumb/v7-m/nofp/libc_nano.a(lib_a-gettzinfo.o)
                0x00000000200000d8                . = ALIGN (0x4)
                0x00000000200000d8                _edata = .

.igot.plt       0x00000000200000d8        0x0 load address 0x0000000008005914
 .igot.plt      0x00000000200000d8        0x0 /home/arashamf/soft/ARM_toolchains/gcc-arm-none-eabi-10.3-2021.10/bin/../lib/gcc/arm-none-eabi/10.3.1/thumb/v7-m/nofp/crtbegin.o
                0x00000000200000d8                . = ALIGN (0x4)

.bss            0x00000000200000d8      0x18c load address 0x0000000008005914
                0x00000000200000d8                _sbss = .
                0x00000000200000d8                __bss_start__ = _sbss
 *(.bss)
 .bss           0x00000000200000d8       0x1c /home/arashamf/soft/ARM_toolchains/gcc-arm-none-eabi-10.3-2021.10/bin/../lib/gcc/arm-none-eabi/10.3.1/thumb/v7-m/nofp/crtbegin.o
 *(.bss*)
 .bss.TimeStamp
                0x00000000200000f4       0x24 build/rtc.o
                0x00000000200000f4                TimeStamp
 .bss.TimeUART  0x0000000020000118        0x4 build/main.o
                0x0000000020000118                TimeUART
 .bss.data      0x000000002000011c       0x1c build/main.o
                0x000000002000011c                data
 .bss.timeout_delay.1
                0x0000000020000138        0x8 build/i2c.o
 .bss.timeout_delay.3
                0x0000000020000140        0x8 build/i2c.o
 .bss.timeout_delay.4
                0x0000000020000148        0x8 build/i2c.o
 .bss.SysTick_CallbackFunction
                0x0000000020000150        0x4 build/tim.o
 *fill*         0x0000000020000154        0x4 
 .bss.TicksCounter
                0x0000000020000158        0x8 build/tim.o
 .bss.flag_end_delay
                0x0000000020000160        0x1 build/tim.o
                0x0000000020000160                flag_end_delay
 *fill*         0x0000000020000161        0x3 
 .bss.xSysTimer
                0x0000000020000164        0x4 build/tim.o
 .bss.xTimeNow  0x0000000020000168        0x4 build/tim.o
 .bss.xTimerList
                0x000000002000016c       0x20 build/tim.o
 .bss.DBG_buffer
                0x000000002000018c       0x32 build/usart.o
                0x000000002000018c                DBG_buffer
 *fill*         0x00000000200001be        0x2 
 .bss.RING_buffer
                0x00000000200001c0        0xc build/usart.o
                0x00000000200001c0                RING_buffer
 .bss.UART_msg  0x00000000200001cc       0x20 build/usart.o
                0x00000000200001cc                UART_msg
 .bss.count.1   0x00000000200001ec        0x1 build/usart.o
 *fill*         0x00000000200001ed        0x3 
 .bss.uart_buffer
                0x00000000200001f0       0x32 build/usart.o
                0x00000000200001f0                uart_buffer
 *fill*         0x0000000020000222        0x2 
 .bss.__sbrk_heap_end
                0x0000000020000224        0x4 build/sysmem.o
 .bss.__env     0x0000000020000228        0x4 build/syscalls.o
                0x0000000020000228                __env
 .bss.__malloc_free_list
                0x000000002000022c        0x4 /home/arashamf/soft/ARM_toolchains/gcc-arm-none-eabi-10.3-2021.10/bin/../lib/gcc/arm-none-eabi/10.3.1/../../../../arm-none-eabi/lib/thumb/v7-m/nofp/libc_nano.a(lib_a-nano-mallocr.o)
                0x000000002000022c                __malloc_free_list
 .bss.__malloc_sbrk_start
                0x0000000020000230        0x4 /home/arashamf/soft/ARM_toolchains/gcc-arm-none-eabi-10.3-2021.10/bin/../lib/gcc/arm-none-eabi/10.3.1/../../../../arm-none-eabi/lib/thumb/v7-m/nofp/libc_nano.a(lib_a-nano-mallocr.o)
                0x0000000020000230                __malloc_sbrk_start
 .bss.__tzname_dst
                0x0000000020000234        0xb /home/arashamf/soft/ARM_toolchains/gcc-arm-none-eabi-10.3-2021.10/bin/../lib/gcc/arm-none-eabi/10.3.1/../../../../arm-none-eabi/lib/thumb/v7-m/nofp/libc_nano.a(lib_a-tzset_r.o)
 .bss.__tzname_std
                0x000000002000023f        0xb /home/arashamf/soft/ARM_toolchains/gcc-arm-none-eabi-10.3-2021.10/bin/../lib/gcc/arm-none-eabi/10.3.1/../../../../arm-none-eabi/lib/thumb/v7-m/nofp/libc_nano.a(lib_a-tzset_r.o)
 *fill*         0x000000002000024a        0x2 
 .bss.prev_tzenv
                0x000000002000024c        0x4 /home/arashamf/soft/ARM_toolchains/gcc-arm-none-eabi-10.3-2021.10/bin/../lib/gcc/arm-none-eabi/10.3.1/../../../../arm-none-eabi/lib/thumb/v7-m/nofp/libc_nano.a(lib_a-tzset_r.o)
 .bss._daylight
                0x0000000020000250        0x4 /home/arashamf/soft/ARM_toolchains/gcc-arm-none-eabi-10.3-2021.10/bin/../lib/gcc/arm-none-eabi/10.3.1/../../../../arm-none-eabi/lib/thumb/v7-m/nofp/libc_nano.a(lib_a-tzvars.o)
                0x0000000020000250                _daylight
 .bss._timezone
                0x0000000020000254        0x4 /home/arashamf/soft/ARM_toolchains/gcc-arm-none-eabi-10.3-2021.10/bin/../lib/gcc/arm-none-eabi/10.3.1/../../../../arm-none-eabi/lib/thumb/v7-m/nofp/libc_nano.a(lib_a-tzvars.o)
                0x0000000020000254                _timezone
 .bss.__lock___env_recursive_mutex
                0x0000000020000258        0x1 /home/arashamf/soft/ARM_toolchains/gcc-arm-none-eabi-10.3-2021.10/bin/../lib/gcc/arm-none-eabi/10.3.1/../../../../arm-none-eabi/lib/thumb/v7-m/nofp/libc_nano.a(lib_a-lock.o)
                0x0000000020000258                __lock___env_recursive_mutex
 .bss.__lock___malloc_recursive_mutex
                0x0000000020000259        0x1 /home/arashamf/soft/ARM_toolchains/gcc-arm-none-eabi-10.3-2021.10/bin/../lib/gcc/arm-none-eabi/10.3.1/../../../../arm-none-eabi/lib/thumb/v7-m/nofp/libc_nano.a(lib_a-lock.o)
                0x0000000020000259                __lock___malloc_recursive_mutex
 .bss.__lock___sfp_recursive_mutex
                0x000000002000025a        0x1 /home/arashamf/soft/ARM_toolchains/gcc-arm-none-eabi-10.3-2021.10/bin/../lib/gcc/arm-none-eabi/10.3.1/../../../../arm-none-eabi/lib/thumb/v7-m/nofp/libc_nano.a(lib_a-lock.o)
                0x000000002000025a                __lock___sfp_recursive_mutex
 .bss.__lock___sinit_recursive_mutex
                0x000000002000025b        0x1 /home/arashamf/soft/ARM_toolchains/gcc-arm-none-eabi-10.3-2021.10/bin/../lib/gcc/arm-none-eabi/10.3.1/../../../../arm-none-eabi/lib/thumb/v7-m/nofp/libc_nano.a(lib_a-lock.o)
                0x000000002000025b                __lock___sinit_recursive_mutex
 .bss.__lock___tz_mutex
                0x000000002000025c        0x1 /home/arashamf/soft/ARM_toolchains/gcc-arm-none-eabi-10.3-2021.10/bin/../lib/gcc/arm-none-eabi/10.3.1/../../../../arm-none-eabi/lib/thumb/v7-m/nofp/libc_nano.a(lib_a-lock.o)
                0x000000002000025c                __lock___tz_mutex
 *fill*         0x000000002000025d        0x3 
 .bss.errno     0x0000000020000260        0x4 /home/arashamf/soft/ARM_toolchains/gcc-arm-none-eabi-10.3-2021.10/bin/../lib/gcc/arm-none-eabi/10.3.1/../../../../arm-none-eabi/lib/thumb/v7-m/nofp/libc_nano.a(lib_a-reent.o)
                0x0000000020000260                errno
 *(COMMON)
                0x0000000020000264                . = ALIGN (0x4)
                0x0000000020000264                _ebss = .
                0x0000000020000264                __bss_end__ = _ebss

._user_heap_stack
                0x0000000020000264      0x604 load address 0x0000000008005914
                0x0000000020000268                . = ALIGN (0x8)
 *fill*         0x0000000020000264        0x4 
                [!provide]                        PROVIDE (end = .)
                0x0000000020000268                PROVIDE (_end = .)
                0x0000000020000468                . = (. + _Min_Heap_Size)
 *fill*         0x0000000020000268      0x200 
                0x0000000020000868                . = (. + _Min_Stack_Size)
 *fill*         0x0000000020000468      0x400 
                0x0000000020000868                . = ALIGN (0x8)

/DISCARD/
 libc.a(*)
 libm.a(*)
 libgcc.a(*)

.ARM.attributes
                0x0000000000000000       0x29
 *(.ARM.attributes)
 .ARM.attributes
                0x0000000000000000       0x1d /home/arashamf/soft/ARM_toolchains/gcc-arm-none-eabi-10.3-2021.10/bin/../lib/gcc/arm-none-eabi/10.3.1/thumb/v7-m/nofp/crti.o
 .ARM.attributes
                0x000000000000001d       0x2d /home/arashamf/soft/ARM_toolchains/gcc-arm-none-eabi-10.3-2021.10/bin/../lib/gcc/arm-none-eabi/10.3.1/thumb/v7-m/nofp/crtbegin.o
 .ARM.attributes
                0x000000000000004a       0x2d build/time64.o
 .ARM.attributes
                0x0000000000000077       0x2d build/ring_buffer.o
 .ARM.attributes
                0x00000000000000a4       0x2d build/LED_display.o
 .ARM.attributes
                0x00000000000000d1       0x2d build/rtc.o
 .ARM.attributes
                0x00000000000000fe       0x2d build/main.o
 .ARM.attributes
                0x000000000000012b       0x2d build/gpio.o
 .ARM.attributes
                0x0000000000000158       0x2d build/i2c.o
 .ARM.attributes
                0x0000000000000185       0x2d build/tim.o
 .ARM.attributes
                0x00000000000001b2       0x2d build/usart.o
 .ARM.attributes
                0x00000000000001df       0x2d build/stm32l1xx_it.o
 .ARM.attributes
                0x000000000000020c       0x2d build/stm32l1xx_ll_rcc.o
 .ARM.attributes
                0x0000000000000239       0x2d build/stm32l1xx_ll_utils.o
 .ARM.attributes
                0x0000000000000266       0x2d build/stm32l1xx_ll_gpio.o
 .ARM.attributes
                0x0000000000000293       0x2d build/stm32l1xx_ll_i2c.o
 .ARM.attributes
                0x00000000000002c0       0x2d build/stm32l1xx_ll_tim.o
 .ARM.attributes
                0x00000000000002ed       0x2d build/stm32l1xx_ll_usart.o
 .ARM.attributes
                0x000000000000031a       0x2d build/system_stm32l1xx.o
 .ARM.attributes
                0x0000000000000347       0x2d build/sysmem.o
 .ARM.attributes
                0x0000000000000374       0x2d build/syscalls.o
 .ARM.attributes
                0x00000000000003a1       0x21 build/startup_stm32l151xb.o
 .ARM.attributes
                0x00000000000003c2       0x2d /home/arashamf/soft/ARM_toolchains/gcc-arm-none-eabi-10.3-2021.10/bin/../lib/gcc/arm-none-eabi/10.3.1/../../../../arm-none-eabi/lib/thumb/v7-m/nofp/libc_nano.a(lib_a-assert.o)
 .ARM.attributes
                0x00000000000003ef       0x2d /home/arashamf/soft/ARM_toolchains/gcc-arm-none-eabi-10.3-2021.10/bin/../lib/gcc/arm-none-eabi/10.3.1/../../../../arm-none-eabi/lib/thumb/v7-m/nofp/libc_nano.a(lib_a-errno.o)
 .ARM.attributes
                0x000000000000041c       0x2d /home/arashamf/soft/ARM_toolchains/gcc-arm-none-eabi-10.3-2021.10/bin/../lib/gcc/arm-none-eabi/10.3.1/../../../../arm-none-eabi/lib/thumb/v7-m/nofp/libc_nano.a(lib_a-fprintf.o)
 .ARM.attributes
                0x0000000000000449       0x2d /home/arashamf/soft/ARM_toolchains/gcc-arm-none-eabi-10.3-2021.10/bin/../lib/gcc/arm-none-eabi/10.3.1/../../../../arm-none-eabi/lib/thumb/v7-m/nofp/libc_nano.a(lib_a-impure.o)
 .ARM.attributes
                0x0000000000000476       0x2d /home/arashamf/soft/ARM_toolchains/gcc-arm-none-eabi-10.3-2021.10/bin/../lib/gcc/arm-none-eabi/10.3.1/../../../../arm-none-eabi/lib/thumb/v7-m/nofp/libc_nano.a(lib_a-init.o)
 .ARM.attributes
                0x00000000000004a3       0x2d /home/arashamf/soft/ARM_toolchains/gcc-arm-none-eabi-10.3-2021.10/bin/../lib/gcc/arm-none-eabi/10.3.1/../../../../arm-none-eabi/lib/thumb/v7-m/nofp/libc_nano.a(lib_a-malloc.o)
 .ARM.attributes
                0x00000000000004d0       0x2d /home/arashamf/soft/ARM_toolchains/gcc-arm-none-eabi-10.3-2021.10/bin/../lib/gcc/arm-none-eabi/10.3.1/../../../../arm-none-eabi/lib/thumb/v7-m/nofp/libc_nano.a(lib_a-memset.o)
 .ARM.attributes
                0x00000000000004fd       0x2d /home/arashamf/soft/ARM_toolchains/gcc-arm-none-eabi-10.3-2021.10/bin/../lib/gcc/arm-none-eabi/10.3.1/../../../../arm-none-eabi/lib/thumb/v7-m/nofp/libc_nano.a(lib_a-mktime.o)
 .ARM.attributes
                0x000000000000052a       0x2d /home/arashamf/soft/ARM_toolchains/gcc-arm-none-eabi-10.3-2021.10/bin/../lib/gcc/arm-none-eabi/10.3.1/../../../../arm-none-eabi/lib/thumb/v7-m/nofp/libc_nano.a(lib_a-month_lengths.o)
 .ARM.attributes
                0x0000000000000557       0x2d /home/arashamf/soft/ARM_toolchains/gcc-arm-none-eabi-10.3-2021.10/bin/../lib/gcc/arm-none-eabi/10.3.1/../../../../arm-none-eabi/lib/thumb/v7-m/nofp/libc_nano.a(lib_a-nano-freer.o)
 .ARM.attributes
                0x0000000000000584       0x2d /home/arashamf/soft/ARM_toolchains/gcc-arm-none-eabi-10.3-2021.10/bin/../lib/gcc/arm-none-eabi/10.3.1/../../../../arm-none-eabi/lib/thumb/v7-m/nofp/libc_nano.a(lib_a-nano-mallocr.o)
 .ARM.attributes
                0x00000000000005b1       0x2d /home/arashamf/soft/ARM_toolchains/gcc-arm-none-eabi-10.3-2021.10/bin/../lib/gcc/arm-none-eabi/10.3.1/../../../../arm-none-eabi/lib/thumb/v7-m/nofp/libc_nano.a(lib_a-nano-vfprintf.o)
 .ARM.attributes
                0x00000000000005de       0x2d /home/arashamf/soft/ARM_toolchains/gcc-arm-none-eabi-10.3-2021.10/bin/../lib/gcc/arm-none-eabi/10.3.1/../../../../arm-none-eabi/lib/thumb/v7-m/nofp/libc_nano.a(lib_a-nano-vfprintf_i.o)
 .ARM.attributes
                0x000000000000060b       0x2d /home/arashamf/soft/ARM_toolchains/gcc-arm-none-eabi-10.3-2021.10/bin/../lib/gcc/arm-none-eabi/10.3.1/../../../../arm-none-eabi/lib/thumb/v7-m/nofp/libc_nano.a(lib_a-sbrkr.o)
 .ARM.attributes
                0x0000000000000638       0x2d /home/arashamf/soft/ARM_toolchains/gcc-arm-none-eabi-10.3-2021.10/bin/../lib/gcc/arm-none-eabi/10.3.1/../../../../arm-none-eabi/lib/thumb/v7-m/nofp/libc_nano.a(lib_a-snprintf.o)
 .ARM.attributes
                0x0000000000000665       0x2d /home/arashamf/soft/ARM_toolchains/gcc-arm-none-eabi-10.3-2021.10/bin/../lib/gcc/arm-none-eabi/10.3.1/../../../../arm-none-eabi/lib/thumb/v7-m/nofp/libc_nano.a(lib_a-tzcalc_limits.o)
 .ARM.attributes
                0x0000000000000692       0x2d /home/arashamf/soft/ARM_toolchains/gcc-arm-none-eabi-10.3-2021.10/bin/../lib/gcc/arm-none-eabi/10.3.1/../../../../arm-none-eabi/lib/thumb/v7-m/nofp/libc_nano.a(lib_a-tzlock.o)
 .ARM.attributes
                0x00000000000006bf       0x2d /home/arashamf/soft/ARM_toolchains/gcc-arm-none-eabi-10.3-2021.10/bin/../lib/gcc/arm-none-eabi/10.3.1/../../../../arm-none-eabi/lib/thumb/v7-m/nofp/libc_nano.a(lib_a-tzset.o)
 .ARM.attributes
                0x00000000000006ec       0x2d /home/arashamf/soft/ARM_toolchains/gcc-arm-none-eabi-10.3-2021.10/bin/../lib/gcc/arm-none-eabi/10.3.1/../../../../arm-none-eabi/lib/thumb/v7-m/nofp/libc_nano.a(lib_a-tzset_r.o)
 .ARM.attributes
                0x0000000000000719       0x2d /home/arashamf/soft/ARM_toolchains/gcc-arm-none-eabi-10.3-2021.10/bin/../lib/gcc/arm-none-eabi/10.3.1/../../../../arm-none-eabi/lib/thumb/v7-m/nofp/libc_nano.a(lib_a-tzvars.o)
 .ARM.attributes
                0x0000000000000746       0x2d /home/arashamf/soft/ARM_toolchains/gcc-arm-none-eabi-10.3-2021.10/bin/../lib/gcc/arm-none-eabi/10.3.1/../../../../arm-none-eabi/lib/thumb/v7-m/nofp/libc_nano.a(lib_a-wbuf.o)
 .ARM.attributes
                0x0000000000000773       0x2d /home/arashamf/soft/ARM_toolchains/gcc-arm-none-eabi-10.3-2021.10/bin/../lib/gcc/arm-none-eabi/10.3.1/../../../../arm-none-eabi/lib/thumb/v7-m/nofp/libc_nano.a(lib_a-wsetup.o)
 .ARM.attributes
                0x00000000000007a0       0x2d /home/arashamf/soft/ARM_toolchains/gcc-arm-none-eabi-10.3-2021.10/bin/../lib/gcc/arm-none-eabi/10.3.1/../../../../arm-none-eabi/lib/thumb/v7-m/nofp/libc_nano.a(lib_a-abort.o)
 .ARM.attributes
                0x00000000000007cd       0x2d /home/arashamf/soft/ARM_toolchains/gcc-arm-none-eabi-10.3-2021.10/bin/../lib/gcc/arm-none-eabi/10.3.1/../../../../arm-none-eabi/lib/thumb/v7-m/nofp/libc_nano.a(lib_a-div.o)
 .ARM.attributes
                0x00000000000007fa       0x2d /home/arashamf/soft/ARM_toolchains/gcc-arm-none-eabi-10.3-2021.10/bin/../lib/gcc/arm-none-eabi/10.3.1/../../../../arm-none-eabi/lib/thumb/v7-m/nofp/libc_nano.a(lib_a-fflush.o)
 .ARM.attributes
                0x0000000000000827       0x2d /home/arashamf/soft/ARM_toolchains/gcc-arm-none-eabi-10.3-2021.10/bin/../lib/gcc/arm-none-eabi/10.3.1/../../../../arm-none-eabi/lib/thumb/v7-m/nofp/libc_nano.a(lib_a-findfp.o)
 .ARM.attributes
                0x0000000000000854       0x2d /home/arashamf/soft/ARM_toolchains/gcc-arm-none-eabi-10.3-2021.10/bin/../lib/gcc/arm-none-eabi/10.3.1/../../../../arm-none-eabi/lib/thumb/v7-m/nofp/libc_nano.a(lib_a-fwalk.o)
 .ARM.attributes
                0x0000000000000881       0x2d /home/arashamf/soft/ARM_toolchains/gcc-arm-none-eabi-10.3-2021.10/bin/../lib/gcc/arm-none-eabi/10.3.1/../../../../arm-none-eabi/lib/thumb/v7-m/nofp/libc_nano.a(lib_a-getenv_r.o)
 .ARM.attributes
                0x00000000000008ae       0x2d /home/arashamf/soft/ARM_toolchains/gcc-arm-none-eabi-10.3-2021.10/bin/../lib/gcc/arm-none-eabi/10.3.1/../../../../arm-none-eabi/lib/thumb/v7-m/nofp/libc_nano.a(lib_a-gettzinfo.o)
 .ARM.attributes
                0x00000000000008db       0x2d /home/arashamf/soft/ARM_toolchains/gcc-arm-none-eabi-10.3-2021.10/bin/../lib/gcc/arm-none-eabi/10.3.1/../../../../arm-none-eabi/lib/thumb/v7-m/nofp/libc_nano.a(lib_a-lock.o)
 .ARM.attributes
                0x0000000000000908       0x2d /home/arashamf/soft/ARM_toolchains/gcc-arm-none-eabi-10.3-2021.10/bin/../lib/gcc/arm-none-eabi/10.3.1/../../../../arm-none-eabi/lib/thumb/v7-m/nofp/libc_nano.a(lib_a-makebuf.o)
 .ARM.attributes
                0x0000000000000935       0x2d /home/arashamf/soft/ARM_toolchains/gcc-arm-none-eabi-10.3-2021.10/bin/../lib/gcc/arm-none-eabi/10.3.1/../../../../arm-none-eabi/lib/thumb/v7-m/nofp/libc_nano.a(lib_a-memchr-stub.o)
 .ARM.attributes
                0x0000000000000962       0x2d /home/arashamf/soft/ARM_toolchains/gcc-arm-none-eabi-10.3-2021.10/bin/../lib/gcc/arm-none-eabi/10.3.1/../../../../arm-none-eabi/lib/thumb/v7-m/nofp/libc_nano.a(lib_a-memcpy-stub.o)
 .ARM.attributes
                0x000000000000098f       0x2d /home/arashamf/soft/ARM_toolchains/gcc-arm-none-eabi-10.3-2021.10/bin/../lib/gcc/arm-none-eabi/10.3.1/../../../../arm-none-eabi/lib/thumb/v7-m/nofp/libc_nano.a(lib_a-memmove.o)
 .ARM.attributes
                0x00000000000009bc       0x2d /home/arashamf/soft/ARM_toolchains/gcc-arm-none-eabi-10.3-2021.10/bin/../lib/gcc/arm-none-eabi/10.3.1/../../../../arm-none-eabi/lib/thumb/v7-m/nofp/libc_nano.a(lib_a-mlock.o)
 .ARM.attributes
                0x00000000000009e9       0x2d /home/arashamf/soft/ARM_toolchains/gcc-arm-none-eabi-10.3-2021.10/bin/../lib/gcc/arm-none-eabi/10.3.1/../../../../arm-none-eabi/lib/thumb/v7-m/nofp/libc_nano.a(lib_a-nano-reallocr.o)
 .ARM.attributes
                0x0000000000000a16       0x2d /home/arashamf/soft/ARM_toolchains/gcc-arm-none-eabi-10.3-2021.10/bin/../lib/gcc/arm-none-eabi/10.3.1/../../../../arm-none-eabi/lib/thumb/v7-m/nofp/libc_nano.a(lib_a-nano-svfprintf.o)
 .ARM.attributes
                0x0000000000000a43       0x2d /home/arashamf/soft/ARM_toolchains/gcc-arm-none-eabi-10.3-2021.10/bin/../lib/gcc/arm-none-eabi/10.3.1/../../../../arm-none-eabi/lib/thumb/v7-m/nofp/libc_nano.a(lib_a-reent.o)
 .ARM.attributes
                0x0000000000000a70       0x2d /home/arashamf/soft/ARM_toolchains/gcc-arm-none-eabi-10.3-2021.10/bin/../lib/gcc/arm-none-eabi/10.3.1/../../../../arm-none-eabi/lib/thumb/v7-m/nofp/libc_nano.a(lib_a-signal.o)
 .ARM.attributes
                0x0000000000000a9d       0x2d /home/arashamf/soft/ARM_toolchains/gcc-arm-none-eabi-10.3-2021.10/bin/../lib/gcc/arm-none-eabi/10.3.1/../../../../arm-none-eabi/lib/thumb/v7-m/nofp/libc_nano.a(lib_a-signalr.o)
 .ARM.attributes
                0x0000000000000aca       0x2d /home/arashamf/soft/ARM_toolchains/gcc-arm-none-eabi-10.3-2021.10/bin/../lib/gcc/arm-none-eabi/10.3.1/../../../../arm-none-eabi/lib/thumb/v7-m/nofp/libc_nano.a(lib_a-sscanf.o)
 .ARM.attributes
                0x0000000000000af7       0x2d /home/arashamf/soft/ARM_toolchains/gcc-arm-none-eabi-10.3-2021.10/bin/../lib/gcc/arm-none-eabi/10.3.1/../../../../arm-none-eabi/lib/thumb/v7-m/nofp/libc_nano.a(lib_a-stdio.o)
 .ARM.attributes
                0x0000000000000b24       0x1b /home/arashamf/soft/ARM_toolchains/gcc-arm-none-eabi-10.3-2021.10/bin/../lib/gcc/arm-none-eabi/10.3.1/../../../../arm-none-eabi/lib/thumb/v7-m/nofp/libc_nano.a(lib_a-strcmp.o)
 .ARM.attributes
                0x0000000000000b3f       0x2d /home/arashamf/soft/ARM_toolchains/gcc-arm-none-eabi-10.3-2021.10/bin/../lib/gcc/arm-none-eabi/10.3.1/../../../../arm-none-eabi/lib/thumb/v7-m/nofp/libc_nano.a(lib_a-strcpy.o)
 .ARM.attributes
                0x0000000000000b6c       0x17 /home/arashamf/soft/ARM_toolchains/gcc-arm-none-eabi-10.3-2021.10/bin/../lib/gcc/arm-none-eabi/10.3.1/../../../../arm-none-eabi/lib/thumb/v7-m/nofp/libc_nano.a(lib_a-strlen.o)
 .ARM.attributes
                0x0000000000000b83       0x2d /home/arashamf/soft/ARM_toolchains/gcc-arm-none-eabi-10.3-2021.10/bin/../lib/gcc/arm-none-eabi/10.3.1/../../../../arm-none-eabi/lib/thumb/v7-m/nofp/libc_nano.a(lib_a-strncmp.o)
 .ARM.attributes
                0x0000000000000bb0       0x2d /home/arashamf/soft/ARM_toolchains/gcc-arm-none-eabi-10.3-2021.10/bin/../lib/gcc/arm-none-eabi/10.3.1/../../../../arm-none-eabi/lib/thumb/v7-m/nofp/libc_nano.a(lib_a-strtoul.o)
 .ARM.attributes
                0x0000000000000bdd       0x2d /home/arashamf/soft/ARM_toolchains/gcc-arm-none-eabi-10.3-2021.10/bin/../lib/gcc/arm-none-eabi/10.3.1/../../../../arm-none-eabi/lib/thumb/v7-m/nofp/libc_nano.a(lib_a-writer.o)
 .ARM.attributes
                0x0000000000000c0a       0x2d /home/arashamf/soft/ARM_toolchains/gcc-arm-none-eabi-10.3-2021.10/bin/../lib/gcc/arm-none-eabi/10.3.1/../../../../arm-none-eabi/lib/thumb/v7-m/nofp/libc_nano.a(lib_a-closer.o)
 .ARM.attributes
                0x0000000000000c37       0x2d /home/arashamf/soft/ARM_toolchains/gcc-arm-none-eabi-10.3-2021.10/bin/../lib/gcc/arm-none-eabi/10.3.1/../../../../arm-none-eabi/lib/thumb/v7-m/nofp/libc_nano.a(lib_a-ctype_.o)
 .ARM.attributes
                0x0000000000000c64       0x2d /home/arashamf/soft/ARM_toolchains/gcc-arm-none-eabi-10.3-2021.10/bin/../lib/gcc/arm-none-eabi/10.3.1/../../../../arm-none-eabi/lib/thumb/v7-m/nofp/libc_nano.a(lib_a-envlock.o)
 .ARM.attributes
                0x0000000000000c91       0x2d /home/arashamf/soft/ARM_toolchains/gcc-arm-none-eabi-10.3-2021.10/bin/../lib/gcc/arm-none-eabi/10.3.1/../../../../arm-none-eabi/lib/thumb/v7-m/nofp/libc_nano.a(lib_a-fstatr.o)
 .ARM.attributes
                0x0000000000000cbe       0x2d /home/arashamf/soft/ARM_toolchains/gcc-arm-none-eabi-10.3-2021.10/bin/../lib/gcc/arm-none-eabi/10.3.1/../../../../arm-none-eabi/lib/thumb/v7-m/nofp/libc_nano.a(lib_a-isattyr.o)
 .ARM.attributes
                0x0000000000000ceb       0x2d /home/arashamf/soft/ARM_toolchains/gcc-arm-none-eabi-10.3-2021.10/bin/../lib/gcc/arm-none-eabi/10.3.1/../../../../arm-none-eabi/lib/thumb/v7-m/nofp/libc_nano.a(lib_a-lseekr.o)
 .ARM.attributes
                0x0000000000000d18       0x2d /home/arashamf/soft/ARM_toolchains/gcc-arm-none-eabi-10.3-2021.10/bin/../lib/gcc/arm-none-eabi/10.3.1/../../../../arm-none-eabi/lib/thumb/v7-m/nofp/libc_nano.a(lib_a-nano-msizer.o)
 .ARM.attributes
                0x0000000000000d45       0x2d /home/arashamf/soft/ARM_toolchains/gcc-arm-none-eabi-10.3-2021.10/bin/../lib/gcc/arm-none-eabi/10.3.1/../../../../arm-none-eabi/lib/thumb/v7-m/nofp/libc_nano.a(lib_a-nano-svfscanf.o)
 .ARM.attributes
                0x0000000000000d72       0x2d /home/arashamf/soft/ARM_toolchains/gcc-arm-none-eabi-10.3-2021.10/bin/../lib/gcc/arm-none-eabi/10.3.1/../../../../arm-none-eabi/lib/thumb/v7-m/nofp/libc_nano.a(lib_a-nano-vfscanf_i.o)
 .ARM.attributes
                0x0000000000000d9f       0x2d /home/arashamf/soft/ARM_toolchains/gcc-arm-none-eabi-10.3-2021.10/bin/../lib/gcc/arm-none-eabi/10.3.1/../../../../arm-none-eabi/lib/thumb/v7-m/nofp/libc_nano.a(lib_a-readr.o)
 .ARM.attributes
                0x0000000000000dcc       0x2d /home/arashamf/soft/ARM_toolchains/gcc-arm-none-eabi-10.3-2021.10/bin/../lib/gcc/arm-none-eabi/10.3.1/../../../../arm-none-eabi/lib/thumb/v7-m/nofp/libc_nano.a(lib_a-sccl.o)
 .ARM.attributes
                0x0000000000000df9       0x2d /home/arashamf/soft/ARM_toolchains/gcc-arm-none-eabi-10.3-2021.10/bin/../lib/gcc/arm-none-eabi/10.3.1/../../../../arm-none-eabi/lib/thumb/v7-m/nofp/libc_nano.a(lib_a-strtol.o)
 .ARM.attributes
                0x0000000000000e26       0x2d /home/arashamf/soft/ARM_toolchains/gcc-arm-none-eabi-10.3-2021.10/bin/../lib/gcc/arm-none-eabi/10.3.1/../../../../arm-none-eabi/lib/thumb/v7-m/nofp/libc_nano.a(lib_a-ungetc.o)
 .ARM.attributes
                0x0000000000000e53       0x1d /home/arashamf/soft/ARM_toolchains/gcc-arm-none-eabi-10.3-2021.10/bin/../lib/gcc/arm-none-eabi/10.3.1/thumb/v7-m/nofp/libgcc.a(_aeabi_ldivmod.o)
 .ARM.attributes
                0x0000000000000e70       0x2d /home/arashamf/soft/ARM_toolchains/gcc-arm-none-eabi-10.3-2021.10/bin/../lib/gcc/arm-none-eabi/10.3.1/thumb/v7-m/nofp/libgcc.a(_udivmoddi4.o)
 .ARM.attributes
                0x0000000000000e9d       0x1d /home/arashamf/soft/ARM_toolchains/gcc-arm-none-eabi-10.3-2021.10/bin/../lib/gcc/arm-none-eabi/10.3.1/thumb/v7-m/nofp/libgcc.a(_dvmd_tls.o)
 .ARM.attributes
                0x0000000000000eba       0x1d /home/arashamf/soft/ARM_toolchains/gcc-arm-none-eabi-10.3-2021.10/bin/../lib/gcc/arm-none-eabi/10.3.1/thumb/v7-m/nofp/crtn.o
OUTPUT(build/belt.elf elf32-littlearm)
LOAD linker stubs
LOAD /home/arashamf/soft/ARM_toolchains/gcc-arm-none-eabi-10.3-2021.10/bin/../lib/gcc/arm-none-eabi/10.3.1/../../../../arm-none-eabi/lib/thumb/v7-m/nofp/libc.a
LOAD /home/arashamf/soft/ARM_toolchains/gcc-arm-none-eabi-10.3-2021.10/bin/../lib/gcc/arm-none-eabi/10.3.1/../../../../arm-none-eabi/lib/thumb/v7-m/nofp/libm.a
LOAD /home/arashamf/soft/ARM_toolchains/gcc-arm-none-eabi-10.3-2021.10/bin/../lib/gcc/arm-none-eabi/10.3.1/thumb/v7-m/nofp/libgcc.a

.debug_info     0x0000000000000000     0xe316
 .debug_info    0x0000000000000000     0x16e6 build/time64.o
 .debug_info    0x00000000000016e6      0x79b build/ring_buffer.o
 .debug_info    0x0000000000001e81     0x1377 build/LED_display.o
 .debug_info    0x00000000000031f8      0x825 build/rtc.o
 .debug_info    0x0000000000003a1d     0x1268 build/main.o
 .debug_info    0x0000000000004c85      0x6f4 build/gpio.o
 .debug_info    0x0000000000005379     0x1276 build/i2c.o
 .debug_info    0x00000000000065ef     0x1872 build/tim.o
 .debug_info    0x0000000000007e61     0x15b6 build/usart.o
 .debug_info    0x0000000000009417      0x346 build/stm32l1xx_it.o
 .debug_info    0x000000000000975d      0x6d6 build/stm32l1xx_ll_rcc.o
 .debug_info    0x0000000000009e33      0xbf5 build/stm32l1xx_ll_utils.o
 .debug_info    0x000000000000aa28      0xb1d build/stm32l1xx_ll_gpio.o
 .debug_info    0x000000000000b545      0x750 build/stm32l1xx_ll_i2c.o
 .debug_info    0x000000000000bc95     0x1144 build/stm32l1xx_ll_tim.o
 .debug_info    0x000000000000cdd9      0x87c build/stm32l1xx_ll_usart.o
 .debug_info    0x000000000000d655      0x2e5 build/system_stm32l1xx.o
 .debug_info    0x000000000000d93a      0x185 build/sysmem.o
 .debug_info    0x000000000000dabf      0x835 build/syscalls.o
 .debug_info    0x000000000000e2f4       0x22 build/startup_stm32l151xb.o

.debug_abbrev   0x0000000000000000     0x2dcc
 .debug_abbrev  0x0000000000000000      0x2e5 build/time64.o
 .debug_abbrev  0x00000000000002e5      0x1c6 build/ring_buffer.o
 .debug_abbrev  0x00000000000004ab      0x18a build/LED_display.o
 .debug_abbrev  0x0000000000000635      0x22f build/rtc.o
 .debug_abbrev  0x0000000000000864      0x2ee build/main.o
 .debug_abbrev  0x0000000000000b52      0x1cb build/gpio.o
 .debug_abbrev  0x0000000000000d1d      0x2ea build/i2c.o
 .debug_abbrev  0x0000000000001007      0x415 build/tim.o
 .debug_abbrev  0x000000000000141c      0x4aa build/usart.o
 .debug_abbrev  0x00000000000018c6      0x165 build/stm32l1xx_it.o
 .debug_abbrev  0x0000000000001a2b      0x283 build/stm32l1xx_ll_rcc.o
 .debug_abbrev  0x0000000000001cae      0x31f build/stm32l1xx_ll_utils.o
 .debug_abbrev  0x0000000000001fcd      0x275 build/stm32l1xx_ll_gpio.o
 .debug_abbrev  0x0000000000002242      0x22f build/stm32l1xx_ll_i2c.o
 .debug_abbrev  0x0000000000002471      0x2cf build/stm32l1xx_ll_tim.o
 .debug_abbrev  0x0000000000002740      0x2b1 build/stm32l1xx_ll_usart.o
 .debug_abbrev  0x00000000000029f1      0x11b build/system_stm32l1xx.o
 .debug_abbrev  0x0000000000002b0c       0xea build/sysmem.o
 .debug_abbrev  0x0000000000002bf6      0x1c4 build/syscalls.o
 .debug_abbrev  0x0000000000002dba       0x12 build/startup_stm32l151xb.o

.debug_loc      0x0000000000000000     0x8542
 .debug_loc     0x0000000000000000     0x1c13 build/time64.o
 .debug_loc     0x0000000000001c13      0x730 build/ring_buffer.o
 .debug_loc     0x0000000000002343      0xec2 build/LED_display.o
 .debug_loc     0x0000000000003205      0x531 build/rtc.o
 .debug_loc     0x0000000000003736      0x2fd build/main.o
 .debug_loc     0x0000000000003a33       0xdf build/gpio.o
 .debug_loc     0x0000000000003b12      0x992 build/i2c.o
 .debug_loc     0x00000000000044a4      0xafd build/tim.o
 .debug_loc     0x0000000000004fa1      0x78a build/usart.o
 .debug_loc     0x000000000000572b       0x54 build/stm32l1xx_it.o
 .debug_loc     0x000000000000577f      0x1c5 build/stm32l1xx_ll_rcc.o
 .debug_loc     0x0000000000005944      0x5c0 build/stm32l1xx_ll_utils.o
 .debug_loc     0x0000000000005f04      0x6ae build/stm32l1xx_ll_gpio.o
 .debug_loc     0x00000000000065b2      0x36c build/stm32l1xx_ll_i2c.o
 .debug_loc     0x000000000000691e      0xef4 build/stm32l1xx_ll_tim.o
 .debug_loc     0x0000000000007812      0x5c5 build/stm32l1xx_ll_usart.o
 .debug_loc     0x0000000000007dd7      0x1d6 build/system_stm32l1xx.o
 .debug_loc     0x0000000000007fad       0x84 build/sysmem.o
 .debug_loc     0x0000000000008031      0x511 build/syscalls.o

.debug_aranges  0x0000000000000000      0x778
 .debug_aranges
                0x0000000000000000       0xd8 build/time64.o
 .debug_aranges
                0x00000000000000d8       0x88 build/ring_buffer.o
 .debug_aranges
                0x0000000000000160       0x90 build/LED_display.o
 .debug_aranges
                0x00000000000001f0       0x70 build/rtc.o
 .debug_aranges
                0x0000000000000260       0x38 build/main.o
 .debug_aranges
                0x0000000000000298       0x20 build/gpio.o
 .debug_aranges
                0x00000000000002b8       0x48 build/i2c.o
 .debug_aranges
                0x0000000000000300       0xa0 build/tim.o
 .debug_aranges
                0x00000000000003a0       0x68 build/usart.o
 .debug_aranges
                0x0000000000000408       0x68 build/stm32l1xx_it.o
 .debug_aranges
                0x0000000000000470       0x50 build/stm32l1xx_ll_rcc.o
 .debug_aranges
                0x00000000000004c0       0x60 build/stm32l1xx_ll_utils.o
 .debug_aranges
                0x0000000000000520       0x30 build/stm32l1xx_ll_gpio.o
 .debug_aranges
                0x0000000000000550       0x30 build/stm32l1xx_ll_i2c.o
 .debug_aranges
                0x0000000000000580       0xa0 build/stm32l1xx_ll_tim.o
 .debug_aranges
                0x0000000000000620       0x40 build/stm32l1xx_ll_usart.o
 .debug_aranges
                0x0000000000000660       0x28 build/system_stm32l1xx.o
 .debug_aranges
                0x0000000000000688       0x20 build/sysmem.o
 .debug_aranges
                0x00000000000006a8       0xa8 build/syscalls.o
 .debug_aranges
                0x0000000000000750       0x28 build/startup_stm32l151xb.o

.debug_ranges   0x0000000000000000      0x910
 .debug_ranges  0x0000000000000000       0xc8 build/time64.o
 .debug_ranges  0x00000000000000c8       0x78 build/ring_buffer.o
 .debug_ranges  0x0000000000000140       0x80 build/LED_display.o
 .debug_ranges  0x00000000000001c0       0xa8 build/rtc.o
 .debug_ranges  0x0000000000000268       0x58 build/main.o
 .debug_ranges  0x00000000000002c0       0x10 build/gpio.o
 .debug_ranges  0x00000000000002d0       0x38 build/i2c.o
 .debug_ranges  0x0000000000000308       0xa8 build/tim.o
 .debug_ranges  0x00000000000003b0       0x88 build/usart.o
 .debug_ranges  0x0000000000000438       0x58 build/stm32l1xx_it.o
 .debug_ranges  0x0000000000000490       0x40 build/stm32l1xx_ll_rcc.o
 .debug_ranges  0x00000000000004d0       0x50 build/stm32l1xx_ll_utils.o
 .debug_ranges  0x0000000000000520       0xb0 build/stm32l1xx_ll_gpio.o
 .debug_ranges  0x00000000000005d0       0x68 build/stm32l1xx_ll_i2c.o
 .debug_ranges  0x0000000000000638      0x150 build/stm32l1xx_ll_tim.o
 .debug_ranges  0x0000000000000788       0xa8 build/stm32l1xx_ll_usart.o
 .debug_ranges  0x0000000000000830       0x18 build/system_stm32l1xx.o
 .debug_ranges  0x0000000000000848       0x10 build/sysmem.o
 .debug_ranges  0x0000000000000858       0x98 build/syscalls.o
 .debug_ranges  0x00000000000008f0       0x20 build/startup_stm32l151xb.o

.debug_line     0x0000000000000000     0x7e0f
 .debug_line    0x0000000000000000      0xef8 build/time64.o
 .debug_line    0x0000000000000ef8      0x647 build/ring_buffer.o
 .debug_line    0x000000000000153f      0x952 build/LED_display.o
 .debug_line    0x0000000000001e91      0x5b8 build/rtc.o
 .debug_line    0x0000000000002449      0x6f0 build/main.o
 .debug_line    0x0000000000002b39      0x529 build/gpio.o